
> js-fullstack-template@1.0.0 test:integration
> vitest run --config vitest.config.integration.ts


 RUN  v3.2.4 /app


 ⛅️ wrangler 4.54.0 (update available 4.58.0)
─────────────────────────────────────────────
Resource location: local

Use --remote if you want to access the remote instance.

Migrations to be applied:
┌────────────────────────────────────┐
│ name                               │
├────────────────────────────────────┤
│ 0001_create_users_and_sessions.sql │
├────────────────────────────────────┤
│ 0002_create_key_value_entries.sql  │
├────────────────────────────────────┤
│ 0003_dedupe_values.sql             │
├────────────────────────────────────┤
│ 0004_multipart_blobs.sql           │
├────────────────────────────────────┤
│ 0005_create_collections.sql        │
├────────────────────────────────────┤
│ 0006_add_metadata_and_origin.sql   │
├────────────────────────────────────┤
│ 0007_unique_collection_entries.sql │
├────────────────────────────────────┤
│ 0008_create_youtube_tables.sql     │
├────────────────────────────────────┤
│ 0009_youtube_sync.sql              │
├────────────────────────────────────┤
│ 0010_youtube_optimization.sql      │
├────────────────────────────────────┤
│ 0011_youtube_video_metadata.sql    │
└────────────────────────────────────┘
? About to apply 11 migration(s)
Your database may not be available to serve requests during the migration, continue?
🤖 Using fallback value in non-interactive context: yes
🌀 Executing on local database DB (b1c3f037-ad29-4440-a670-f2cfdfdb36a3) from ../tmp/miniflare-test-U9wSXd/v3/d1:
🌀 To execute on your remote database, add a --remote flag to your wrangler command.
🚣 7 commands executed successfully.
┌────────────────────────────────────┬────────┐
│ name                               │ status │
├────────────────────────────────────┼────────┤
│ 0001_create_users_and_sessions.sql │ ✅     │
├────────────────────────────────────┼────────┤
│ 0002_create_key_value_entries.sql  │ 🕒️    │
├────────────────────────────────────┼────────┤
│ 0003_dedupe_values.sql             │ 🕒️    │
├────────────────────────────────────┼────────┤
│ 0004_multipart_blobs.sql           │ 🕒️    │
├────────────────────────────────────┼────────┤
│ 0005_create_collections.sql        │ 🕒️    │
├────────────────────────────────────┼────────┤
│ 0006_add_metadata_and_origin.sql   │ 🕒️    │
├────────────────────────────────────┼────────┤
│ 0007_unique_collection_entries.sql │ 🕒️    │
├────────────────────────────────────┼────────┤
│ 0008_create_youtube_tables.sql     │ 🕒️    │
├────────────────────────────────────┼────────┤
│ 0009_youtube_sync.sql              │ 🕒️    │
├────────────────────────────────────┼────────┤
│ 0010_youtube_optimization.sql      │ 🕒️    │
├────────────────────────────────────┼────────┤
│ 0011_youtube_video_metadata.sql    │ 🕒️    │
└────────────────────────────────────┴────────┘
🌀 Executing on local database DB (b1c3f037-ad29-4440-a670-f2cfdfdb36a3) from ../tmp/miniflare-test-U9wSXd/v3/d1:
🌀 To execute on your remote database, add a --remote flag to your wrangler command.
🚣 5 commands executed successfully.
┌────────────────────────────────────┬────────┐
│ name                               │ status │
├────────────────────────────────────┼────────┤
│ 0001_create_users_and_sessions.sql │ ✅     │
├────────────────────────────────────┼────────┤
│ 0002_create_key_value_entries.sql  │ ✅     │
├────────────────────────────────────┼────────┤
│ 0003_dedupe_values.sql             │ 🕒️    │
├────────────────────────────────────┼────────┤
│ 0004_multipart_blobs.sql           │ 🕒️    │
├────────────────────────────────────┼────────┤
│ 0005_create_collections.sql        │ 🕒️    │
├────────────────────────────────────┼────────┤
│ 0006_add_metadata_and_origin.sql   │ 🕒️    │
├────────────────────────────────────┼────────┤
│ 0007_unique_collection_entries.sql │ 🕒️    │
├────────────────────────────────────┼────────┤
│ 0008_create_youtube_tables.sql     │ 🕒️    │
├────────────────────────────────────┼────────┤
│ 0009_youtube_sync.sql              │ 🕒️    │
├────────────────────────────────────┼────────┤
│ 0010_youtube_optimization.sql      │ 🕒️    │
├────────────────────────────────────┼────────┤
│ 0011_youtube_video_metadata.sql    │ 🕒️    │
└────────────────────────────────────┴────────┘
🌀 Executing on local database DB (b1c3f037-ad29-4440-a670-f2cfdfdb36a3) from ../tmp/miniflare-test-U9wSXd/v3/d1:
🌀 To execute on your remote database, add a --remote flag to your wrangler command.
🚣 11 commands executed successfully.
┌────────────────────────────────────┬────────┐
│ name                               │ status │
├────────────────────────────────────┼────────┤
│ 0001_create_users_and_sessions.sql │ ✅     │
├────────────────────────────────────┼────────┤
│ 0002_create_key_value_entries.sql  │ ✅     │
├────────────────────────────────────┼────────┤
│ 0003_dedupe_values.sql             │ ✅     │
├────────────────────────────────────┼────────┤
│ 0004_multipart_blobs.sql           │ 🕒️    │
├────────────────────────────────────┼────────┤
│ 0005_create_collections.sql        │ 🕒️    │
├────────────────────────────────────┼────────┤
│ 0006_add_metadata_and_origin.sql   │ 🕒️    │
├────────────────────────────────────┼────────┤
│ 0007_unique_collection_entries.sql │ 🕒️    │
├────────────────────────────────────┼────────┤
│ 0008_create_youtube_tables.sql     │ 🕒️    │
├────────────────────────────────────┼────────┤
│ 0009_youtube_sync.sql              │ 🕒️    │
├────────────────────────────────────┼────────┤
│ 0010_youtube_optimization.sql      │ 🕒️    │
├────────────────────────────────────┼────────┤
│ 0011_youtube_video_metadata.sql    │ 🕒️    │
└────────────────────────────────────┴────────┘
🌀 Executing on local database DB (b1c3f037-ad29-4440-a670-f2cfdfdb36a3) from ../tmp/miniflare-test-U9wSXd/v3/d1:
🌀 To execute on your remote database, add a --remote flag to your wrangler command.
🚣 16 commands executed successfully.
┌────────────────────────────────────┬────────┐
│ name                               │ status │
├────────────────────────────────────┼────────┤
│ 0001_create_users_and_sessions.sql │ ✅     │
├────────────────────────────────────┼────────┤
│ 0002_create_key_value_entries.sql  │ ✅     │
├────────────────────────────────────┼────────┤
│ 0003_dedupe_values.sql             │ ✅     │
├────────────────────────────────────┼────────┤
│ 0004_multipart_blobs.sql           │ ✅     │
├────────────────────────────────────┼────────┤
│ 0005_create_collections.sql        │ 🕒️    │
├────────────────────────────────────┼────────┤
│ 0006_add_metadata_and_origin.sql   │ 🕒️    │
├────────────────────────────────────┼────────┤
│ 0007_unique_collection_entries.sql │ 🕒️    │
├────────────────────────────────────┼────────┤
│ 0008_create_youtube_tables.sql     │ 🕒️    │
├────────────────────────────────────┼────────┤
│ 0009_youtube_sync.sql              │ 🕒️    │
├────────────────────────────────────┼────────┤
│ 0010_youtube_optimization.sql      │ 🕒️    │
├────────────────────────────────────┼────────┤
│ 0011_youtube_video_metadata.sql    │ 🕒️    │
└────────────────────────────────────┴────────┘
🌀 Executing on local database DB (b1c3f037-ad29-4440-a670-f2cfdfdb36a3) from ../tmp/miniflare-test-U9wSXd/v3/d1:
🌀 To execute on your remote database, add a --remote flag to your wrangler command.
🚣 6 commands executed successfully.
┌────────────────────────────────────┬────────┐
│ name                               │ status │
├────────────────────────────────────┼────────┤
│ 0001_create_users_and_sessions.sql │ ✅     │
├────────────────────────────────────┼────────┤
│ 0002_create_key_value_entries.sql  │ ✅     │
├────────────────────────────────────┼────────┤
│ 0003_dedupe_values.sql             │ ✅     │
├────────────────────────────────────┼────────┤
│ 0004_multipart_blobs.sql           │ ✅     │
├────────────────────────────────────┼────────┤
│ 0005_create_collections.sql        │ ✅     │
├────────────────────────────────────┼────────┤
│ 0006_add_metadata_and_origin.sql   │ 🕒️    │
├────────────────────────────────────┼────────┤
│ 0007_unique_collection_entries.sql │ 🕒️    │
├────────────────────────────────────┼────────┤
│ 0008_create_youtube_tables.sql     │ 🕒️    │
├────────────────────────────────────┼────────┤
│ 0009_youtube_sync.sql              │ 🕒️    │
├────────────────────────────────────┼────────┤
│ 0010_youtube_optimization.sql      │ 🕒️    │
├────────────────────────────────────┼────────┤
│ 0011_youtube_video_metadata.sql    │ 🕒️    │
└────────────────────────────────────┴────────┘
🌀 Executing on local database DB (b1c3f037-ad29-4440-a670-f2cfdfdb36a3) from ../tmp/miniflare-test-U9wSXd/v3/d1:
🌀 To execute on your remote database, add a --remote flag to your wrangler command.
🚣 5 commands executed successfully.
┌────────────────────────────────────┬────────┐
│ name                               │ status │
├────────────────────────────────────┼────────┤
│ 0001_create_users_and_sessions.sql │ ✅     │
├────────────────────────────────────┼────────┤
│ 0002_create_key_value_entries.sql  │ ✅     │
├────────────────────────────────────┼────────┤
│ 0003_dedupe_values.sql             │ ✅     │
├────────────────────────────────────┼────────┤
│ 0004_multipart_blobs.sql           │ ✅     │
├────────────────────────────────────┼────────┤
│ 0005_create_collections.sql        │ ✅     │
├────────────────────────────────────┼────────┤
│ 0006_add_metadata_and_origin.sql   │ ✅     │
├────────────────────────────────────┼────────┤
│ 0007_unique_collection_entries.sql │ 🕒️    │
├────────────────────────────────────┼────────┤
│ 0008_create_youtube_tables.sql     │ 🕒️    │
├────────────────────────────────────┼────────┤
│ 0009_youtube_sync.sql              │ 🕒️    │
├────────────────────────────────────┼────────┤
│ 0010_youtube_optimization.sql      │ 🕒️    │
├────────────────────────────────────┼────────┤
│ 0011_youtube_video_metadata.sql    │ 🕒️    │
└────────────────────────────────────┴────────┘
🌀 Executing on local database DB (b1c3f037-ad29-4440-a670-f2cfdfdb36a3) from ../tmp/miniflare-test-U9wSXd/v3/d1:
🌀 To execute on your remote database, add a --remote flag to your wrangler command.
🚣 3 commands executed successfully.
┌────────────────────────────────────┬────────┐
│ name                               │ status │
├────────────────────────────────────┼────────┤
│ 0001_create_users_and_sessions.sql │ ✅     │
├────────────────────────────────────┼────────┤
│ 0002_create_key_value_entries.sql  │ ✅     │
├────────────────────────────────────┼────────┤
│ 0003_dedupe_values.sql             │ ✅     │
├────────────────────────────────────┼────────┤
│ 0004_multipart_blobs.sql           │ ✅     │
├────────────────────────────────────┼────────┤
│ 0005_create_collections.sql        │ ✅     │
├────────────────────────────────────┼────────┤
│ 0006_add_metadata_and_origin.sql   │ ✅     │
├────────────────────────────────────┼────────┤
│ 0007_unique_collection_entries.sql │ ✅     │
├────────────────────────────────────┼────────┤
│ 0008_create_youtube_tables.sql     │ 🕒️    │
├────────────────────────────────────┼────────┤
│ 0009_youtube_sync.sql              │ 🕒️    │
├────────────────────────────────────┼────────┤
│ 0010_youtube_optimization.sql      │ 🕒️    │
├────────────────────────────────────┼────────┤
│ 0011_youtube_video_metadata.sql    │ 🕒️    │
└────────────────────────────────────┴────────┘
🌀 Executing on local database DB (b1c3f037-ad29-4440-a670-f2cfdfdb36a3) from ../tmp/miniflare-test-U9wSXd/v3/d1:
🌀 To execute on your remote database, add a --remote flag to your wrangler command.
🚣 3 commands executed successfully.
┌────────────────────────────────────┬────────┐
│ name                               │ status │
├────────────────────────────────────┼────────┤
│ 0001_create_users_and_sessions.sql │ ✅     │
├────────────────────────────────────┼────────┤
│ 0002_create_key_value_entries.sql  │ ✅     │
├────────────────────────────────────┼────────┤
│ 0003_dedupe_values.sql             │ ✅     │
├────────────────────────────────────┼────────┤
│ 0004_multipart_blobs.sql           │ ✅     │
├────────────────────────────────────┼────────┤
│ 0005_create_collections.sql        │ ✅     │
├────────────────────────────────────┼────────┤
│ 0006_add_metadata_and_origin.sql   │ ✅     │
├────────────────────────────────────┼────────┤
│ 0007_unique_collection_entries.sql │ ✅     │
├────────────────────────────────────┼────────┤
│ 0008_create_youtube_tables.sql     │ ✅     │
├────────────────────────────────────┼────────┤
│ 0009_youtube_sync.sql              │ 🕒️    │
├────────────────────────────────────┼────────┤
│ 0010_youtube_optimization.sql      │ 🕒️    │
├────────────────────────────────────┼────────┤
│ 0011_youtube_video_metadata.sql    │ 🕒️    │
└────────────────────────────────────┴────────┘
🌀 Executing on local database DB (b1c3f037-ad29-4440-a670-f2cfdfdb36a3) from ../tmp/miniflare-test-U9wSXd/v3/d1:
🌀 To execute on your remote database, add a --remote flag to your wrangler command.
🚣 4 commands executed successfully.
┌────────────────────────────────────┬────────┐
│ name                               │ status │
├────────────────────────────────────┼────────┤
│ 0001_create_users_and_sessions.sql │ ✅     │
├────────────────────────────────────┼────────┤
│ 0002_create_key_value_entries.sql  │ ✅     │
├────────────────────────────────────┼────────┤
│ 0003_dedupe_values.sql             │ ✅     │
├────────────────────────────────────┼────────┤
│ 0004_multipart_blobs.sql           │ ✅     │
├────────────────────────────────────┼────────┤
│ 0005_create_collections.sql        │ ✅     │
├────────────────────────────────────┼────────┤
│ 0006_add_metadata_and_origin.sql   │ ✅     │
├────────────────────────────────────┼────────┤
│ 0007_unique_collection_entries.sql │ ✅     │
├────────────────────────────────────┼────────┤
│ 0008_create_youtube_tables.sql     │ ✅     │
├────────────────────────────────────┼────────┤
│ 0009_youtube_sync.sql              │ ✅     │
├────────────────────────────────────┼────────┤
│ 0010_youtube_optimization.sql      │ 🕒️    │
├────────────────────────────────────┼────────┤
│ 0011_youtube_video_metadata.sql    │ 🕒️    │
└────────────────────────────────────┴────────┘
🌀 Executing on local database DB (b1c3f037-ad29-4440-a670-f2cfdfdb36a3) from ../tmp/miniflare-test-U9wSXd/v3/d1:
🌀 To execute on your remote database, add a --remote flag to your wrangler command.
🚣 3 commands executed successfully.
┌────────────────────────────────────┬────────┐
│ name                               │ status │
├────────────────────────────────────┼────────┤
│ 0001_create_users_and_sessions.sql │ ✅     │
├────────────────────────────────────┼────────┤
│ 0002_create_key_value_entries.sql  │ ✅     │
├────────────────────────────────────┼────────┤
│ 0003_dedupe_values.sql             │ ✅     │
├────────────────────────────────────┼────────┤
│ 0004_multipart_blobs.sql           │ ✅     │
├────────────────────────────────────┼────────┤
│ 0005_create_collections.sql        │ ✅     │
├────────────────────────────────────┼────────┤
│ 0006_add_metadata_and_origin.sql   │ ✅     │
├────────────────────────────────────┼────────┤
│ 0007_unique_collection_entries.sql │ ✅     │
├────────────────────────────────────┼────────┤
│ 0008_create_youtube_tables.sql     │ ✅     │
├────────────────────────────────────┼────────┤
│ 0009_youtube_sync.sql              │ ✅     │
├────────────────────────────────────┼────────┤
│ 0010_youtube_optimization.sql      │ ✅     │
├────────────────────────────────────┼────────┤
│ 0011_youtube_video_metadata.sql    │ 🕒️    │
└────────────────────────────────────┴────────┘
🌀 Executing on local database DB (b1c3f037-ad29-4440-a670-f2cfdfdb36a3) from ../tmp/miniflare-test-U9wSXd/v3/d1:
🌀 To execute on your remote database, add a --remote flag to your wrangler command.
🚣 22 commands executed successfully.
┌────────────────────────────────────┬────────┐
│ name                               │ status │
├────────────────────────────────────┼────────┤
│ 0001_create_users_and_sessions.sql │ ✅     │
├────────────────────────────────────┼────────┤
│ 0002_create_key_value_entries.sql  │ ✅     │
├────────────────────────────────────┼────────┤
│ 0003_dedupe_values.sql             │ ✅     │
├────────────────────────────────────┼────────┤
│ 0004_multipart_blobs.sql           │ ✅     │
├────────────────────────────────────┼────────┤
│ 0005_create_collections.sql        │ ✅     │
├────────────────────────────────────┼────────┤
│ 0006_add_metadata_and_origin.sql   │ ✅     │
├────────────────────────────────────┼────────┤
│ 0007_unique_collection_entries.sql │ ✅     │
├────────────────────────────────────┼────────┤
│ 0008_create_youtube_tables.sql     │ ✅     │
├────────────────────────────────────┼────────┤
│ 0009_youtube_sync.sql              │ ✅     │
├────────────────────────────────────┼────────┤
│ 0010_youtube_optimization.sql      │ ✅     │
├────────────────────────────────────┼────────┤
│ 0011_youtube_video_metadata.sql    │ ✅     │
└────────────────────────────────────┴────────┘

 ⛅️ wrangler 4.54.0 (update available 4.58.0)
─────────────────────────────────────────────
Resource location: local

Use --remote if you want to access the remote instance.

Migrations to be applied:
┌────────────────────────────────────┐
│ name                               │
├────────────────────────────────────┤
│ 0001_create_users_and_sessions.sql │
├────────────────────────────────────┤
│ 0002_create_key_value_entries.sql  │
├────────────────────────────────────┤
│ 0003_dedupe_values.sql             │
├────────────────────────────────────┤
│ 0004_multipart_blobs.sql           │
├────────────────────────────────────┤
│ 0005_create_collections.sql        │
├────────────────────────────────────┤
│ 0006_add_metadata_and_origin.sql   │
├────────────────────────────────────┤
│ 0007_unique_collection_entries.sql │
├────────────────────────────────────┤
│ 0008_create_youtube_tables.sql     │
├────────────────────────────────────┤
│ 0009_youtube_sync.sql              │
├────────────────────────────────────┤
│ 0010_youtube_optimization.sql      │
├────────────────────────────────────┤
│ 0011_youtube_video_metadata.sql    │
└────────────────────────────────────┘
? About to apply 11 migration(s)
Your database may not be available to serve requests during the migration, continue?
🤖 Using fallback value in non-interactive context: yes
🌀 Executing on local database DB (b1c3f037-ad29-4440-a670-f2cfdfdb36a3) from ../tmp/miniflare-test-JSfpJv/v3/d1:
🌀 To execute on your remote database, add a --remote flag to your wrangler command.
🚣 7 commands executed successfully.
┌────────────────────────────────────┬────────┐
│ name                               │ status │
├────────────────────────────────────┼────────┤
│ 0001_create_users_and_sessions.sql │ ✅     │
├────────────────────────────────────┼────────┤
│ 0002_create_key_value_entries.sql  │ 🕒️    │
├────────────────────────────────────┼────────┤
│ 0003_dedupe_values.sql             │ 🕒️    │
├────────────────────────────────────┼────────┤
│ 0004_multipart_blobs.sql           │ 🕒️    │
├────────────────────────────────────┼────────┤
│ 0005_create_collections.sql        │ 🕒️    │
├────────────────────────────────────┼────────┤
│ 0006_add_metadata_and_origin.sql   │ 🕒️    │
├────────────────────────────────────┼────────┤
│ 0007_unique_collection_entries.sql │ 🕒️    │
├────────────────────────────────────┼────────┤
│ 0008_create_youtube_tables.sql     │ 🕒️    │
├────────────────────────────────────┼────────┤
│ 0009_youtube_sync.sql              │ 🕒️    │
├────────────────────────────────────┼────────┤
│ 0010_youtube_optimization.sql      │ 🕒️    │
├────────────────────────────────────┼────────┤
│ 0011_youtube_video_metadata.sql    │ 🕒️    │
└────────────────────────────────────┴────────┘
🌀 Executing on local database DB (b1c3f037-ad29-4440-a670-f2cfdfdb36a3) from ../tmp/miniflare-test-JSfpJv/v3/d1:
🌀 To execute on your remote database, add a --remote flag to your wrangler command.
🚣 5 commands executed successfully.
┌────────────────────────────────────┬────────┐
│ name                               │ status │
├────────────────────────────────────┼────────┤
│ 0001_create_users_and_sessions.sql │ ✅     │
├────────────────────────────────────┼────────┤
│ 0002_create_key_value_entries.sql  │ ✅     │
├────────────────────────────────────┼────────┤
│ 0003_dedupe_values.sql             │ 🕒️    │
├────────────────────────────────────┼────────┤
│ 0004_multipart_blobs.sql           │ 🕒️    │
├────────────────────────────────────┼────────┤
│ 0005_create_collections.sql        │ 🕒️    │
├────────────────────────────────────┼────────┤
│ 0006_add_metadata_and_origin.sql   │ 🕒️    │
├────────────────────────────────────┼────────┤
│ 0007_unique_collection_entries.sql │ 🕒️    │
├────────────────────────────────────┼────────┤
│ 0008_create_youtube_tables.sql     │ 🕒️    │
├────────────────────────────────────┼────────┤
│ 0009_youtube_sync.sql              │ 🕒️    │
├────────────────────────────────────┼────────┤
│ 0010_youtube_optimization.sql      │ 🕒️    │
├────────────────────────────────────┼────────┤
│ 0011_youtube_video_metadata.sql    │ 🕒️    │
└────────────────────────────────────┴────────┘
🌀 Executing on local database DB (b1c3f037-ad29-4440-a670-f2cfdfdb36a3) from ../tmp/miniflare-test-JSfpJv/v3/d1:
🌀 To execute on your remote database, add a --remote flag to your wrangler command.
🚣 11 commands executed successfully.
┌────────────────────────────────────┬────────┐
│ name                               │ status │
├────────────────────────────────────┼────────┤
│ 0001_create_users_and_sessions.sql │ ✅     │
├────────────────────────────────────┼────────┤
│ 0002_create_key_value_entries.sql  │ ✅     │
├────────────────────────────────────┼────────┤
│ 0003_dedupe_values.sql             │ ✅     │
├────────────────────────────────────┼────────┤
│ 0004_multipart_blobs.sql           │ 🕒️    │
├────────────────────────────────────┼────────┤
│ 0005_create_collections.sql        │ 🕒️    │
├────────────────────────────────────┼────────┤
│ 0006_add_metadata_and_origin.sql   │ 🕒️    │
├────────────────────────────────────┼────────┤
│ 0007_unique_collection_entries.sql │ 🕒️    │
├────────────────────────────────────┼────────┤
│ 0008_create_youtube_tables.sql     │ 🕒️    │
├────────────────────────────────────┼────────┤
│ 0009_youtube_sync.sql              │ 🕒️    │
├────────────────────────────────────┼────────┤
│ 0010_youtube_optimization.sql      │ 🕒️    │
├────────────────────────────────────┼────────┤
│ 0011_youtube_video_metadata.sql    │ 🕒️    │
└────────────────────────────────────┴────────┘
🌀 Executing on local database DB (b1c3f037-ad29-4440-a670-f2cfdfdb36a3) from ../tmp/miniflare-test-JSfpJv/v3/d1:
🌀 To execute on your remote database, add a --remote flag to your wrangler command.
🚣 16 commands executed successfully.
┌────────────────────────────────────┬────────┐
│ name                               │ status │
├────────────────────────────────────┼────────┤
│ 0001_create_users_and_sessions.sql │ ✅     │
├────────────────────────────────────┼────────┤
│ 0002_create_key_value_entries.sql  │ ✅     │
├────────────────────────────────────┼────────┤
│ 0003_dedupe_values.sql             │ ✅     │
├────────────────────────────────────┼────────┤
│ 0004_multipart_blobs.sql           │ ✅     │
├────────────────────────────────────┼────────┤
│ 0005_create_collections.sql        │ 🕒️    │
├────────────────────────────────────┼────────┤
│ 0006_add_metadata_and_origin.sql   │ 🕒️    │
├────────────────────────────────────┼────────┤
│ 0007_unique_collection_entries.sql │ 🕒️    │
├────────────────────────────────────┼────────┤
│ 0008_create_youtube_tables.sql     │ 🕒️    │
├────────────────────────────────────┼────────┤
│ 0009_youtube_sync.sql              │ 🕒️    │
├────────────────────────────────────┼────────┤
│ 0010_youtube_optimization.sql      │ 🕒️    │
├────────────────────────────────────┼────────┤
│ 0011_youtube_video_metadata.sql    │ 🕒️    │
└────────────────────────────────────┴────────┘
🌀 Executing on local database DB (b1c3f037-ad29-4440-a670-f2cfdfdb36a3) from ../tmp/miniflare-test-JSfpJv/v3/d1:
🌀 To execute on your remote database, add a --remote flag to your wrangler command.
🚣 6 commands executed successfully.
┌────────────────────────────────────┬────────┐
│ name                               │ status │
├────────────────────────────────────┼────────┤
│ 0001_create_users_and_sessions.sql │ ✅     │
├────────────────────────────────────┼────────┤
│ 0002_create_key_value_entries.sql  │ ✅     │
├────────────────────────────────────┼────────┤
│ 0003_dedupe_values.sql             │ ✅     │
├────────────────────────────────────┼────────┤
│ 0004_multipart_blobs.sql           │ ✅     │
├────────────────────────────────────┼────────┤
│ 0005_create_collections.sql        │ ✅     │
├────────────────────────────────────┼────────┤
│ 0006_add_metadata_and_origin.sql   │ 🕒️    │
├────────────────────────────────────┼────────┤
│ 0007_unique_collection_entries.sql │ 🕒️    │
├────────────────────────────────────┼────────┤
│ 0008_create_youtube_tables.sql     │ 🕒️    │
├────────────────────────────────────┼────────┤
│ 0009_youtube_sync.sql              │ 🕒️    │
├────────────────────────────────────┼────────┤
│ 0010_youtube_optimization.sql      │ 🕒️    │
├────────────────────────────────────┼────────┤
│ 0011_youtube_video_metadata.sql    │ 🕒️    │
└────────────────────────────────────┴────────┘
🌀 Executing on local database DB (b1c3f037-ad29-4440-a670-f2cfdfdb36a3) from ../tmp/miniflare-test-JSfpJv/v3/d1:
🌀 To execute on your remote database, add a --remote flag to your wrangler command.
🚣 5 commands executed successfully.
┌────────────────────────────────────┬────────┐
│ name                               │ status │
├────────────────────────────────────┼────────┤
│ 0001_create_users_and_sessions.sql │ ✅     │
├────────────────────────────────────┼────────┤
│ 0002_create_key_value_entries.sql  │ ✅     │
├────────────────────────────────────┼────────┤
│ 0003_dedupe_values.sql             │ ✅     │
├────────────────────────────────────┼────────┤
│ 0004_multipart_blobs.sql           │ ✅     │
├────────────────────────────────────┼────────┤
│ 0005_create_collections.sql        │ ✅     │
├────────────────────────────────────┼────────┤
│ 0006_add_metadata_and_origin.sql   │ ✅     │
├────────────────────────────────────┼────────┤
│ 0007_unique_collection_entries.sql │ 🕒️    │
├────────────────────────────────────┼────────┤
│ 0008_create_youtube_tables.sql     │ 🕒️    │
├────────────────────────────────────┼────────┤
│ 0009_youtube_sync.sql              │ 🕒️    │
├────────────────────────────────────┼────────┤
│ 0010_youtube_optimization.sql      │ 🕒️    │
├────────────────────────────────────┼────────┤
│ 0011_youtube_video_metadata.sql    │ 🕒️    │
└────────────────────────────────────┴────────┘
🌀 Executing on local database DB (b1c3f037-ad29-4440-a670-f2cfdfdb36a3) from ../tmp/miniflare-test-JSfpJv/v3/d1:
🌀 To execute on your remote database, add a --remote flag to your wrangler command.
🚣 3 commands executed successfully.
┌────────────────────────────────────┬────────┐
│ name                               │ status │
├────────────────────────────────────┼────────┤
│ 0001_create_users_and_sessions.sql │ ✅     │
├────────────────────────────────────┼────────┤
│ 0002_create_key_value_entries.sql  │ ✅     │
├────────────────────────────────────┼────────┤
│ 0003_dedupe_values.sql             │ ✅     │
├────────────────────────────────────┼────────┤
│ 0004_multipart_blobs.sql           │ ✅     │
├────────────────────────────────────┼────────┤
│ 0005_create_collections.sql        │ ✅     │
├────────────────────────────────────┼────────┤
│ 0006_add_metadata_and_origin.sql   │ ✅     │
├────────────────────────────────────┼────────┤
│ 0007_unique_collection_entries.sql │ ✅     │
├────────────────────────────────────┼────────┤
│ 0008_create_youtube_tables.sql     │ 🕒️    │
├────────────────────────────────────┼────────┤
│ 0009_youtube_sync.sql              │ 🕒️    │
├────────────────────────────────────┼────────┤
│ 0010_youtube_optimization.sql      │ 🕒️    │
├────────────────────────────────────┼────────┤
│ 0011_youtube_video_metadata.sql    │ 🕒️    │
└────────────────────────────────────┴────────┘
🌀 Executing on local database DB (b1c3f037-ad29-4440-a670-f2cfdfdb36a3) from ../tmp/miniflare-test-JSfpJv/v3/d1:
🌀 To execute on your remote database, add a --remote flag to your wrangler command.
🚣 3 commands executed successfully.
┌────────────────────────────────────┬────────┐
│ name                               │ status │
├────────────────────────────────────┼────────┤
│ 0001_create_users_and_sessions.sql │ ✅     │
├────────────────────────────────────┼────────┤
│ 0002_create_key_value_entries.sql  │ ✅     │
├────────────────────────────────────┼────────┤
│ 0003_dedupe_values.sql             │ ✅     │
├────────────────────────────────────┼────────┤
│ 0004_multipart_blobs.sql           │ ✅     │
├────────────────────────────────────┼────────┤
│ 0005_create_collections.sql        │ ✅     │
├────────────────────────────────────┼────────┤
│ 0006_add_metadata_and_origin.sql   │ ✅     │
├────────────────────────────────────┼────────┤
│ 0007_unique_collection_entries.sql │ ✅     │
├────────────────────────────────────┼────────┤
│ 0008_create_youtube_tables.sql     │ ✅     │
├────────────────────────────────────┼────────┤
│ 0009_youtube_sync.sql              │ 🕒️    │
├────────────────────────────────────┼────────┤
│ 0010_youtube_optimization.sql      │ 🕒️    │
├────────────────────────────────────┼────────┤
│ 0011_youtube_video_metadata.sql    │ 🕒️    │
└────────────────────────────────────┴────────┘
🌀 Executing on local database DB (b1c3f037-ad29-4440-a670-f2cfdfdb36a3) from ../tmp/miniflare-test-JSfpJv/v3/d1:
🌀 To execute on your remote database, add a --remote flag to your wrangler command.
🚣 4 commands executed successfully.
┌────────────────────────────────────┬────────┐
│ name                               │ status │
├────────────────────────────────────┼────────┤
│ 0001_create_users_and_sessions.sql │ ✅     │
├────────────────────────────────────┼────────┤
│ 0002_create_key_value_entries.sql  │ ✅     │
├────────────────────────────────────┼────────┤
│ 0003_dedupe_values.sql             │ ✅     │
├────────────────────────────────────┼────────┤
│ 0004_multipart_blobs.sql           │ ✅     │
├────────────────────────────────────┼────────┤
│ 0005_create_collections.sql        │ ✅     │
├────────────────────────────────────┼────────┤
│ 0006_add_metadata_and_origin.sql   │ ✅     │
├────────────────────────────────────┼────────┤
│ 0007_unique_collection_entries.sql │ ✅     │
├────────────────────────────────────┼────────┤
│ 0008_create_youtube_tables.sql     │ ✅     │
├────────────────────────────────────┼────────┤
│ 0009_youtube_sync.sql              │ ✅     │
├────────────────────────────────────┼────────┤
│ 0010_youtube_optimization.sql      │ 🕒️    │
├────────────────────────────────────┼────────┤
│ 0011_youtube_video_metadata.sql    │ 🕒️    │
└────────────────────────────────────┴────────┘
🌀 Executing on local database DB (b1c3f037-ad29-4440-a670-f2cfdfdb36a3) from ../tmp/miniflare-test-JSfpJv/v3/d1:
🌀 To execute on your remote database, add a --remote flag to your wrangler command.
🚣 3 commands executed successfully.
┌────────────────────────────────────┬────────┐
│ name                               │ status │
├────────────────────────────────────┼────────┤
│ 0001_create_users_and_sessions.sql │ ✅     │
├────────────────────────────────────┼────────┤
│ 0002_create_key_value_entries.sql  │ ✅     │
├────────────────────────────────────┼────────┤
│ 0003_dedupe_values.sql             │ ✅     │
├────────────────────────────────────┼────────┤
│ 0004_multipart_blobs.sql           │ ✅     │
├────────────────────────────────────┼────────┤
│ 0005_create_collections.sql        │ ✅     │
├────────────────────────────────────┼────────┤
│ 0006_add_metadata_and_origin.sql   │ ✅     │
├────────────────────────────────────┼────────┤
│ 0007_unique_collection_entries.sql │ ✅     │
├────────────────────────────────────┼────────┤
│ 0008_create_youtube_tables.sql     │ ✅     │
├────────────────────────────────────┼────────┤
│ 0009_youtube_sync.sql              │ ✅     │
├────────────────────────────────────┼────────┤
│ 0010_youtube_optimization.sql      │ ✅     │
├────────────────────────────────────┼────────┤
│ 0011_youtube_video_metadata.sql    │ 🕒️    │
└────────────────────────────────────┴────────┘
🌀 Executing on local database DB (b1c3f037-ad29-4440-a670-f2cfdfdb36a3) from ../tmp/miniflare-test-JSfpJv/v3/d1:
🌀 To execute on your remote database, add a --remote flag to your wrangler command.
🚣 22 commands executed successfully.
┌────────────────────────────────────┬────────┐
│ name                               │ status │
├────────────────────────────────────┼────────┤
│ 0001_create_users_and_sessions.sql │ ✅     │
├────────────────────────────────────┼────────┤
│ 0002_create_key_value_entries.sql  │ ✅     │
├────────────────────────────────────┼────────┤
│ 0003_dedupe_values.sql             │ ✅     │
├────────────────────────────────────┼────────┤
│ 0004_multipart_blobs.sql           │ ✅     │
├────────────────────────────────────┼────────┤
│ 0005_create_collections.sql        │ ✅     │
├────────────────────────────────────┼────────┤
│ 0006_add_metadata_and_origin.sql   │ ✅     │
├────────────────────────────────────┼────────┤
│ 0007_unique_collection_entries.sql │ ✅     │
├────────────────────────────────────┼────────┤
│ 0008_create_youtube_tables.sql     │ ✅     │
├────────────────────────────────────┼────────┤
│ 0009_youtube_sync.sql              │ ✅     │
├────────────────────────────────────┼────────┤
│ 0010_youtube_optimization.sql      │ ✅     │
├────────────────────────────────────┼────────┤
│ 0011_youtube_video_metadata.sql    │ ✅     │
└────────────────────────────────────┴────────┘

 ⛅️ wrangler 4.54.0 (update available 4.58.0)
─────────────────────────────────────────────
Resource location: local

Use --remote if you want to access the remote instance.

Migrations to be applied:
┌────────────────────────────────────┐
│ name                               │
├────────────────────────────────────┤
│ 0001_create_users_and_sessions.sql │
├────────────────────────────────────┤
│ 0002_create_key_value_entries.sql  │
├────────────────────────────────────┤
│ 0003_dedupe_values.sql             │
├────────────────────────────────────┤
│ 0004_multipart_blobs.sql           │
├────────────────────────────────────┤
│ 0005_create_collections.sql        │
├────────────────────────────────────┤
│ 0006_add_metadata_and_origin.sql   │
├────────────────────────────────────┤
│ 0007_unique_collection_entries.sql │
├────────────────────────────────────┤
│ 0008_create_youtube_tables.sql     │
├────────────────────────────────────┤
│ 0009_youtube_sync.sql              │
├────────────────────────────────────┤
│ 0010_youtube_optimization.sql      │
├────────────────────────────────────┤
│ 0011_youtube_video_metadata.sql    │
└────────────────────────────────────┘
? About to apply 11 migration(s)
Your database may not be available to serve requests during the migration, continue?
🤖 Using fallback value in non-interactive context: yes
🌀 Executing on local database DB (b1c3f037-ad29-4440-a670-f2cfdfdb36a3) from ../tmp/miniflare-test-aYp4E9/v3/d1:
🌀 To execute on your remote database, add a --remote flag to your wrangler command.
🚣 7 commands executed successfully.
┌────────────────────────────────────┬────────┐
│ name                               │ status │
├────────────────────────────────────┼────────┤
│ 0001_create_users_and_sessions.sql │ ✅     │
├────────────────────────────────────┼────────┤
│ 0002_create_key_value_entries.sql  │ 🕒️    │
├────────────────────────────────────┼────────┤
│ 0003_dedupe_values.sql             │ 🕒️    │
├────────────────────────────────────┼────────┤
│ 0004_multipart_blobs.sql           │ 🕒️    │
├────────────────────────────────────┼────────┤
│ 0005_create_collections.sql        │ 🕒️    │
├────────────────────────────────────┼────────┤
│ 0006_add_metadata_and_origin.sql   │ 🕒️    │
├────────────────────────────────────┼────────┤
│ 0007_unique_collection_entries.sql │ 🕒️    │
├────────────────────────────────────┼────────┤
│ 0008_create_youtube_tables.sql     │ 🕒️    │
├────────────────────────────────────┼────────┤
│ 0009_youtube_sync.sql              │ 🕒️    │
├────────────────────────────────────┼────────┤
│ 0010_youtube_optimization.sql      │ 🕒️    │
├────────────────────────────────────┼────────┤
│ 0011_youtube_video_metadata.sql    │ 🕒️    │
└────────────────────────────────────┴────────┘
🌀 Executing on local database DB (b1c3f037-ad29-4440-a670-f2cfdfdb36a3) from ../tmp/miniflare-test-aYp4E9/v3/d1:
🌀 To execute on your remote database, add a --remote flag to your wrangler command.
🚣 5 commands executed successfully.
┌────────────────────────────────────┬────────┐
│ name                               │ status │
├────────────────────────────────────┼────────┤
│ 0001_create_users_and_sessions.sql │ ✅     │
├────────────────────────────────────┼────────┤
│ 0002_create_key_value_entries.sql  │ ✅     │
├────────────────────────────────────┼────────┤
│ 0003_dedupe_values.sql             │ 🕒️    │
├────────────────────────────────────┼────────┤
│ 0004_multipart_blobs.sql           │ 🕒️    │
├────────────────────────────────────┼────────┤
│ 0005_create_collections.sql        │ 🕒️    │
├────────────────────────────────────┼────────┤
│ 0006_add_metadata_and_origin.sql   │ 🕒️    │
├────────────────────────────────────┼────────┤
│ 0007_unique_collection_entries.sql │ 🕒️    │
├────────────────────────────────────┼────────┤
│ 0008_create_youtube_tables.sql     │ 🕒️    │
├────────────────────────────────────┼────────┤
│ 0009_youtube_sync.sql              │ 🕒️    │
├────────────────────────────────────┼────────┤
│ 0010_youtube_optimization.sql      │ 🕒️    │
├────────────────────────────────────┼────────┤
│ 0011_youtube_video_metadata.sql    │ 🕒️    │
└────────────────────────────────────┴────────┘
🌀 Executing on local database DB (b1c3f037-ad29-4440-a670-f2cfdfdb36a3) from ../tmp/miniflare-test-aYp4E9/v3/d1:
🌀 To execute on your remote database, add a --remote flag to your wrangler command.
🚣 11 commands executed successfully.
┌────────────────────────────────────┬────────┐
│ name                               │ status │
├────────────────────────────────────┼────────┤
│ 0001_create_users_and_sessions.sql │ ✅     │
├────────────────────────────────────┼────────┤
│ 0002_create_key_value_entries.sql  │ ✅     │
├────────────────────────────────────┼────────┤
│ 0003_dedupe_values.sql             │ ✅     │
├────────────────────────────────────┼────────┤
│ 0004_multipart_blobs.sql           │ 🕒️    │
├────────────────────────────────────┼────────┤
│ 0005_create_collections.sql        │ 🕒️    │
├────────────────────────────────────┼────────┤
│ 0006_add_metadata_and_origin.sql   │ 🕒️    │
├────────────────────────────────────┼────────┤
│ 0007_unique_collection_entries.sql │ 🕒️    │
├────────────────────────────────────┼────────┤
│ 0008_create_youtube_tables.sql     │ 🕒️    │
├────────────────────────────────────┼────────┤
│ 0009_youtube_sync.sql              │ 🕒️    │
├────────────────────────────────────┼────────┤
│ 0010_youtube_optimization.sql      │ 🕒️    │
├────────────────────────────────────┼────────┤
│ 0011_youtube_video_metadata.sql    │ 🕒️    │
└────────────────────────────────────┴────────┘
🌀 Executing on local database DB (b1c3f037-ad29-4440-a670-f2cfdfdb36a3) from ../tmp/miniflare-test-aYp4E9/v3/d1:
🌀 To execute on your remote database, add a --remote flag to your wrangler command.
🚣 16 commands executed successfully.
┌────────────────────────────────────┬────────┐
│ name                               │ status │
├────────────────────────────────────┼────────┤
│ 0001_create_users_and_sessions.sql │ ✅     │
├────────────────────────────────────┼────────┤
│ 0002_create_key_value_entries.sql  │ ✅     │
├────────────────────────────────────┼────────┤
│ 0003_dedupe_values.sql             │ ✅     │
├────────────────────────────────────┼────────┤
│ 0004_multipart_blobs.sql           │ ✅     │
├────────────────────────────────────┼────────┤
│ 0005_create_collections.sql        │ 🕒️    │
├────────────────────────────────────┼────────┤
│ 0006_add_metadata_and_origin.sql   │ 🕒️    │
├────────────────────────────────────┼────────┤
│ 0007_unique_collection_entries.sql │ 🕒️    │
├────────────────────────────────────┼────────┤
│ 0008_create_youtube_tables.sql     │ 🕒️    │
├────────────────────────────────────┼────────┤
│ 0009_youtube_sync.sql              │ 🕒️    │
├────────────────────────────────────┼────────┤
│ 0010_youtube_optimization.sql      │ 🕒️    │
├────────────────────────────────────┼────────┤
│ 0011_youtube_video_metadata.sql    │ 🕒️    │
└────────────────────────────────────┴────────┘
🌀 Executing on local database DB (b1c3f037-ad29-4440-a670-f2cfdfdb36a3) from ../tmp/miniflare-test-aYp4E9/v3/d1:
🌀 To execute on your remote database, add a --remote flag to your wrangler command.
🚣 6 commands executed successfully.
┌────────────────────────────────────┬────────┐
│ name                               │ status │
├────────────────────────────────────┼────────┤
│ 0001_create_users_and_sessions.sql │ ✅     │
├────────────────────────────────────┼────────┤
│ 0002_create_key_value_entries.sql  │ ✅     │
├────────────────────────────────────┼────────┤
│ 0003_dedupe_values.sql             │ ✅     │
├────────────────────────────────────┼────────┤
│ 0004_multipart_blobs.sql           │ ✅     │
├────────────────────────────────────┼────────┤
│ 0005_create_collections.sql        │ ✅     │
├────────────────────────────────────┼────────┤
│ 0006_add_metadata_and_origin.sql   │ 🕒️    │
├────────────────────────────────────┼────────┤
│ 0007_unique_collection_entries.sql │ 🕒️    │
├────────────────────────────────────┼────────┤
│ 0008_create_youtube_tables.sql     │ 🕒️    │
├────────────────────────────────────┼────────┤
│ 0009_youtube_sync.sql              │ 🕒️    │
├────────────────────────────────────┼────────┤
│ 0010_youtube_optimization.sql      │ 🕒️    │
├────────────────────────────────────┼────────┤
│ 0011_youtube_video_metadata.sql    │ 🕒️    │
└────────────────────────────────────┴────────┘
🌀 Executing on local database DB (b1c3f037-ad29-4440-a670-f2cfdfdb36a3) from ../tmp/miniflare-test-aYp4E9/v3/d1:
🌀 To execute on your remote database, add a --remote flag to your wrangler command.
🚣 5 commands executed successfully.
┌────────────────────────────────────┬────────┐
│ name                               │ status │
├────────────────────────────────────┼────────┤
│ 0001_create_users_and_sessions.sql │ ✅     │
├────────────────────────────────────┼────────┤
│ 0002_create_key_value_entries.sql  │ ✅     │
├────────────────────────────────────┼────────┤
│ 0003_dedupe_values.sql             │ ✅     │
├────────────────────────────────────┼────────┤
│ 0004_multipart_blobs.sql           │ ✅     │
├────────────────────────────────────┼────────┤
│ 0005_create_collections.sql        │ ✅     │
├────────────────────────────────────┼────────┤
│ 0006_add_metadata_and_origin.sql   │ ✅     │
├────────────────────────────────────┼────────┤
│ 0007_unique_collection_entries.sql │ 🕒️    │
├────────────────────────────────────┼────────┤
│ 0008_create_youtube_tables.sql     │ 🕒️    │
├────────────────────────────────────┼────────┤
│ 0009_youtube_sync.sql              │ 🕒️    │
├────────────────────────────────────┼────────┤
│ 0010_youtube_optimization.sql      │ 🕒️    │
├────────────────────────────────────┼────────┤
│ 0011_youtube_video_metadata.sql    │ 🕒️    │
└────────────────────────────────────┴────────┘
🌀 Executing on local database DB (b1c3f037-ad29-4440-a670-f2cfdfdb36a3) from ../tmp/miniflare-test-aYp4E9/v3/d1:
🌀 To execute on your remote database, add a --remote flag to your wrangler command.
🚣 3 commands executed successfully.
┌────────────────────────────────────┬────────┐
│ name                               │ status │
├────────────────────────────────────┼────────┤
│ 0001_create_users_and_sessions.sql │ ✅     │
├────────────────────────────────────┼────────┤
│ 0002_create_key_value_entries.sql  │ ✅     │
├────────────────────────────────────┼────────┤
│ 0003_dedupe_values.sql             │ ✅     │
├────────────────────────────────────┼────────┤
│ 0004_multipart_blobs.sql           │ ✅     │
├────────────────────────────────────┼────────┤
│ 0005_create_collections.sql        │ ✅     │
├────────────────────────────────────┼────────┤
│ 0006_add_metadata_and_origin.sql   │ ✅     │
├────────────────────────────────────┼────────┤
│ 0007_unique_collection_entries.sql │ ✅     │
├────────────────────────────────────┼────────┤
│ 0008_create_youtube_tables.sql     │ 🕒️    │
├────────────────────────────────────┼────────┤
│ 0009_youtube_sync.sql              │ 🕒️    │
├────────────────────────────────────┼────────┤
│ 0010_youtube_optimization.sql      │ 🕒️    │
├────────────────────────────────────┼────────┤
│ 0011_youtube_video_metadata.sql    │ 🕒️    │
└────────────────────────────────────┴────────┘
🌀 Executing on local database DB (b1c3f037-ad29-4440-a670-f2cfdfdb36a3) from ../tmp/miniflare-test-aYp4E9/v3/d1:
🌀 To execute on your remote database, add a --remote flag to your wrangler command.
🚣 3 commands executed successfully.
┌────────────────────────────────────┬────────┐
│ name                               │ status │
├────────────────────────────────────┼────────┤
│ 0001_create_users_and_sessions.sql │ ✅     │
├────────────────────────────────────┼────────┤
│ 0002_create_key_value_entries.sql  │ ✅     │
├────────────────────────────────────┼────────┤
│ 0003_dedupe_values.sql             │ ✅     │
├────────────────────────────────────┼────────┤
│ 0004_multipart_blobs.sql           │ ✅     │
├────────────────────────────────────┼────────┤
│ 0005_create_collections.sql        │ ✅     │
├────────────────────────────────────┼────────┤
│ 0006_add_metadata_and_origin.sql   │ ✅     │
├────────────────────────────────────┼────────┤
│ 0007_unique_collection_entries.sql │ ✅     │
├────────────────────────────────────┼────────┤
│ 0008_create_youtube_tables.sql     │ ✅     │
├────────────────────────────────────┼────────┤
│ 0009_youtube_sync.sql              │ 🕒️    │
├────────────────────────────────────┼────────┤
│ 0010_youtube_optimization.sql      │ 🕒️    │
├────────────────────────────────────┼────────┤
│ 0011_youtube_video_metadata.sql    │ 🕒️    │
└────────────────────────────────────┴────────┘
🌀 Executing on local database DB (b1c3f037-ad29-4440-a670-f2cfdfdb36a3) from ../tmp/miniflare-test-aYp4E9/v3/d1:
🌀 To execute on your remote database, add a --remote flag to your wrangler command.
🚣 4 commands executed successfully.
┌────────────────────────────────────┬────────┐
│ name                               │ status │
├────────────────────────────────────┼────────┤
│ 0001_create_users_and_sessions.sql │ ✅     │
├────────────────────────────────────┼────────┤
│ 0002_create_key_value_entries.sql  │ ✅     │
├────────────────────────────────────┼────────┤
│ 0003_dedupe_values.sql             │ ✅     │
├────────────────────────────────────┼────────┤
│ 0004_multipart_blobs.sql           │ ✅     │
├────────────────────────────────────┼────────┤
│ 0005_create_collections.sql        │ ✅     │
├────────────────────────────────────┼────────┤
│ 0006_add_metadata_and_origin.sql   │ ✅     │
├────────────────────────────────────┼────────┤
│ 0007_unique_collection_entries.sql │ ✅     │
├────────────────────────────────────┼────────┤
│ 0008_create_youtube_tables.sql     │ ✅     │
├────────────────────────────────────┼────────┤
│ 0009_youtube_sync.sql              │ ✅     │
├────────────────────────────────────┼────────┤
│ 0010_youtube_optimization.sql      │ 🕒️    │
├────────────────────────────────────┼────────┤
│ 0011_youtube_video_metadata.sql    │ 🕒️    │
└────────────────────────────────────┴────────┘
🌀 Executing on local database DB (b1c3f037-ad29-4440-a670-f2cfdfdb36a3) from ../tmp/miniflare-test-aYp4E9/v3/d1:
🌀 To execute on your remote database, add a --remote flag to your wrangler command.
🚣 3 commands executed successfully.
┌────────────────────────────────────┬────────┐
│ name                               │ status │
├────────────────────────────────────┼────────┤
│ 0001_create_users_and_sessions.sql │ ✅     │
├────────────────────────────────────┼────────┤
│ 0002_create_key_value_entries.sql  │ ✅     │
├────────────────────────────────────┼────────┤
│ 0003_dedupe_values.sql             │ ✅     │
├────────────────────────────────────┼────────┤
│ 0004_multipart_blobs.sql           │ ✅     │
├────────────────────────────────────┼────────┤
│ 0005_create_collections.sql        │ ✅     │
├────────────────────────────────────┼────────┤
│ 0006_add_metadata_and_origin.sql   │ ✅     │
├────────────────────────────────────┼────────┤
│ 0007_unique_collection_entries.sql │ ✅     │
├────────────────────────────────────┼────────┤
│ 0008_create_youtube_tables.sql     │ ✅     │
├────────────────────────────────────┼────────┤
│ 0009_youtube_sync.sql              │ ✅     │
├────────────────────────────────────┼────────┤
│ 0010_youtube_optimization.sql      │ ✅     │
├────────────────────────────────────┼────────┤
│ 0011_youtube_video_metadata.sql    │ 🕒️    │
└────────────────────────────────────┴────────┘
🌀 Executing on local database DB (b1c3f037-ad29-4440-a670-f2cfdfdb36a3) from ../tmp/miniflare-test-aYp4E9/v3/d1:
🌀 To execute on your remote database, add a --remote flag to your wrangler command.
🚣 22 commands executed successfully.
┌────────────────────────────────────┬────────┐
│ name                               │ status │
├────────────────────────────────────┼────────┤
│ 0001_create_users_and_sessions.sql │ ✅     │
├────────────────────────────────────┼────────┤
│ 0002_create_key_value_entries.sql  │ ✅     │
├────────────────────────────────────┼────────┤
│ 0003_dedupe_values.sql             │ ✅     │
├────────────────────────────────────┼────────┤
│ 0004_multipart_blobs.sql           │ ✅     │
├────────────────────────────────────┼────────┤
│ 0005_create_collections.sql        │ ✅     │
├────────────────────────────────────┼────────┤
│ 0006_add_metadata_and_origin.sql   │ ✅     │
├────────────────────────────────────┼────────┤
│ 0007_unique_collection_entries.sql │ ✅     │
├────────────────────────────────────┼────────┤
│ 0008_create_youtube_tables.sql     │ ✅     │
├────────────────────────────────────┼────────┤
│ 0009_youtube_sync.sql              │ ✅     │
├────────────────────────────────────┼────────┤
│ 0010_youtube_optimization.sql      │ ✅     │
├────────────────────────────────────┼────────┤
│ 0011_youtube_video_metadata.sql    │ ✅     │
└────────────────────────────────────┴────────┘

 ⛅️ wrangler 4.54.0 (update available 4.58.0)
─────────────────────────────────────────────
Resource location: local

Use --remote if you want to access the remote instance.

Migrations to be applied:
┌────────────────────────────────────┐
│ name                               │
├────────────────────────────────────┤
│ 0001_create_users_and_sessions.sql │
├────────────────────────────────────┤
│ 0002_create_key_value_entries.sql  │
├────────────────────────────────────┤
│ 0003_dedupe_values.sql             │
├────────────────────────────────────┤
│ 0004_multipart_blobs.sql           │
├────────────────────────────────────┤
│ 0005_create_collections.sql        │
├────────────────────────────────────┤
│ 0006_add_metadata_and_origin.sql   │
├────────────────────────────────────┤
│ 0007_unique_collection_entries.sql │
├────────────────────────────────────┤
│ 0008_create_youtube_tables.sql     │
├────────────────────────────────────┤
│ 0009_youtube_sync.sql              │
├────────────────────────────────────┤
│ 0010_youtube_optimization.sql      │
├────────────────────────────────────┤
│ 0011_youtube_video_metadata.sql    │
└────────────────────────────────────┘
? About to apply 11 migration(s)
Your database may not be available to serve requests during the migration, continue?
🤖 Using fallback value in non-interactive context: yes
🌀 Executing on local database DB (b1c3f037-ad29-4440-a670-f2cfdfdb36a3) from ../tmp/miniflare-test-bL0Z0H/v3/d1:
🌀 To execute on your remote database, add a --remote flag to your wrangler command.
🚣 7 commands executed successfully.
┌────────────────────────────────────┬────────┐
│ name                               │ status │
├────────────────────────────────────┼────────┤
│ 0001_create_users_and_sessions.sql │ ✅     │
├────────────────────────────────────┼────────┤
│ 0002_create_key_value_entries.sql  │ 🕒️    │
├────────────────────────────────────┼────────┤
│ 0003_dedupe_values.sql             │ 🕒️    │
├────────────────────────────────────┼────────┤
│ 0004_multipart_blobs.sql           │ 🕒️    │
├────────────────────────────────────┼────────┤
│ 0005_create_collections.sql        │ 🕒️    │
├────────────────────────────────────┼────────┤
│ 0006_add_metadata_and_origin.sql   │ 🕒️    │
├────────────────────────────────────┼────────┤
│ 0007_unique_collection_entries.sql │ 🕒️    │
├────────────────────────────────────┼────────┤
│ 0008_create_youtube_tables.sql     │ 🕒️    │
├────────────────────────────────────┼────────┤
│ 0009_youtube_sync.sql              │ 🕒️    │
├────────────────────────────────────┼────────┤
│ 0010_youtube_optimization.sql      │ 🕒️    │
├────────────────────────────────────┼────────┤
│ 0011_youtube_video_metadata.sql    │ 🕒️    │
└────────────────────────────────────┴────────┘
🌀 Executing on local database DB (b1c3f037-ad29-4440-a670-f2cfdfdb36a3) from ../tmp/miniflare-test-bL0Z0H/v3/d1:
🌀 To execute on your remote database, add a --remote flag to your wrangler command.
🚣 5 commands executed successfully.
┌────────────────────────────────────┬────────┐
│ name                               │ status │
├────────────────────────────────────┼────────┤
│ 0001_create_users_and_sessions.sql │ ✅     │
├────────────────────────────────────┼────────┤
│ 0002_create_key_value_entries.sql  │ ✅     │
├────────────────────────────────────┼────────┤
│ 0003_dedupe_values.sql             │ 🕒️    │
├────────────────────────────────────┼────────┤
│ 0004_multipart_blobs.sql           │ 🕒️    │
├────────────────────────────────────┼────────┤
│ 0005_create_collections.sql        │ 🕒️    │
├────────────────────────────────────┼────────┤
│ 0006_add_metadata_and_origin.sql   │ 🕒️    │
├────────────────────────────────────┼────────┤
│ 0007_unique_collection_entries.sql │ 🕒️    │
├────────────────────────────────────┼────────┤
│ 0008_create_youtube_tables.sql     │ 🕒️    │
├────────────────────────────────────┼────────┤
│ 0009_youtube_sync.sql              │ 🕒️    │
├────────────────────────────────────┼────────┤
│ 0010_youtube_optimization.sql      │ 🕒️    │
├────────────────────────────────────┼────────┤
│ 0011_youtube_video_metadata.sql    │ 🕒️    │
└────────────────────────────────────┴────────┘
🌀 Executing on local database DB (b1c3f037-ad29-4440-a670-f2cfdfdb36a3) from ../tmp/miniflare-test-bL0Z0H/v3/d1:
🌀 To execute on your remote database, add a --remote flag to your wrangler command.
🚣 11 commands executed successfully.
┌────────────────────────────────────┬────────┐
│ name                               │ status │
├────────────────────────────────────┼────────┤
│ 0001_create_users_and_sessions.sql │ ✅     │
├────────────────────────────────────┼────────┤
│ 0002_create_key_value_entries.sql  │ ✅     │
├────────────────────────────────────┼────────┤
│ 0003_dedupe_values.sql             │ ✅     │
├────────────────────────────────────┼────────┤
│ 0004_multipart_blobs.sql           │ 🕒️    │
├────────────────────────────────────┼────────┤
│ 0005_create_collections.sql        │ 🕒️    │
├────────────────────────────────────┼────────┤
│ 0006_add_metadata_and_origin.sql   │ 🕒️    │
├────────────────────────────────────┼────────┤
│ 0007_unique_collection_entries.sql │ 🕒️    │
├────────────────────────────────────┼────────┤
│ 0008_create_youtube_tables.sql     │ 🕒️    │
├────────────────────────────────────┼────────┤
│ 0009_youtube_sync.sql              │ 🕒️    │
├────────────────────────────────────┼────────┤
│ 0010_youtube_optimization.sql      │ 🕒️    │
├────────────────────────────────────┼────────┤
│ 0011_youtube_video_metadata.sql    │ 🕒️    │
└────────────────────────────────────┴────────┘
🌀 Executing on local database DB (b1c3f037-ad29-4440-a670-f2cfdfdb36a3) from ../tmp/miniflare-test-bL0Z0H/v3/d1:
🌀 To execute on your remote database, add a --remote flag to your wrangler command.
🚣 16 commands executed successfully.
┌────────────────────────────────────┬────────┐
│ name                               │ status │
├────────────────────────────────────┼────────┤
│ 0001_create_users_and_sessions.sql │ ✅     │
├────────────────────────────────────┼────────┤
│ 0002_create_key_value_entries.sql  │ ✅     │
├────────────────────────────────────┼────────┤
│ 0003_dedupe_values.sql             │ ✅     │
├────────────────────────────────────┼────────┤
│ 0004_multipart_blobs.sql           │ ✅     │
├────────────────────────────────────┼────────┤
│ 0005_create_collections.sql        │ 🕒️    │
├────────────────────────────────────┼────────┤
│ 0006_add_metadata_and_origin.sql   │ 🕒️    │
├────────────────────────────────────┼────────┤
│ 0007_unique_collection_entries.sql │ 🕒️    │
├────────────────────────────────────┼────────┤
│ 0008_create_youtube_tables.sql     │ 🕒️    │
├────────────────────────────────────┼────────┤
│ 0009_youtube_sync.sql              │ 🕒️    │
├────────────────────────────────────┼────────┤
│ 0010_youtube_optimization.sql      │ 🕒️    │
├────────────────────────────────────┼────────┤
│ 0011_youtube_video_metadata.sql    │ 🕒️    │
└────────────────────────────────────┴────────┘
🌀 Executing on local database DB (b1c3f037-ad29-4440-a670-f2cfdfdb36a3) from ../tmp/miniflare-test-bL0Z0H/v3/d1:
🌀 To execute on your remote database, add a --remote flag to your wrangler command.
🚣 6 commands executed successfully.
┌────────────────────────────────────┬────────┐
│ name                               │ status │
├────────────────────────────────────┼────────┤
│ 0001_create_users_and_sessions.sql │ ✅     │
├────────────────────────────────────┼────────┤
│ 0002_create_key_value_entries.sql  │ ✅     │
├────────────────────────────────────┼────────┤
│ 0003_dedupe_values.sql             │ ✅     │
├────────────────────────────────────┼────────┤
│ 0004_multipart_blobs.sql           │ ✅     │
├────────────────────────────────────┼────────┤
│ 0005_create_collections.sql        │ ✅     │
├────────────────────────────────────┼────────┤
│ 0006_add_metadata_and_origin.sql   │ 🕒️    │
├────────────────────────────────────┼────────┤
│ 0007_unique_collection_entries.sql │ 🕒️    │
├────────────────────────────────────┼────────┤
│ 0008_create_youtube_tables.sql     │ 🕒️    │
├────────────────────────────────────┼────────┤
│ 0009_youtube_sync.sql              │ 🕒️    │
├────────────────────────────────────┼────────┤
│ 0010_youtube_optimization.sql      │ 🕒️    │
├────────────────────────────────────┼────────┤
│ 0011_youtube_video_metadata.sql    │ 🕒️    │
└────────────────────────────────────┴────────┘
🌀 Executing on local database DB (b1c3f037-ad29-4440-a670-f2cfdfdb36a3) from ../tmp/miniflare-test-bL0Z0H/v3/d1:
🌀 To execute on your remote database, add a --remote flag to your wrangler command.
🚣 5 commands executed successfully.
┌────────────────────────────────────┬────────┐
│ name                               │ status │
├────────────────────────────────────┼────────┤
│ 0001_create_users_and_sessions.sql │ ✅     │
├────────────────────────────────────┼────────┤
│ 0002_create_key_value_entries.sql  │ ✅     │
├────────────────────────────────────┼────────┤
│ 0003_dedupe_values.sql             │ ✅     │
├────────────────────────────────────┼────────┤
│ 0004_multipart_blobs.sql           │ ✅     │
├────────────────────────────────────┼────────┤
│ 0005_create_collections.sql        │ ✅     │
├────────────────────────────────────┼────────┤
│ 0006_add_metadata_and_origin.sql   │ ✅     │
├────────────────────────────────────┼────────┤
│ 0007_unique_collection_entries.sql │ 🕒️    │
├────────────────────────────────────┼────────┤
│ 0008_create_youtube_tables.sql     │ 🕒️    │
├────────────────────────────────────┼────────┤
│ 0009_youtube_sync.sql              │ 🕒️    │
├────────────────────────────────────┼────────┤
│ 0010_youtube_optimization.sql      │ 🕒️    │
├────────────────────────────────────┼────────┤
│ 0011_youtube_video_metadata.sql    │ 🕒️    │
└────────────────────────────────────┴────────┘
🌀 Executing on local database DB (b1c3f037-ad29-4440-a670-f2cfdfdb36a3) from ../tmp/miniflare-test-bL0Z0H/v3/d1:
🌀 To execute on your remote database, add a --remote flag to your wrangler command.
🚣 3 commands executed successfully.
┌────────────────────────────────────┬────────┐
│ name                               │ status │
├────────────────────────────────────┼────────┤
│ 0001_create_users_and_sessions.sql │ ✅     │
├────────────────────────────────────┼────────┤
│ 0002_create_key_value_entries.sql  │ ✅     │
├────────────────────────────────────┼────────┤
│ 0003_dedupe_values.sql             │ ✅     │
├────────────────────────────────────┼────────┤
│ 0004_multipart_blobs.sql           │ ✅     │
├────────────────────────────────────┼────────┤
│ 0005_create_collections.sql        │ ✅     │
├────────────────────────────────────┼────────┤
│ 0006_add_metadata_and_origin.sql   │ ✅     │
├────────────────────────────────────┼────────┤
│ 0007_unique_collection_entries.sql │ ✅     │
├────────────────────────────────────┼────────┤
│ 0008_create_youtube_tables.sql     │ 🕒️    │
├────────────────────────────────────┼────────┤
│ 0009_youtube_sync.sql              │ 🕒️    │
├────────────────────────────────────┼────────┤
│ 0010_youtube_optimization.sql      │ 🕒️    │
├────────────────────────────────────┼────────┤
│ 0011_youtube_video_metadata.sql    │ 🕒️    │
└────────────────────────────────────┴────────┘
🌀 Executing on local database DB (b1c3f037-ad29-4440-a670-f2cfdfdb36a3) from ../tmp/miniflare-test-bL0Z0H/v3/d1:
🌀 To execute on your remote database, add a --remote flag to your wrangler command.
🚣 3 commands executed successfully.
┌────────────────────────────────────┬────────┐
│ name                               │ status │
├────────────────────────────────────┼────────┤
│ 0001_create_users_and_sessions.sql │ ✅     │
├────────────────────────────────────┼────────┤
│ 0002_create_key_value_entries.sql  │ ✅     │
├────────────────────────────────────┼────────┤
│ 0003_dedupe_values.sql             │ ✅     │
├────────────────────────────────────┼────────┤
│ 0004_multipart_blobs.sql           │ ✅     │
├────────────────────────────────────┼────────┤
│ 0005_create_collections.sql        │ ✅     │
├────────────────────────────────────┼────────┤
│ 0006_add_metadata_and_origin.sql   │ ✅     │
├────────────────────────────────────┼────────┤
│ 0007_unique_collection_entries.sql │ ✅     │
├────────────────────────────────────┼────────┤
│ 0008_create_youtube_tables.sql     │ ✅     │
├────────────────────────────────────┼────────┤
│ 0009_youtube_sync.sql              │ 🕒️    │
├────────────────────────────────────┼────────┤
│ 0010_youtube_optimization.sql      │ 🕒️    │
├────────────────────────────────────┼────────┤
│ 0011_youtube_video_metadata.sql    │ 🕒️    │
└────────────────────────────────────┴────────┘
🌀 Executing on local database DB (b1c3f037-ad29-4440-a670-f2cfdfdb36a3) from ../tmp/miniflare-test-bL0Z0H/v3/d1:
🌀 To execute on your remote database, add a --remote flag to your wrangler command.
🚣 4 commands executed successfully.
┌────────────────────────────────────┬────────┐
│ name                               │ status │
├────────────────────────────────────┼────────┤
│ 0001_create_users_and_sessions.sql │ ✅     │
├────────────────────────────────────┼────────┤
│ 0002_create_key_value_entries.sql  │ ✅     │
├────────────────────────────────────┼────────┤
│ 0003_dedupe_values.sql             │ ✅     │
├────────────────────────────────────┼────────┤
│ 0004_multipart_blobs.sql           │ ✅     │
├────────────────────────────────────┼────────┤
│ 0005_create_collections.sql        │ ✅     │
├────────────────────────────────────┼────────┤
│ 0006_add_metadata_and_origin.sql   │ ✅     │
├────────────────────────────────────┼────────┤
│ 0007_unique_collection_entries.sql │ ✅     │
├────────────────────────────────────┼────────┤
│ 0008_create_youtube_tables.sql     │ ✅     │
├────────────────────────────────────┼────────┤
│ 0009_youtube_sync.sql              │ ✅     │
├────────────────────────────────────┼────────┤
│ 0010_youtube_optimization.sql      │ 🕒️    │
├────────────────────────────────────┼────────┤
│ 0011_youtube_video_metadata.sql    │ 🕒️    │
└────────────────────────────────────┴────────┘
🌀 Executing on local database DB (b1c3f037-ad29-4440-a670-f2cfdfdb36a3) from ../tmp/miniflare-test-bL0Z0H/v3/d1:
🌀 To execute on your remote database, add a --remote flag to your wrangler command.
🚣 3 commands executed successfully.
┌────────────────────────────────────┬────────┐
│ name                               │ status │
├────────────────────────────────────┼────────┤
│ 0001_create_users_and_sessions.sql │ ✅     │
├────────────────────────────────────┼────────┤
│ 0002_create_key_value_entries.sql  │ ✅     │
├────────────────────────────────────┼────────┤
│ 0003_dedupe_values.sql             │ ✅     │
├────────────────────────────────────┼────────┤
│ 0004_multipart_blobs.sql           │ ✅     │
├────────────────────────────────────┼────────┤
│ 0005_create_collections.sql        │ ✅     │
├────────────────────────────────────┼────────┤
│ 0006_add_metadata_and_origin.sql   │ ✅     │
├────────────────────────────────────┼────────┤
│ 0007_unique_collection_entries.sql │ ✅     │
├────────────────────────────────────┼────────┤
│ 0008_create_youtube_tables.sql     │ ✅     │
├────────────────────────────────────┼────────┤
│ 0009_youtube_sync.sql              │ ✅     │
├────────────────────────────────────┼────────┤
│ 0010_youtube_optimization.sql      │ ✅     │
├────────────────────────────────────┼────────┤
│ 0011_youtube_video_metadata.sql    │ 🕒️    │
└────────────────────────────────────┴────────┘
🌀 Executing on local database DB (b1c3f037-ad29-4440-a670-f2cfdfdb36a3) from ../tmp/miniflare-test-bL0Z0H/v3/d1:
🌀 To execute on your remote database, add a --remote flag to your wrangler command.
🚣 22 commands executed successfully.
┌────────────────────────────────────┬────────┐
│ name                               │ status │
├────────────────────────────────────┼────────┤
│ 0001_create_users_and_sessions.sql │ ✅     │
├────────────────────────────────────┼────────┤
│ 0002_create_key_value_entries.sql  │ ✅     │
├────────────────────────────────────┼────────┤
│ 0003_dedupe_values.sql             │ ✅     │
├────────────────────────────────────┼────────┤
│ 0004_multipart_blobs.sql           │ ✅     │
├────────────────────────────────────┼────────┤
│ 0005_create_collections.sql        │ ✅     │
├────────────────────────────────────┼────────┤
│ 0006_add_metadata_and_origin.sql   │ ✅     │
├────────────────────────────────────┼────────┤
│ 0007_unique_collection_entries.sql │ ✅     │
├────────────────────────────────────┼────────┤
│ 0008_create_youtube_tables.sql     │ ✅     │
├────────────────────────────────────┼────────┤
│ 0009_youtube_sync.sql              │ ✅     │
├────────────────────────────────────┼────────┤
│ 0010_youtube_optimization.sql      │ ✅     │
├────────────────────────────────────┼────────┤
│ 0011_youtube_video_metadata.sql    │ ✅     │
└────────────────────────────────────┴────────┘

 ⛅️ wrangler 4.54.0 (update available 4.58.0)
─────────────────────────────────────────────
Resource location: local

Use --remote if you want to access the remote instance.

Migrations to be applied:
┌────────────────────────────────────┐
│ name                               │
├────────────────────────────────────┤
│ 0001_create_users_and_sessions.sql │
├────────────────────────────────────┤
│ 0002_create_key_value_entries.sql  │
├────────────────────────────────────┤
│ 0003_dedupe_values.sql             │
├────────────────────────────────────┤
│ 0004_multipart_blobs.sql           │
├────────────────────────────────────┤
│ 0005_create_collections.sql        │
├────────────────────────────────────┤
│ 0006_add_metadata_and_origin.sql   │
├────────────────────────────────────┤
│ 0007_unique_collection_entries.sql │
├────────────────────────────────────┤
│ 0008_create_youtube_tables.sql     │
├────────────────────────────────────┤
│ 0009_youtube_sync.sql              │
├────────────────────────────────────┤
│ 0010_youtube_optimization.sql      │
├────────────────────────────────────┤
│ 0011_youtube_video_metadata.sql    │
└────────────────────────────────────┘
? About to apply 11 migration(s)
Your database may not be available to serve requests during the migration, continue?
🤖 Using fallback value in non-interactive context: yes
🌀 Executing on local database DB (b1c3f037-ad29-4440-a670-f2cfdfdb36a3) from ../tmp/miniflare-test-KQ8KG4/v3/d1:
🌀 To execute on your remote database, add a --remote flag to your wrangler command.
🚣 7 commands executed successfully.
┌────────────────────────────────────┬────────┐
│ name                               │ status │
├────────────────────────────────────┼────────┤
│ 0001_create_users_and_sessions.sql │ ✅     │
├────────────────────────────────────┼────────┤
│ 0002_create_key_value_entries.sql  │ 🕒️    │
├────────────────────────────────────┼────────┤
│ 0003_dedupe_values.sql             │ 🕒️    │
├────────────────────────────────────┼────────┤
│ 0004_multipart_blobs.sql           │ 🕒️    │
├────────────────────────────────────┼────────┤
│ 0005_create_collections.sql        │ 🕒️    │
├────────────────────────────────────┼────────┤
│ 0006_add_metadata_and_origin.sql   │ 🕒️    │
├────────────────────────────────────┼────────┤
│ 0007_unique_collection_entries.sql │ 🕒️    │
├────────────────────────────────────┼────────┤
│ 0008_create_youtube_tables.sql     │ 🕒️    │
├────────────────────────────────────┼────────┤
│ 0009_youtube_sync.sql              │ 🕒️    │
├────────────────────────────────────┼────────┤
│ 0010_youtube_optimization.sql      │ 🕒️    │
├────────────────────────────────────┼────────┤
│ 0011_youtube_video_metadata.sql    │ 🕒️    │
└────────────────────────────────────┴────────┘
🌀 Executing on local database DB (b1c3f037-ad29-4440-a670-f2cfdfdb36a3) from ../tmp/miniflare-test-KQ8KG4/v3/d1:
🌀 To execute on your remote database, add a --remote flag to your wrangler command.
🚣 5 commands executed successfully.
┌────────────────────────────────────┬────────┐
│ name                               │ status │
├────────────────────────────────────┼────────┤
│ 0001_create_users_and_sessions.sql │ ✅     │
├────────────────────────────────────┼────────┤
│ 0002_create_key_value_entries.sql  │ ✅     │
├────────────────────────────────────┼────────┤
│ 0003_dedupe_values.sql             │ 🕒️    │
├────────────────────────────────────┼────────┤
│ 0004_multipart_blobs.sql           │ 🕒️    │
├────────────────────────────────────┼────────┤
│ 0005_create_collections.sql        │ 🕒️    │
├────────────────────────────────────┼────────┤
│ 0006_add_metadata_and_origin.sql   │ 🕒️    │
├────────────────────────────────────┼────────┤
│ 0007_unique_collection_entries.sql │ 🕒️    │
├────────────────────────────────────┼────────┤
│ 0008_create_youtube_tables.sql     │ 🕒️    │
├────────────────────────────────────┼────────┤
│ 0009_youtube_sync.sql              │ 🕒️    │
├────────────────────────────────────┼────────┤
│ 0010_youtube_optimization.sql      │ 🕒️    │
├────────────────────────────────────┼────────┤
│ 0011_youtube_video_metadata.sql    │ 🕒️    │
└────────────────────────────────────┴────────┘
🌀 Executing on local database DB (b1c3f037-ad29-4440-a670-f2cfdfdb36a3) from ../tmp/miniflare-test-KQ8KG4/v3/d1:
🌀 To execute on your remote database, add a --remote flag to your wrangler command.
🚣 11 commands executed successfully.
┌────────────────────────────────────┬────────┐
│ name                               │ status │
├────────────────────────────────────┼────────┤
│ 0001_create_users_and_sessions.sql │ ✅     │
├────────────────────────────────────┼────────┤
│ 0002_create_key_value_entries.sql  │ ✅     │
├────────────────────────────────────┼────────┤
│ 0003_dedupe_values.sql             │ ✅     │
├────────────────────────────────────┼────────┤
│ 0004_multipart_blobs.sql           │ 🕒️    │
├────────────────────────────────────┼────────┤
│ 0005_create_collections.sql        │ 🕒️    │
├────────────────────────────────────┼────────┤
│ 0006_add_metadata_and_origin.sql   │ 🕒️    │
├────────────────────────────────────┼────────┤
│ 0007_unique_collection_entries.sql │ 🕒️    │
├────────────────────────────────────┼────────┤
│ 0008_create_youtube_tables.sql     │ 🕒️    │
├────────────────────────────────────┼────────┤
│ 0009_youtube_sync.sql              │ 🕒️    │
├────────────────────────────────────┼────────┤
│ 0010_youtube_optimization.sql      │ 🕒️    │
├────────────────────────────────────┼────────┤
│ 0011_youtube_video_metadata.sql    │ 🕒️    │
└────────────────────────────────────┴────────┘
🌀 Executing on local database DB (b1c3f037-ad29-4440-a670-f2cfdfdb36a3) from ../tmp/miniflare-test-KQ8KG4/v3/d1:
🌀 To execute on your remote database, add a --remote flag to your wrangler command.
🚣 16 commands executed successfully.
┌────────────────────────────────────┬────────┐
│ name                               │ status │
├────────────────────────────────────┼────────┤
│ 0001_create_users_and_sessions.sql │ ✅     │
├────────────────────────────────────┼────────┤
│ 0002_create_key_value_entries.sql  │ ✅     │
├────────────────────────────────────┼────────┤
│ 0003_dedupe_values.sql             │ ✅     │
├────────────────────────────────────┼────────┤
│ 0004_multipart_blobs.sql           │ ✅     │
├────────────────────────────────────┼────────┤
│ 0005_create_collections.sql        │ 🕒️    │
├────────────────────────────────────┼────────┤
│ 0006_add_metadata_and_origin.sql   │ 🕒️    │
├────────────────────────────────────┼────────┤
│ 0007_unique_collection_entries.sql │ 🕒️    │
├────────────────────────────────────┼────────┤
│ 0008_create_youtube_tables.sql     │ 🕒️    │
├────────────────────────────────────┼────────┤
│ 0009_youtube_sync.sql              │ 🕒️    │
├────────────────────────────────────┼────────┤
│ 0010_youtube_optimization.sql      │ 🕒️    │
├────────────────────────────────────┼────────┤
│ 0011_youtube_video_metadata.sql    │ 🕒️    │
└────────────────────────────────────┴────────┘
🌀 Executing on local database DB (b1c3f037-ad29-4440-a670-f2cfdfdb36a3) from ../tmp/miniflare-test-KQ8KG4/v3/d1:
🌀 To execute on your remote database, add a --remote flag to your wrangler command.
🚣 6 commands executed successfully.
┌────────────────────────────────────┬────────┐
│ name                               │ status │
├────────────────────────────────────┼────────┤
│ 0001_create_users_and_sessions.sql │ ✅     │
├────────────────────────────────────┼────────┤
│ 0002_create_key_value_entries.sql  │ ✅     │
├────────────────────────────────────┼────────┤
│ 0003_dedupe_values.sql             │ ✅     │
├────────────────────────────────────┼────────┤
│ 0004_multipart_blobs.sql           │ ✅     │
├────────────────────────────────────┼────────┤
│ 0005_create_collections.sql        │ ✅     │
├────────────────────────────────────┼────────┤
│ 0006_add_metadata_and_origin.sql   │ 🕒️    │
├────────────────────────────────────┼────────┤
│ 0007_unique_collection_entries.sql │ 🕒️    │
├────────────────────────────────────┼────────┤
│ 0008_create_youtube_tables.sql     │ 🕒️    │
├────────────────────────────────────┼────────┤
│ 0009_youtube_sync.sql              │ 🕒️    │
├────────────────────────────────────┼────────┤
│ 0010_youtube_optimization.sql      │ 🕒️    │
├────────────────────────────────────┼────────┤
│ 0011_youtube_video_metadata.sql    │ 🕒️    │
└────────────────────────────────────┴────────┘
🌀 Executing on local database DB (b1c3f037-ad29-4440-a670-f2cfdfdb36a3) from ../tmp/miniflare-test-KQ8KG4/v3/d1:
🌀 To execute on your remote database, add a --remote flag to your wrangler command.
🚣 5 commands executed successfully.
┌────────────────────────────────────┬────────┐
│ name                               │ status │
├────────────────────────────────────┼────────┤
│ 0001_create_users_and_sessions.sql │ ✅     │
├────────────────────────────────────┼────────┤
│ 0002_create_key_value_entries.sql  │ ✅     │
├────────────────────────────────────┼────────┤
│ 0003_dedupe_values.sql             │ ✅     │
├────────────────────────────────────┼────────┤
│ 0004_multipart_blobs.sql           │ ✅     │
├────────────────────────────────────┼────────┤
│ 0005_create_collections.sql        │ ✅     │
├────────────────────────────────────┼────────┤
│ 0006_add_metadata_and_origin.sql   │ ✅     │
├────────────────────────────────────┼────────┤
│ 0007_unique_collection_entries.sql │ 🕒️    │
├────────────────────────────────────┼────────┤
│ 0008_create_youtube_tables.sql     │ 🕒️    │
├────────────────────────────────────┼────────┤
│ 0009_youtube_sync.sql              │ 🕒️    │
├────────────────────────────────────┼────────┤
│ 0010_youtube_optimization.sql      │ 🕒️    │
├────────────────────────────────────┼────────┤
│ 0011_youtube_video_metadata.sql    │ 🕒️    │
└────────────────────────────────────┴────────┘
🌀 Executing on local database DB (b1c3f037-ad29-4440-a670-f2cfdfdb36a3) from ../tmp/miniflare-test-KQ8KG4/v3/d1:
🌀 To execute on your remote database, add a --remote flag to your wrangler command.
🚣 3 commands executed successfully.
┌────────────────────────────────────┬────────┐
│ name                               │ status │
├────────────────────────────────────┼────────┤
│ 0001_create_users_and_sessions.sql │ ✅     │
├────────────────────────────────────┼────────┤
│ 0002_create_key_value_entries.sql  │ ✅     │
├────────────────────────────────────┼────────┤
│ 0003_dedupe_values.sql             │ ✅     │
├────────────────────────────────────┼────────┤
│ 0004_multipart_blobs.sql           │ ✅     │
├────────────────────────────────────┼────────┤
│ 0005_create_collections.sql        │ ✅     │
├────────────────────────────────────┼────────┤
│ 0006_add_metadata_and_origin.sql   │ ✅     │
├────────────────────────────────────┼────────┤
│ 0007_unique_collection_entries.sql │ ✅     │
├────────────────────────────────────┼────────┤
│ 0008_create_youtube_tables.sql     │ 🕒️    │
├────────────────────────────────────┼────────┤
│ 0009_youtube_sync.sql              │ 🕒️    │
├────────────────────────────────────┼────────┤
│ 0010_youtube_optimization.sql      │ 🕒️    │
├────────────────────────────────────┼────────┤
│ 0011_youtube_video_metadata.sql    │ 🕒️    │
└────────────────────────────────────┴────────┘
🌀 Executing on local database DB (b1c3f037-ad29-4440-a670-f2cfdfdb36a3) from ../tmp/miniflare-test-KQ8KG4/v3/d1:
🌀 To execute on your remote database, add a --remote flag to your wrangler command.
🚣 3 commands executed successfully.
┌────────────────────────────────────┬────────┐
│ name                               │ status │
├────────────────────────────────────┼────────┤
│ 0001_create_users_and_sessions.sql │ ✅     │
├────────────────────────────────────┼────────┤
│ 0002_create_key_value_entries.sql  │ ✅     │
├────────────────────────────────────┼────────┤
│ 0003_dedupe_values.sql             │ ✅     │
├────────────────────────────────────┼────────┤
│ 0004_multipart_blobs.sql           │ ✅     │
├────────────────────────────────────┼────────┤
│ 0005_create_collections.sql        │ ✅     │
├────────────────────────────────────┼────────┤
│ 0006_add_metadata_and_origin.sql   │ ✅     │
├────────────────────────────────────┼────────┤
│ 0007_unique_collection_entries.sql │ ✅     │
├────────────────────────────────────┼────────┤
│ 0008_create_youtube_tables.sql     │ ✅     │
├────────────────────────────────────┼────────┤
│ 0009_youtube_sync.sql              │ 🕒️    │
├────────────────────────────────────┼────────┤
│ 0010_youtube_optimization.sql      │ 🕒️    │
├────────────────────────────────────┼────────┤
│ 0011_youtube_video_metadata.sql    │ 🕒️    │
└────────────────────────────────────┴────────┘
🌀 Executing on local database DB (b1c3f037-ad29-4440-a670-f2cfdfdb36a3) from ../tmp/miniflare-test-KQ8KG4/v3/d1:
🌀 To execute on your remote database, add a --remote flag to your wrangler command.
🚣 4 commands executed successfully.
┌────────────────────────────────────┬────────┐
│ name                               │ status │
├────────────────────────────────────┼────────┤
│ 0001_create_users_and_sessions.sql │ ✅     │
├────────────────────────────────────┼────────┤
│ 0002_create_key_value_entries.sql  │ ✅     │
├────────────────────────────────────┼────────┤
│ 0003_dedupe_values.sql             │ ✅     │
├────────────────────────────────────┼────────┤
│ 0004_multipart_blobs.sql           │ ✅     │
├────────────────────────────────────┼────────┤
│ 0005_create_collections.sql        │ ✅     │
├────────────────────────────────────┼────────┤
│ 0006_add_metadata_and_origin.sql   │ ✅     │
├────────────────────────────────────┼────────┤
│ 0007_unique_collection_entries.sql │ ✅     │
├────────────────────────────────────┼────────┤
│ 0008_create_youtube_tables.sql     │ ✅     │
├────────────────────────────────────┼────────┤
│ 0009_youtube_sync.sql              │ ✅     │
├────────────────────────────────────┼────────┤
│ 0010_youtube_optimization.sql      │ 🕒️    │
├────────────────────────────────────┼────────┤
│ 0011_youtube_video_metadata.sql    │ 🕒️    │
└────────────────────────────────────┴────────┘
🌀 Executing on local database DB (b1c3f037-ad29-4440-a670-f2cfdfdb36a3) from ../tmp/miniflare-test-KQ8KG4/v3/d1:
🌀 To execute on your remote database, add a --remote flag to your wrangler command.
🚣 3 commands executed successfully.
┌────────────────────────────────────┬────────┐
│ name                               │ status │
├────────────────────────────────────┼────────┤
│ 0001_create_users_and_sessions.sql │ ✅     │
├────────────────────────────────────┼────────┤
│ 0002_create_key_value_entries.sql  │ ✅     │
├────────────────────────────────────┼────────┤
│ 0003_dedupe_values.sql             │ ✅     │
├────────────────────────────────────┼────────┤
│ 0004_multipart_blobs.sql           │ ✅     │
├────────────────────────────────────┼────────┤
│ 0005_create_collections.sql        │ ✅     │
├────────────────────────────────────┼────────┤
│ 0006_add_metadata_and_origin.sql   │ ✅     │
├────────────────────────────────────┼────────┤
│ 0007_unique_collection_entries.sql │ ✅     │
├────────────────────────────────────┼────────┤
│ 0008_create_youtube_tables.sql     │ ✅     │
├────────────────────────────────────┼────────┤
│ 0009_youtube_sync.sql              │ ✅     │
├────────────────────────────────────┼────────┤
│ 0010_youtube_optimization.sql      │ ✅     │
├────────────────────────────────────┼────────┤
│ 0011_youtube_video_metadata.sql    │ 🕒️    │
└────────────────────────────────────┴────────┘
🌀 Executing on local database DB (b1c3f037-ad29-4440-a670-f2cfdfdb36a3) from ../tmp/miniflare-test-KQ8KG4/v3/d1:
🌀 To execute on your remote database, add a --remote flag to your wrangler command.
🚣 22 commands executed successfully.
┌────────────────────────────────────┬────────┐
│ name                               │ status │
├────────────────────────────────────┼────────┤
│ 0001_create_users_and_sessions.sql │ ✅     │
├────────────────────────────────────┼────────┤
│ 0002_create_key_value_entries.sql  │ ✅     │
├────────────────────────────────────┼────────┤
│ 0003_dedupe_values.sql             │ ✅     │
├────────────────────────────────────┼────────┤
│ 0004_multipart_blobs.sql           │ ✅     │
├────────────────────────────────────┼────────┤
│ 0005_create_collections.sql        │ ✅     │
├────────────────────────────────────┼────────┤
│ 0006_add_metadata_and_origin.sql   │ ✅     │
├────────────────────────────────────┼────────┤
│ 0007_unique_collection_entries.sql │ ✅     │
├────────────────────────────────────┼────────┤
│ 0008_create_youtube_tables.sql     │ ✅     │
├────────────────────────────────────┼────────┤
│ 0009_youtube_sync.sql              │ ✅     │
├────────────────────────────────────┼────────┤
│ 0010_youtube_optimization.sql      │ ✅     │
├────────────────────────────────────┼────────┤
│ 0011_youtube_video_metadata.sql    │ ✅     │
└────────────────────────────────────┴────────┘

 ⛅️ wrangler 4.54.0 (update available 4.58.0)
─────────────────────────────────────────────
Resource location: local

Use --remote if you want to access the remote instance.

Migrations to be applied:
┌────────────────────────────────────┐
│ name                               │
├────────────────────────────────────┤
│ 0001_create_users_and_sessions.sql │
├────────────────────────────────────┤
│ 0002_create_key_value_entries.sql  │
├────────────────────────────────────┤
│ 0003_dedupe_values.sql             │
├────────────────────────────────────┤
│ 0004_multipart_blobs.sql           │
├────────────────────────────────────┤
│ 0005_create_collections.sql        │
├────────────────────────────────────┤
│ 0006_add_metadata_and_origin.sql   │
├────────────────────────────────────┤
│ 0007_unique_collection_entries.sql │
├────────────────────────────────────┤
│ 0008_create_youtube_tables.sql     │
├────────────────────────────────────┤
│ 0009_youtube_sync.sql              │
├────────────────────────────────────┤
│ 0010_youtube_optimization.sql      │
├────────────────────────────────────┤
│ 0011_youtube_video_metadata.sql    │
└────────────────────────────────────┘
? About to apply 11 migration(s)
Your database may not be available to serve requests during the migration, continue?
🤖 Using fallback value in non-interactive context: yes
🌀 Executing on local database DB (b1c3f037-ad29-4440-a670-f2cfdfdb36a3) from ../tmp/miniflare-test-uFH5Bi/v3/d1:
🌀 To execute on your remote database, add a --remote flag to your wrangler command.
🚣 7 commands executed successfully.
┌────────────────────────────────────┬────────┐
│ name                               │ status │
├────────────────────────────────────┼────────┤
│ 0001_create_users_and_sessions.sql │ ✅     │
├────────────────────────────────────┼────────┤
│ 0002_create_key_value_entries.sql  │ 🕒️    │
├────────────────────────────────────┼────────┤
│ 0003_dedupe_values.sql             │ 🕒️    │
├────────────────────────────────────┼────────┤
│ 0004_multipart_blobs.sql           │ 🕒️    │
├────────────────────────────────────┼────────┤
│ 0005_create_collections.sql        │ 🕒️    │
├────────────────────────────────────┼────────┤
│ 0006_add_metadata_and_origin.sql   │ 🕒️    │
├────────────────────────────────────┼────────┤
│ 0007_unique_collection_entries.sql │ 🕒️    │
├────────────────────────────────────┼────────┤
│ 0008_create_youtube_tables.sql     │ 🕒️    │
├────────────────────────────────────┼────────┤
│ 0009_youtube_sync.sql              │ 🕒️    │
├────────────────────────────────────┼────────┤
│ 0010_youtube_optimization.sql      │ 🕒️    │
├────────────────────────────────────┼────────┤
│ 0011_youtube_video_metadata.sql    │ 🕒️    │
└────────────────────────────────────┴────────┘
🌀 Executing on local database DB (b1c3f037-ad29-4440-a670-f2cfdfdb36a3) from ../tmp/miniflare-test-uFH5Bi/v3/d1:
🌀 To execute on your remote database, add a --remote flag to your wrangler command.
🚣 5 commands executed successfully.
┌────────────────────────────────────┬────────┐
│ name                               │ status │
├────────────────────────────────────┼────────┤
│ 0001_create_users_and_sessions.sql │ ✅     │
├────────────────────────────────────┼────────┤
│ 0002_create_key_value_entries.sql  │ ✅     │
├────────────────────────────────────┼────────┤
│ 0003_dedupe_values.sql             │ 🕒️    │
├────────────────────────────────────┼────────┤
│ 0004_multipart_blobs.sql           │ 🕒️    │
├────────────────────────────────────┼────────┤
│ 0005_create_collections.sql        │ 🕒️    │
├────────────────────────────────────┼────────┤
│ 0006_add_metadata_and_origin.sql   │ 🕒️    │
├────────────────────────────────────┼────────┤
│ 0007_unique_collection_entries.sql │ 🕒️    │
├────────────────────────────────────┼────────┤
│ 0008_create_youtube_tables.sql     │ 🕒️    │
├────────────────────────────────────┼────────┤
│ 0009_youtube_sync.sql              │ 🕒️    │
├────────────────────────────────────┼────────┤
│ 0010_youtube_optimization.sql      │ 🕒️    │
├────────────────────────────────────┼────────┤
│ 0011_youtube_video_metadata.sql    │ 🕒️    │
└────────────────────────────────────┴────────┘
🌀 Executing on local database DB (b1c3f037-ad29-4440-a670-f2cfdfdb36a3) from ../tmp/miniflare-test-uFH5Bi/v3/d1:
🌀 To execute on your remote database, add a --remote flag to your wrangler command.
🚣 11 commands executed successfully.
┌────────────────────────────────────┬────────┐
│ name                               │ status │
├────────────────────────────────────┼────────┤
│ 0001_create_users_and_sessions.sql │ ✅     │
├────────────────────────────────────┼────────┤
│ 0002_create_key_value_entries.sql  │ ✅     │
├────────────────────────────────────┼────────┤
│ 0003_dedupe_values.sql             │ ✅     │
├────────────────────────────────────┼────────┤
│ 0004_multipart_blobs.sql           │ 🕒️    │
├────────────────────────────────────┼────────┤
│ 0005_create_collections.sql        │ 🕒️    │
├────────────────────────────────────┼────────┤
│ 0006_add_metadata_and_origin.sql   │ 🕒️    │
├────────────────────────────────────┼────────┤
│ 0007_unique_collection_entries.sql │ 🕒️    │
├────────────────────────────────────┼────────┤
│ 0008_create_youtube_tables.sql     │ 🕒️    │
├────────────────────────────────────┼────────┤
│ 0009_youtube_sync.sql              │ 🕒️    │
├────────────────────────────────────┼────────┤
│ 0010_youtube_optimization.sql      │ 🕒️    │
├────────────────────────────────────┼────────┤
│ 0011_youtube_video_metadata.sql    │ 🕒️    │
└────────────────────────────────────┴────────┘
🌀 Executing on local database DB (b1c3f037-ad29-4440-a670-f2cfdfdb36a3) from ../tmp/miniflare-test-uFH5Bi/v3/d1:
🌀 To execute on your remote database, add a --remote flag to your wrangler command.
🚣 16 commands executed successfully.
┌────────────────────────────────────┬────────┐
│ name                               │ status │
├────────────────────────────────────┼────────┤
│ 0001_create_users_and_sessions.sql │ ✅     │
├────────────────────────────────────┼────────┤
│ 0002_create_key_value_entries.sql  │ ✅     │
├────────────────────────────────────┼────────┤
│ 0003_dedupe_values.sql             │ ✅     │
├────────────────────────────────────┼────────┤
│ 0004_multipart_blobs.sql           │ ✅     │
├────────────────────────────────────┼────────┤
│ 0005_create_collections.sql        │ 🕒️    │
├────────────────────────────────────┼────────┤
│ 0006_add_metadata_and_origin.sql   │ 🕒️    │
├────────────────────────────────────┼────────┤
│ 0007_unique_collection_entries.sql │ 🕒️    │
├────────────────────────────────────┼────────┤
│ 0008_create_youtube_tables.sql     │ 🕒️    │
├────────────────────────────────────┼────────┤
│ 0009_youtube_sync.sql              │ 🕒️    │
├────────────────────────────────────┼────────┤
│ 0010_youtube_optimization.sql      │ 🕒️    │
├────────────────────────────────────┼────────┤
│ 0011_youtube_video_metadata.sql    │ 🕒️    │
└────────────────────────────────────┴────────┘
🌀 Executing on local database DB (b1c3f037-ad29-4440-a670-f2cfdfdb36a3) from ../tmp/miniflare-test-uFH5Bi/v3/d1:
🌀 To execute on your remote database, add a --remote flag to your wrangler command.
🚣 6 commands executed successfully.
┌────────────────────────────────────┬────────┐
│ name                               │ status │
├────────────────────────────────────┼────────┤
│ 0001_create_users_and_sessions.sql │ ✅     │
├────────────────────────────────────┼────────┤
│ 0002_create_key_value_entries.sql  │ ✅     │
├────────────────────────────────────┼────────┤
│ 0003_dedupe_values.sql             │ ✅     │
├────────────────────────────────────┼────────┤
│ 0004_multipart_blobs.sql           │ ✅     │
├────────────────────────────────────┼────────┤
│ 0005_create_collections.sql        │ ✅     │
├────────────────────────────────────┼────────┤
│ 0006_add_metadata_and_origin.sql   │ 🕒️    │
├────────────────────────────────────┼────────┤
│ 0007_unique_collection_entries.sql │ 🕒️    │
├────────────────────────────────────┼────────┤
│ 0008_create_youtube_tables.sql     │ 🕒️    │
├────────────────────────────────────┼────────┤
│ 0009_youtube_sync.sql              │ 🕒️    │
├────────────────────────────────────┼────────┤
│ 0010_youtube_optimization.sql      │ 🕒️    │
├────────────────────────────────────┼────────┤
│ 0011_youtube_video_metadata.sql    │ 🕒️    │
└────────────────────────────────────┴────────┘
🌀 Executing on local database DB (b1c3f037-ad29-4440-a670-f2cfdfdb36a3) from ../tmp/miniflare-test-uFH5Bi/v3/d1:
🌀 To execute on your remote database, add a --remote flag to your wrangler command.
🚣 5 commands executed successfully.
┌────────────────────────────────────┬────────┐
│ name                               │ status │
├────────────────────────────────────┼────────┤
│ 0001_create_users_and_sessions.sql │ ✅     │
├────────────────────────────────────┼────────┤
│ 0002_create_key_value_entries.sql  │ ✅     │
├────────────────────────────────────┼────────┤
│ 0003_dedupe_values.sql             │ ✅     │
├────────────────────────────────────┼────────┤
│ 0004_multipart_blobs.sql           │ ✅     │
├────────────────────────────────────┼────────┤
│ 0005_create_collections.sql        │ ✅     │
├────────────────────────────────────┼────────┤
│ 0006_add_metadata_and_origin.sql   │ ✅     │
├────────────────────────────────────┼────────┤
│ 0007_unique_collection_entries.sql │ 🕒️    │
├────────────────────────────────────┼────────┤
│ 0008_create_youtube_tables.sql     │ 🕒️    │
├────────────────────────────────────┼────────┤
│ 0009_youtube_sync.sql              │ 🕒️    │
├────────────────────────────────────┼────────┤
│ 0010_youtube_optimization.sql      │ 🕒️    │
├────────────────────────────────────┼────────┤
│ 0011_youtube_video_metadata.sql    │ 🕒️    │
└────────────────────────────────────┴────────┘
🌀 Executing on local database DB (b1c3f037-ad29-4440-a670-f2cfdfdb36a3) from ../tmp/miniflare-test-uFH5Bi/v3/d1:
🌀 To execute on your remote database, add a --remote flag to your wrangler command.
🚣 3 commands executed successfully.
┌────────────────────────────────────┬────────┐
│ name                               │ status │
├────────────────────────────────────┼────────┤
│ 0001_create_users_and_sessions.sql │ ✅     │
├────────────────────────────────────┼────────┤
│ 0002_create_key_value_entries.sql  │ ✅     │
├────────────────────────────────────┼────────┤
│ 0003_dedupe_values.sql             │ ✅     │
├────────────────────────────────────┼────────┤
│ 0004_multipart_blobs.sql           │ ✅     │
├────────────────────────────────────┼────────┤
│ 0005_create_collections.sql        │ ✅     │
├────────────────────────────────────┼────────┤
│ 0006_add_metadata_and_origin.sql   │ ✅     │
├────────────────────────────────────┼────────┤
│ 0007_unique_collection_entries.sql │ ✅     │
├────────────────────────────────────┼────────┤
│ 0008_create_youtube_tables.sql     │ 🕒️    │
├────────────────────────────────────┼────────┤
│ 0009_youtube_sync.sql              │ 🕒️    │
├────────────────────────────────────┼────────┤
│ 0010_youtube_optimization.sql      │ 🕒️    │
├────────────────────────────────────┼────────┤
│ 0011_youtube_video_metadata.sql    │ 🕒️    │
└────────────────────────────────────┴────────┘
🌀 Executing on local database DB (b1c3f037-ad29-4440-a670-f2cfdfdb36a3) from ../tmp/miniflare-test-uFH5Bi/v3/d1:
🌀 To execute on your remote database, add a --remote flag to your wrangler command.
🚣 3 commands executed successfully.
┌────────────────────────────────────┬────────┐
│ name                               │ status │
├────────────────────────────────────┼────────┤
│ 0001_create_users_and_sessions.sql │ ✅     │
├────────────────────────────────────┼────────┤
│ 0002_create_key_value_entries.sql  │ ✅     │
├────────────────────────────────────┼────────┤
│ 0003_dedupe_values.sql             │ ✅     │
├────────────────────────────────────┼────────┤
│ 0004_multipart_blobs.sql           │ ✅     │
├────────────────────────────────────┼────────┤
│ 0005_create_collections.sql        │ ✅     │
├────────────────────────────────────┼────────┤
│ 0006_add_metadata_and_origin.sql   │ ✅     │
├────────────────────────────────────┼────────┤
│ 0007_unique_collection_entries.sql │ ✅     │
├────────────────────────────────────┼────────┤
│ 0008_create_youtube_tables.sql     │ ✅     │
├────────────────────────────────────┼────────┤
│ 0009_youtube_sync.sql              │ 🕒️    │
├────────────────────────────────────┼────────┤
│ 0010_youtube_optimization.sql      │ 🕒️    │
├────────────────────────────────────┼────────┤
│ 0011_youtube_video_metadata.sql    │ 🕒️    │
└────────────────────────────────────┴────────┘
🌀 Executing on local database DB (b1c3f037-ad29-4440-a670-f2cfdfdb36a3) from ../tmp/miniflare-test-uFH5Bi/v3/d1:
🌀 To execute on your remote database, add a --remote flag to your wrangler command.
🚣 4 commands executed successfully.
┌────────────────────────────────────┬────────┐
│ name                               │ status │
├────────────────────────────────────┼────────┤
│ 0001_create_users_and_sessions.sql │ ✅     │
├────────────────────────────────────┼────────┤
│ 0002_create_key_value_entries.sql  │ ✅     │
├────────────────────────────────────┼────────┤
│ 0003_dedupe_values.sql             │ ✅     │
├────────────────────────────────────┼────────┤
│ 0004_multipart_blobs.sql           │ ✅     │
├────────────────────────────────────┼────────┤
│ 0005_create_collections.sql        │ ✅     │
├────────────────────────────────────┼────────┤
│ 0006_add_metadata_and_origin.sql   │ ✅     │
├────────────────────────────────────┼────────┤
│ 0007_unique_collection_entries.sql │ ✅     │
├────────────────────────────────────┼────────┤
│ 0008_create_youtube_tables.sql     │ ✅     │
├────────────────────────────────────┼────────┤
│ 0009_youtube_sync.sql              │ ✅     │
├────────────────────────────────────┼────────┤
│ 0010_youtube_optimization.sql      │ 🕒️    │
├────────────────────────────────────┼────────┤
│ 0011_youtube_video_metadata.sql    │ 🕒️    │
└────────────────────────────────────┴────────┘
🌀 Executing on local database DB (b1c3f037-ad29-4440-a670-f2cfdfdb36a3) from ../tmp/miniflare-test-uFH5Bi/v3/d1:
🌀 To execute on your remote database, add a --remote flag to your wrangler command.
🚣 3 commands executed successfully.
┌────────────────────────────────────┬────────┐
│ name                               │ status │
├────────────────────────────────────┼────────┤
│ 0001_create_users_and_sessions.sql │ ✅     │
├────────────────────────────────────┼────────┤
│ 0002_create_key_value_entries.sql  │ ✅     │
├────────────────────────────────────┼────────┤
│ 0003_dedupe_values.sql             │ ✅     │
├────────────────────────────────────┼────────┤
│ 0004_multipart_blobs.sql           │ ✅     │
├────────────────────────────────────┼────────┤
│ 0005_create_collections.sql        │ ✅     │
├────────────────────────────────────┼────────┤
│ 0006_add_metadata_and_origin.sql   │ ✅     │
├────────────────────────────────────┼────────┤
│ 0007_unique_collection_entries.sql │ ✅     │
├────────────────────────────────────┼────────┤
│ 0008_create_youtube_tables.sql     │ ✅     │
├────────────────────────────────────┼────────┤
│ 0009_youtube_sync.sql              │ ✅     │
├────────────────────────────────────┼────────┤
│ 0010_youtube_optimization.sql      │ ✅     │
├────────────────────────────────────┼────────┤
│ 0011_youtube_video_metadata.sql    │ 🕒️    │
└────────────────────────────────────┴────────┘
🌀 Executing on local database DB (b1c3f037-ad29-4440-a670-f2cfdfdb36a3) from ../tmp/miniflare-test-uFH5Bi/v3/d1:
🌀 To execute on your remote database, add a --remote flag to your wrangler command.
🚣 22 commands executed successfully.
┌────────────────────────────────────┬────────┐
│ name                               │ status │
├────────────────────────────────────┼────────┤
│ 0001_create_users_and_sessions.sql │ ✅     │
├────────────────────────────────────┼────────┤
│ 0002_create_key_value_entries.sql  │ ✅     │
├────────────────────────────────────┼────────┤
│ 0003_dedupe_values.sql             │ ✅     │
├────────────────────────────────────┼────────┤
│ 0004_multipart_blobs.sql           │ ✅     │
├────────────────────────────────────┼────────┤
│ 0005_create_collections.sql        │ ✅     │
├────────────────────────────────────┼────────┤
│ 0006_add_metadata_and_origin.sql   │ ✅     │
├────────────────────────────────────┼────────┤
│ 0007_unique_collection_entries.sql │ ✅     │
├────────────────────────────────────┼────────┤
│ 0008_create_youtube_tables.sql     │ ✅     │
├────────────────────────────────────┼────────┤
│ 0009_youtube_sync.sql              │ ✅     │
├────────────────────────────────────┼────────┤
│ 0010_youtube_optimization.sql      │ ✅     │
├────────────────────────────────────┼────────┤
│ 0011_youtube_video_metadata.sql    │ ✅     │
└────────────────────────────────────┴────────┘
 ✓ tests/integration/secrets.test.ts (6 tests) 43016ms
   ✓ Secrets and Environment Bindings > should provide access to D1 database binding  10114ms
   ✓ Secrets and Environment Bindings > should provide access to secrets as environment variables  7529ms
   ✓ Secrets and Environment Bindings > should provide default test secrets when none specified  6095ms
   ✓ Secrets and Environment Bindings > should handle session secret of correct length  6108ms
   ✓ Secrets and Environment Bindings > should allow accessing DB binding and secrets together  6762ms
   ✓ Secrets and Environment Bindings > should allow reconfiguring secrets for different instances  6405ms

 ⛅️ wrangler 4.54.0 (update available 4.58.0)
─────────────────────────────────────────────
Resource location: local

Use --remote if you want to access the remote instance.

Migrations to be applied:
┌────────────────────────────────────┐
│ name                               │
├────────────────────────────────────┤
│ 0001_create_users_and_sessions.sql │
├────────────────────────────────────┤
│ 0002_create_key_value_entries.sql  │
├────────────────────────────────────┤
│ 0003_dedupe_values.sql             │
├────────────────────────────────────┤
│ 0004_multipart_blobs.sql           │
├────────────────────────────────────┤
│ 0005_create_collections.sql        │
├────────────────────────────────────┤
│ 0006_add_metadata_and_origin.sql   │
├────────────────────────────────────┤
│ 0007_unique_collection_entries.sql │
├────────────────────────────────────┤
│ 0008_create_youtube_tables.sql     │
├────────────────────────────────────┤
│ 0009_youtube_sync.sql              │
├────────────────────────────────────┤
│ 0010_youtube_optimization.sql      │
├────────────────────────────────────┤
│ 0011_youtube_video_metadata.sql    │
└────────────────────────────────────┘
? About to apply 11 migration(s)
Your database may not be available to serve requests during the migration, continue?
🤖 Using fallback value in non-interactive context: yes
🌀 Executing on local database DB (b1c3f037-ad29-4440-a670-f2cfdfdb36a3) from ../tmp/miniflare-test-tamg9i/v3/d1:
🌀 To execute on your remote database, add a --remote flag to your wrangler command.
🚣 7 commands executed successfully.
┌────────────────────────────────────┬────────┐
│ name                               │ status │
├────────────────────────────────────┼────────┤
│ 0001_create_users_and_sessions.sql │ ✅     │
├────────────────────────────────────┼────────┤
│ 0002_create_key_value_entries.sql  │ 🕒️    │
├────────────────────────────────────┼────────┤
│ 0003_dedupe_values.sql             │ 🕒️    │
├────────────────────────────────────┼────────┤
│ 0004_multipart_blobs.sql           │ 🕒️    │
├────────────────────────────────────┼────────┤
│ 0005_create_collections.sql        │ 🕒️    │
├────────────────────────────────────┼────────┤
│ 0006_add_metadata_and_origin.sql   │ 🕒️    │
├────────────────────────────────────┼────────┤
│ 0007_unique_collection_entries.sql │ 🕒️    │
├────────────────────────────────────┼────────┤
│ 0008_create_youtube_tables.sql     │ 🕒️    │
├────────────────────────────────────┼────────┤
│ 0009_youtube_sync.sql              │ 🕒️    │
├────────────────────────────────────┼────────┤
│ 0010_youtube_optimization.sql      │ 🕒️    │
├────────────────────────────────────┼────────┤
│ 0011_youtube_video_metadata.sql    │ 🕒️    │
└────────────────────────────────────┴────────┘
🌀 Executing on local database DB (b1c3f037-ad29-4440-a670-f2cfdfdb36a3) from ../tmp/miniflare-test-tamg9i/v3/d1:
🌀 To execute on your remote database, add a --remote flag to your wrangler command.
🚣 5 commands executed successfully.
┌────────────────────────────────────┬────────┐
│ name                               │ status │
├────────────────────────────────────┼────────┤
│ 0001_create_users_and_sessions.sql │ ✅     │
├────────────────────────────────────┼────────┤
│ 0002_create_key_value_entries.sql  │ ✅     │
├────────────────────────────────────┼────────┤
│ 0003_dedupe_values.sql             │ 🕒️    │
├────────────────────────────────────┼────────┤
│ 0004_multipart_blobs.sql           │ 🕒️    │
├────────────────────────────────────┼────────┤
│ 0005_create_collections.sql        │ 🕒️    │
├────────────────────────────────────┼────────┤
│ 0006_add_metadata_and_origin.sql   │ 🕒️    │
├────────────────────────────────────┼────────┤
│ 0007_unique_collection_entries.sql │ 🕒️    │
├────────────────────────────────────┼────────┤
│ 0008_create_youtube_tables.sql     │ 🕒️    │
├────────────────────────────────────┼────────┤
│ 0009_youtube_sync.sql              │ 🕒️    │
├────────────────────────────────────┼────────┤
│ 0010_youtube_optimization.sql      │ 🕒️    │
├────────────────────────────────────┼────────┤
│ 0011_youtube_video_metadata.sql    │ 🕒️    │
└────────────────────────────────────┴────────┘
🌀 Executing on local database DB (b1c3f037-ad29-4440-a670-f2cfdfdb36a3) from ../tmp/miniflare-test-tamg9i/v3/d1:
🌀 To execute on your remote database, add a --remote flag to your wrangler command.
🚣 11 commands executed successfully.
┌────────────────────────────────────┬────────┐
│ name                               │ status │
├────────────────────────────────────┼────────┤
│ 0001_create_users_and_sessions.sql │ ✅     │
├────────────────────────────────────┼────────┤
│ 0002_create_key_value_entries.sql  │ ✅     │
├────────────────────────────────────┼────────┤
│ 0003_dedupe_values.sql             │ ✅     │
├────────────────────────────────────┼────────┤
│ 0004_multipart_blobs.sql           │ 🕒️    │
├────────────────────────────────────┼────────┤
│ 0005_create_collections.sql        │ 🕒️    │
├────────────────────────────────────┼────────┤
│ 0006_add_metadata_and_origin.sql   │ 🕒️    │
├────────────────────────────────────┼────────┤
│ 0007_unique_collection_entries.sql │ 🕒️    │
├────────────────────────────────────┼────────┤
│ 0008_create_youtube_tables.sql     │ 🕒️    │
├────────────────────────────────────┼────────┤
│ 0009_youtube_sync.sql              │ 🕒️    │
├────────────────────────────────────┼────────┤
│ 0010_youtube_optimization.sql      │ 🕒️    │
├────────────────────────────────────┼────────┤
│ 0011_youtube_video_metadata.sql    │ 🕒️    │
└────────────────────────────────────┴────────┘
🌀 Executing on local database DB (b1c3f037-ad29-4440-a670-f2cfdfdb36a3) from ../tmp/miniflare-test-tamg9i/v3/d1:
🌀 To execute on your remote database, add a --remote flag to your wrangler command.
🚣 16 commands executed successfully.
┌────────────────────────────────────┬────────┐
│ name                               │ status │
├────────────────────────────────────┼────────┤
│ 0001_create_users_and_sessions.sql │ ✅     │
├────────────────────────────────────┼────────┤
│ 0002_create_key_value_entries.sql  │ ✅     │
├────────────────────────────────────┼────────┤
│ 0003_dedupe_values.sql             │ ✅     │
├────────────────────────────────────┼────────┤
│ 0004_multipart_blobs.sql           │ ✅     │
├────────────────────────────────────┼────────┤
│ 0005_create_collections.sql        │ 🕒️    │
├────────────────────────────────────┼────────┤
│ 0006_add_metadata_and_origin.sql   │ 🕒️    │
├────────────────────────────────────┼────────┤
│ 0007_unique_collection_entries.sql │ 🕒️    │
├────────────────────────────────────┼────────┤
│ 0008_create_youtube_tables.sql     │ 🕒️    │
├────────────────────────────────────┼────────┤
│ 0009_youtube_sync.sql              │ 🕒️    │
├────────────────────────────────────┼────────┤
│ 0010_youtube_optimization.sql      │ 🕒️    │
├────────────────────────────────────┼────────┤
│ 0011_youtube_video_metadata.sql    │ 🕒️    │
└────────────────────────────────────┴────────┘
🌀 Executing on local database DB (b1c3f037-ad29-4440-a670-f2cfdfdb36a3) from ../tmp/miniflare-test-tamg9i/v3/d1:
🌀 To execute on your remote database, add a --remote flag to your wrangler command.
🚣 6 commands executed successfully.
┌────────────────────────────────────┬────────┐
│ name                               │ status │
├────────────────────────────────────┼────────┤
│ 0001_create_users_and_sessions.sql │ ✅     │
├────────────────────────────────────┼────────┤
│ 0002_create_key_value_entries.sql  │ ✅     │
├────────────────────────────────────┼────────┤
│ 0003_dedupe_values.sql             │ ✅     │
├────────────────────────────────────┼────────┤
│ 0004_multipart_blobs.sql           │ ✅     │
├────────────────────────────────────┼────────┤
│ 0005_create_collections.sql        │ ✅     │
├────────────────────────────────────┼────────┤
│ 0006_add_metadata_and_origin.sql   │ 🕒️    │
├────────────────────────────────────┼────────┤
│ 0007_unique_collection_entries.sql │ 🕒️    │
├────────────────────────────────────┼────────┤
│ 0008_create_youtube_tables.sql     │ 🕒️    │
├────────────────────────────────────┼────────┤
│ 0009_youtube_sync.sql              │ 🕒️    │
├────────────────────────────────────┼────────┤
│ 0010_youtube_optimization.sql      │ 🕒️    │
├────────────────────────────────────┼────────┤
│ 0011_youtube_video_metadata.sql    │ 🕒️    │
└────────────────────────────────────┴────────┘
🌀 Executing on local database DB (b1c3f037-ad29-4440-a670-f2cfdfdb36a3) from ../tmp/miniflare-test-tamg9i/v3/d1:
🌀 To execute on your remote database, add a --remote flag to your wrangler command.
🚣 5 commands executed successfully.
┌────────────────────────────────────┬────────┐
│ name                               │ status │
├────────────────────────────────────┼────────┤
│ 0001_create_users_and_sessions.sql │ ✅     │
├────────────────────────────────────┼────────┤
│ 0002_create_key_value_entries.sql  │ ✅     │
├────────────────────────────────────┼────────┤
│ 0003_dedupe_values.sql             │ ✅     │
├────────────────────────────────────┼────────┤
│ 0004_multipart_blobs.sql           │ ✅     │
├────────────────────────────────────┼────────┤
│ 0005_create_collections.sql        │ ✅     │
├────────────────────────────────────┼────────┤
│ 0006_add_metadata_and_origin.sql   │ ✅     │
├────────────────────────────────────┼────────┤
│ 0007_unique_collection_entries.sql │ 🕒️    │
├────────────────────────────────────┼────────┤
│ 0008_create_youtube_tables.sql     │ 🕒️    │
├────────────────────────────────────┼────────┤
│ 0009_youtube_sync.sql              │ 🕒️    │
├────────────────────────────────────┼────────┤
│ 0010_youtube_optimization.sql      │ 🕒️    │
├────────────────────────────────────┼────────┤
│ 0011_youtube_video_metadata.sql    │ 🕒️    │
└────────────────────────────────────┴────────┘
🌀 Executing on local database DB (b1c3f037-ad29-4440-a670-f2cfdfdb36a3) from ../tmp/miniflare-test-tamg9i/v3/d1:
🌀 To execute on your remote database, add a --remote flag to your wrangler command.
🚣 3 commands executed successfully.
┌────────────────────────────────────┬────────┐
│ name                               │ status │
├────────────────────────────────────┼────────┤
│ 0001_create_users_and_sessions.sql │ ✅     │
├────────────────────────────────────┼────────┤
│ 0002_create_key_value_entries.sql  │ ✅     │
├────────────────────────────────────┼────────┤
│ 0003_dedupe_values.sql             │ ✅     │
├────────────────────────────────────┼────────┤
│ 0004_multipart_blobs.sql           │ ✅     │
├────────────────────────────────────┼────────┤
│ 0005_create_collections.sql        │ ✅     │
├────────────────────────────────────┼────────┤
│ 0006_add_metadata_and_origin.sql   │ ✅     │
├────────────────────────────────────┼────────┤
│ 0007_unique_collection_entries.sql │ ✅     │
├────────────────────────────────────┼────────┤
│ 0008_create_youtube_tables.sql     │ 🕒️    │
├────────────────────────────────────┼────────┤
│ 0009_youtube_sync.sql              │ 🕒️    │
├────────────────────────────────────┼────────┤
│ 0010_youtube_optimization.sql      │ 🕒️    │
├────────────────────────────────────┼────────┤
│ 0011_youtube_video_metadata.sql    │ 🕒️    │
└────────────────────────────────────┴────────┘
🌀 Executing on local database DB (b1c3f037-ad29-4440-a670-f2cfdfdb36a3) from ../tmp/miniflare-test-tamg9i/v3/d1:
🌀 To execute on your remote database, add a --remote flag to your wrangler command.
🚣 3 commands executed successfully.
┌────────────────────────────────────┬────────┐
│ name                               │ status │
├────────────────────────────────────┼────────┤
│ 0001_create_users_and_sessions.sql │ ✅     │
├────────────────────────────────────┼────────┤
│ 0002_create_key_value_entries.sql  │ ✅     │
├────────────────────────────────────┼────────┤
│ 0003_dedupe_values.sql             │ ✅     │
├────────────────────────────────────┼────────┤
│ 0004_multipart_blobs.sql           │ ✅     │
├────────────────────────────────────┼────────┤
│ 0005_create_collections.sql        │ ✅     │
├────────────────────────────────────┼────────┤
│ 0006_add_metadata_and_origin.sql   │ ✅     │
├────────────────────────────────────┼────────┤
│ 0007_unique_collection_entries.sql │ ✅     │
├────────────────────────────────────┼────────┤
│ 0008_create_youtube_tables.sql     │ ✅     │
├────────────────────────────────────┼────────┤
│ 0009_youtube_sync.sql              │ 🕒️    │
├────────────────────────────────────┼────────┤
│ 0010_youtube_optimization.sql      │ 🕒️    │
├────────────────────────────────────┼────────┤
│ 0011_youtube_video_metadata.sql    │ 🕒️    │
└────────────────────────────────────┴────────┘
🌀 Executing on local database DB (b1c3f037-ad29-4440-a670-f2cfdfdb36a3) from ../tmp/miniflare-test-tamg9i/v3/d1:
🌀 To execute on your remote database, add a --remote flag to your wrangler command.
🚣 4 commands executed successfully.
┌────────────────────────────────────┬────────┐
│ name                               │ status │
├────────────────────────────────────┼────────┤
│ 0001_create_users_and_sessions.sql │ ✅     │
├────────────────────────────────────┼────────┤
│ 0002_create_key_value_entries.sql  │ ✅     │
├────────────────────────────────────┼────────┤
│ 0003_dedupe_values.sql             │ ✅     │
├────────────────────────────────────┼────────┤
│ 0004_multipart_blobs.sql           │ ✅     │
├────────────────────────────────────┼────────┤
│ 0005_create_collections.sql        │ ✅     │
├────────────────────────────────────┼────────┤
│ 0006_add_metadata_and_origin.sql   │ ✅     │
├────────────────────────────────────┼────────┤
│ 0007_unique_collection_entries.sql │ ✅     │
├────────────────────────────────────┼────────┤
│ 0008_create_youtube_tables.sql     │ ✅     │
├────────────────────────────────────┼────────┤
│ 0009_youtube_sync.sql              │ ✅     │
├────────────────────────────────────┼────────┤
│ 0010_youtube_optimization.sql      │ 🕒️    │
├────────────────────────────────────┼────────┤
│ 0011_youtube_video_metadata.sql    │ 🕒️    │
└────────────────────────────────────┴────────┘
🌀 Executing on local database DB (b1c3f037-ad29-4440-a670-f2cfdfdb36a3) from ../tmp/miniflare-test-tamg9i/v3/d1:
🌀 To execute on your remote database, add a --remote flag to your wrangler command.
🚣 3 commands executed successfully.
┌────────────────────────────────────┬────────┐
│ name                               │ status │
├────────────────────────────────────┼────────┤
│ 0001_create_users_and_sessions.sql │ ✅     │
├────────────────────────────────────┼────────┤
│ 0002_create_key_value_entries.sql  │ ✅     │
├────────────────────────────────────┼────────┤
│ 0003_dedupe_values.sql             │ ✅     │
├────────────────────────────────────┼────────┤
│ 0004_multipart_blobs.sql           │ ✅     │
├────────────────────────────────────┼────────┤
│ 0005_create_collections.sql        │ ✅     │
├────────────────────────────────────┼────────┤
│ 0006_add_metadata_and_origin.sql   │ ✅     │
├────────────────────────────────────┼────────┤
│ 0007_unique_collection_entries.sql │ ✅     │
├────────────────────────────────────┼────────┤
│ 0008_create_youtube_tables.sql     │ ✅     │
├────────────────────────────────────┼────────┤
│ 0009_youtube_sync.sql              │ ✅     │
├────────────────────────────────────┼────────┤
│ 0010_youtube_optimization.sql      │ ✅     │
├────────────────────────────────────┼────────┤
│ 0011_youtube_video_metadata.sql    │ 🕒️    │
└────────────────────────────────────┴────────┘
🌀 Executing on local database DB (b1c3f037-ad29-4440-a670-f2cfdfdb36a3) from ../tmp/miniflare-test-tamg9i/v3/d1:
🌀 To execute on your remote database, add a --remote flag to your wrangler command.
🚣 22 commands executed successfully.
┌────────────────────────────────────┬────────┐
│ name                               │ status │
├────────────────────────────────────┼────────┤
│ 0001_create_users_and_sessions.sql │ ✅     │
├────────────────────────────────────┼────────┤
│ 0002_create_key_value_entries.sql  │ ✅     │
├────────────────────────────────────┼────────┤
│ 0003_dedupe_values.sql             │ ✅     │
├────────────────────────────────────┼────────┤
│ 0004_multipart_blobs.sql           │ ✅     │
├────────────────────────────────────┼────────┤
│ 0005_create_collections.sql        │ ✅     │
├────────────────────────────────────┼────────┤
│ 0006_add_metadata_and_origin.sql   │ ✅     │
├────────────────────────────────────┼────────┤
│ 0007_unique_collection_entries.sql │ ✅     │
├────────────────────────────────────┼────────┤
│ 0008_create_youtube_tables.sql     │ ✅     │
├────────────────────────────────────┼────────┤
│ 0009_youtube_sync.sql              │ ✅     │
├────────────────────────────────────┼────────┤
│ 0010_youtube_optimization.sql      │ ✅     │
├────────────────────────────────────┼────────┤
│ 0011_youtube_video_metadata.sql    │ ✅     │
└────────────────────────────────────┴────────┘

 ⛅️ wrangler 4.54.0 (update available 4.58.0)
─────────────────────────────────────────────
Resource location: local

Use --remote if you want to access the remote instance.

Migrations to be applied:
┌────────────────────────────────────┐
│ name                               │
├────────────────────────────────────┤
│ 0001_create_users_and_sessions.sql │
├────────────────────────────────────┤
│ 0002_create_key_value_entries.sql  │
├────────────────────────────────────┤
│ 0003_dedupe_values.sql             │
├────────────────────────────────────┤
│ 0004_multipart_blobs.sql           │
├────────────────────────────────────┤
│ 0005_create_collections.sql        │
├────────────────────────────────────┤
│ 0006_add_metadata_and_origin.sql   │
├────────────────────────────────────┤
│ 0007_unique_collection_entries.sql │
├────────────────────────────────────┤
│ 0008_create_youtube_tables.sql     │
├────────────────────────────────────┤
│ 0009_youtube_sync.sql              │
├────────────────────────────────────┤
│ 0010_youtube_optimization.sql      │
├────────────────────────────────────┤
│ 0011_youtube_video_metadata.sql    │
└────────────────────────────────────┘
? About to apply 11 migration(s)
Your database may not be available to serve requests during the migration, continue?
🤖 Using fallback value in non-interactive context: yes
🌀 Executing on local database DB (b1c3f037-ad29-4440-a670-f2cfdfdb36a3) from ../tmp/miniflare-test-3ct6Bh/v3/d1:
🌀 To execute on your remote database, add a --remote flag to your wrangler command.
🚣 7 commands executed successfully.
┌────────────────────────────────────┬────────┐
│ name                               │ status │
├────────────────────────────────────┼────────┤
│ 0001_create_users_and_sessions.sql │ ✅     │
├────────────────────────────────────┼────────┤
│ 0002_create_key_value_entries.sql  │ 🕒️    │
├────────────────────────────────────┼────────┤
│ 0003_dedupe_values.sql             │ 🕒️    │
├────────────────────────────────────┼────────┤
│ 0004_multipart_blobs.sql           │ 🕒️    │
├────────────────────────────────────┼────────┤
│ 0005_create_collections.sql        │ 🕒️    │
├────────────────────────────────────┼────────┤
│ 0006_add_metadata_and_origin.sql   │ 🕒️    │
├────────────────────────────────────┼────────┤
│ 0007_unique_collection_entries.sql │ 🕒️    │
├────────────────────────────────────┼────────┤
│ 0008_create_youtube_tables.sql     │ 🕒️    │
├────────────────────────────────────┼────────┤
│ 0009_youtube_sync.sql              │ 🕒️    │
├────────────────────────────────────┼────────┤
│ 0010_youtube_optimization.sql      │ 🕒️    │
├────────────────────────────────────┼────────┤
│ 0011_youtube_video_metadata.sql    │ 🕒️    │
└────────────────────────────────────┴────────┘
🌀 Executing on local database DB (b1c3f037-ad29-4440-a670-f2cfdfdb36a3) from ../tmp/miniflare-test-3ct6Bh/v3/d1:
🌀 To execute on your remote database, add a --remote flag to your wrangler command.
🚣 5 commands executed successfully.
┌────────────────────────────────────┬────────┐
│ name                               │ status │
├────────────────────────────────────┼────────┤
│ 0001_create_users_and_sessions.sql │ ✅     │
├────────────────────────────────────┼────────┤
│ 0002_create_key_value_entries.sql  │ ✅     │
├────────────────────────────────────┼────────┤
│ 0003_dedupe_values.sql             │ 🕒️    │
├────────────────────────────────────┼────────┤
│ 0004_multipart_blobs.sql           │ 🕒️    │
├────────────────────────────────────┼────────┤
│ 0005_create_collections.sql        │ 🕒️    │
├────────────────────────────────────┼────────┤
│ 0006_add_metadata_and_origin.sql   │ 🕒️    │
├────────────────────────────────────┼────────┤
│ 0007_unique_collection_entries.sql │ 🕒️    │
├────────────────────────────────────┼────────┤
│ 0008_create_youtube_tables.sql     │ 🕒️    │
├────────────────────────────────────┼────────┤
│ 0009_youtube_sync.sql              │ 🕒️    │
├────────────────────────────────────┼────────┤
│ 0010_youtube_optimization.sql      │ 🕒️    │
├────────────────────────────────────┼────────┤
│ 0011_youtube_video_metadata.sql    │ 🕒️    │
└────────────────────────────────────┴────────┘
🌀 Executing on local database DB (b1c3f037-ad29-4440-a670-f2cfdfdb36a3) from ../tmp/miniflare-test-3ct6Bh/v3/d1:
🌀 To execute on your remote database, add a --remote flag to your wrangler command.
🚣 11 commands executed successfully.
┌────────────────────────────────────┬────────┐
│ name                               │ status │
├────────────────────────────────────┼────────┤
│ 0001_create_users_and_sessions.sql │ ✅     │
├────────────────────────────────────┼────────┤
│ 0002_create_key_value_entries.sql  │ ✅     │
├────────────────────────────────────┼────────┤
│ 0003_dedupe_values.sql             │ ✅     │
├────────────────────────────────────┼────────┤
│ 0004_multipart_blobs.sql           │ 🕒️    │
├────────────────────────────────────┼────────┤
│ 0005_create_collections.sql        │ 🕒️    │
├────────────────────────────────────┼────────┤
│ 0006_add_metadata_and_origin.sql   │ 🕒️    │
├────────────────────────────────────┼────────┤
│ 0007_unique_collection_entries.sql │ 🕒️    │
├────────────────────────────────────┼────────┤
│ 0008_create_youtube_tables.sql     │ 🕒️    │
├────────────────────────────────────┼────────┤
│ 0009_youtube_sync.sql              │ 🕒️    │
├────────────────────────────────────┼────────┤
│ 0010_youtube_optimization.sql      │ 🕒️    │
├────────────────────────────────────┼────────┤
│ 0011_youtube_video_metadata.sql    │ 🕒️    │
└────────────────────────────────────┴────────┘
🌀 Executing on local database DB (b1c3f037-ad29-4440-a670-f2cfdfdb36a3) from ../tmp/miniflare-test-3ct6Bh/v3/d1:
🌀 To execute on your remote database, add a --remote flag to your wrangler command.
🚣 16 commands executed successfully.
┌────────────────────────────────────┬────────┐
│ name                               │ status │
├────────────────────────────────────┼────────┤
│ 0001_create_users_and_sessions.sql │ ✅     │
├────────────────────────────────────┼────────┤
│ 0002_create_key_value_entries.sql  │ ✅     │
├────────────────────────────────────┼────────┤
│ 0003_dedupe_values.sql             │ ✅     │
├────────────────────────────────────┼────────┤
│ 0004_multipart_blobs.sql           │ ✅     │
├────────────────────────────────────┼────────┤
│ 0005_create_collections.sql        │ 🕒️    │
├────────────────────────────────────┼────────┤
│ 0006_add_metadata_and_origin.sql   │ 🕒️    │
├────────────────────────────────────┼────────┤
│ 0007_unique_collection_entries.sql │ 🕒️    │
├────────────────────────────────────┼────────┤
│ 0008_create_youtube_tables.sql     │ 🕒️    │
├────────────────────────────────────┼────────┤
│ 0009_youtube_sync.sql              │ 🕒️    │
├────────────────────────────────────┼────────┤
│ 0010_youtube_optimization.sql      │ 🕒️    │
├────────────────────────────────────┼────────┤
│ 0011_youtube_video_metadata.sql    │ 🕒️    │
└────────────────────────────────────┴────────┘
🌀 Executing on local database DB (b1c3f037-ad29-4440-a670-f2cfdfdb36a3) from ../tmp/miniflare-test-3ct6Bh/v3/d1:
🌀 To execute on your remote database, add a --remote flag to your wrangler command.
🚣 6 commands executed successfully.
┌────────────────────────────────────┬────────┐
│ name                               │ status │
├────────────────────────────────────┼────────┤
│ 0001_create_users_and_sessions.sql │ ✅     │
├────────────────────────────────────┼────────┤
│ 0002_create_key_value_entries.sql  │ ✅     │
├────────────────────────────────────┼────────┤
│ 0003_dedupe_values.sql             │ ✅     │
├────────────────────────────────────┼────────┤
│ 0004_multipart_blobs.sql           │ ✅     │
├────────────────────────────────────┼────────┤
│ 0005_create_collections.sql        │ ✅     │
├────────────────────────────────────┼────────┤
│ 0006_add_metadata_and_origin.sql   │ 🕒️    │
├────────────────────────────────────┼────────┤
│ 0007_unique_collection_entries.sql │ 🕒️    │
├────────────────────────────────────┼────────┤
│ 0008_create_youtube_tables.sql     │ 🕒️    │
├────────────────────────────────────┼────────┤
│ 0009_youtube_sync.sql              │ 🕒️    │
├────────────────────────────────────┼────────┤
│ 0010_youtube_optimization.sql      │ 🕒️    │
├────────────────────────────────────┼────────┤
│ 0011_youtube_video_metadata.sql    │ 🕒️    │
└────────────────────────────────────┴────────┘
🌀 Executing on local database DB (b1c3f037-ad29-4440-a670-f2cfdfdb36a3) from ../tmp/miniflare-test-3ct6Bh/v3/d1:
🌀 To execute on your remote database, add a --remote flag to your wrangler command.
🚣 5 commands executed successfully.
┌────────────────────────────────────┬────────┐
│ name                               │ status │
├────────────────────────────────────┼────────┤
│ 0001_create_users_and_sessions.sql │ ✅     │
├────────────────────────────────────┼────────┤
│ 0002_create_key_value_entries.sql  │ ✅     │
├────────────────────────────────────┼────────┤
│ 0003_dedupe_values.sql             │ ✅     │
├────────────────────────────────────┼────────┤
│ 0004_multipart_blobs.sql           │ ✅     │
├────────────────────────────────────┼────────┤
│ 0005_create_collections.sql        │ ✅     │
├────────────────────────────────────┼────────┤
│ 0006_add_metadata_and_origin.sql   │ ✅     │
├────────────────────────────────────┼────────┤
│ 0007_unique_collection_entries.sql │ 🕒️    │
├────────────────────────────────────┼────────┤
│ 0008_create_youtube_tables.sql     │ 🕒️    │
├────────────────────────────────────┼────────┤
│ 0009_youtube_sync.sql              │ 🕒️    │
├────────────────────────────────────┼────────┤
│ 0010_youtube_optimization.sql      │ 🕒️    │
├────────────────────────────────────┼────────┤
│ 0011_youtube_video_metadata.sql    │ 🕒️    │
└────────────────────────────────────┴────────┘
🌀 Executing on local database DB (b1c3f037-ad29-4440-a670-f2cfdfdb36a3) from ../tmp/miniflare-test-3ct6Bh/v3/d1:
🌀 To execute on your remote database, add a --remote flag to your wrangler command.
🚣 3 commands executed successfully.
┌────────────────────────────────────┬────────┐
│ name                               │ status │
├────────────────────────────────────┼────────┤
│ 0001_create_users_and_sessions.sql │ ✅     │
├────────────────────────────────────┼────────┤
│ 0002_create_key_value_entries.sql  │ ✅     │
├────────────────────────────────────┼────────┤
│ 0003_dedupe_values.sql             │ ✅     │
├────────────────────────────────────┼────────┤
│ 0004_multipart_blobs.sql           │ ✅     │
├────────────────────────────────────┼────────┤
│ 0005_create_collections.sql        │ ✅     │
├────────────────────────────────────┼────────┤
│ 0006_add_metadata_and_origin.sql   │ ✅     │
├────────────────────────────────────┼────────┤
│ 0007_unique_collection_entries.sql │ ✅     │
├────────────────────────────────────┼────────┤
│ 0008_create_youtube_tables.sql     │ 🕒️    │
├────────────────────────────────────┼────────┤
│ 0009_youtube_sync.sql              │ 🕒️    │
├────────────────────────────────────┼────────┤
│ 0010_youtube_optimization.sql      │ 🕒️    │
├────────────────────────────────────┼────────┤
│ 0011_youtube_video_metadata.sql    │ 🕒️    │
└────────────────────────────────────┴────────┘
🌀 Executing on local database DB (b1c3f037-ad29-4440-a670-f2cfdfdb36a3) from ../tmp/miniflare-test-3ct6Bh/v3/d1:
🌀 To execute on your remote database, add a --remote flag to your wrangler command.
🚣 3 commands executed successfully.
┌────────────────────────────────────┬────────┐
│ name                               │ status │
├────────────────────────────────────┼────────┤
│ 0001_create_users_and_sessions.sql │ ✅     │
├────────────────────────────────────┼────────┤
│ 0002_create_key_value_entries.sql  │ ✅     │
├────────────────────────────────────┼────────┤
│ 0003_dedupe_values.sql             │ ✅     │
├────────────────────────────────────┼────────┤
│ 0004_multipart_blobs.sql           │ ✅     │
├────────────────────────────────────┼────────┤
│ 0005_create_collections.sql        │ ✅     │
├────────────────────────────────────┼────────┤
│ 0006_add_metadata_and_origin.sql   │ ✅     │
├────────────────────────────────────┼────────┤
│ 0007_unique_collection_entries.sql │ ✅     │
├────────────────────────────────────┼────────┤
│ 0008_create_youtube_tables.sql     │ ✅     │
├────────────────────────────────────┼────────┤
│ 0009_youtube_sync.sql              │ 🕒️    │
├────────────────────────────────────┼────────┤
│ 0010_youtube_optimization.sql      │ 🕒️    │
├────────────────────────────────────┼────────┤
│ 0011_youtube_video_metadata.sql    │ 🕒️    │
└────────────────────────────────────┴────────┘
🌀 Executing on local database DB (b1c3f037-ad29-4440-a670-f2cfdfdb36a3) from ../tmp/miniflare-test-3ct6Bh/v3/d1:
🌀 To execute on your remote database, add a --remote flag to your wrangler command.
🚣 4 commands executed successfully.
┌────────────────────────────────────┬────────┐
│ name                               │ status │
├────────────────────────────────────┼────────┤
│ 0001_create_users_and_sessions.sql │ ✅     │
├────────────────────────────────────┼────────┤
│ 0002_create_key_value_entries.sql  │ ✅     │
├────────────────────────────────────┼────────┤
│ 0003_dedupe_values.sql             │ ✅     │
├────────────────────────────────────┼────────┤
│ 0004_multipart_blobs.sql           │ ✅     │
├────────────────────────────────────┼────────┤
│ 0005_create_collections.sql        │ ✅     │
├────────────────────────────────────┼────────┤
│ 0006_add_metadata_and_origin.sql   │ ✅     │
├────────────────────────────────────┼────────┤
│ 0007_unique_collection_entries.sql │ ✅     │
├────────────────────────────────────┼────────┤
│ 0008_create_youtube_tables.sql     │ ✅     │
├────────────────────────────────────┼────────┤
│ 0009_youtube_sync.sql              │ ✅     │
├────────────────────────────────────┼────────┤
│ 0010_youtube_optimization.sql      │ 🕒️    │
├────────────────────────────────────┼────────┤
│ 0011_youtube_video_metadata.sql    │ 🕒️    │
└────────────────────────────────────┴────────┘
🌀 Executing on local database DB (b1c3f037-ad29-4440-a670-f2cfdfdb36a3) from ../tmp/miniflare-test-3ct6Bh/v3/d1:
🌀 To execute on your remote database, add a --remote flag to your wrangler command.
🚣 3 commands executed successfully.
┌────────────────────────────────────┬────────┐
│ name                               │ status │
├────────────────────────────────────┼────────┤
│ 0001_create_users_and_sessions.sql │ ✅     │
├────────────────────────────────────┼────────┤
│ 0002_create_key_value_entries.sql  │ ✅     │
├────────────────────────────────────┼────────┤
│ 0003_dedupe_values.sql             │ ✅     │
├────────────────────────────────────┼────────┤
│ 0004_multipart_blobs.sql           │ ✅     │
├────────────────────────────────────┼────────┤
│ 0005_create_collections.sql        │ ✅     │
├────────────────────────────────────┼────────┤
│ 0006_add_metadata_and_origin.sql   │ ✅     │
├────────────────────────────────────┼────────┤
│ 0007_unique_collection_entries.sql │ ✅     │
├────────────────────────────────────┼────────┤
│ 0008_create_youtube_tables.sql     │ ✅     │
├────────────────────────────────────┼────────┤
│ 0009_youtube_sync.sql              │ ✅     │
├────────────────────────────────────┼────────┤
│ 0010_youtube_optimization.sql      │ ✅     │
├────────────────────────────────────┼────────┤
│ 0011_youtube_video_metadata.sql    │ 🕒️    │
└────────────────────────────────────┴────────┘
🌀 Executing on local database DB (b1c3f037-ad29-4440-a670-f2cfdfdb36a3) from ../tmp/miniflare-test-3ct6Bh/v3/d1:
🌀 To execute on your remote database, add a --remote flag to your wrangler command.
🚣 22 commands executed successfully.
┌────────────────────────────────────┬────────┐
│ name                               │ status │
├────────────────────────────────────┼────────┤
│ 0001_create_users_and_sessions.sql │ ✅     │
├────────────────────────────────────┼────────┤
│ 0002_create_key_value_entries.sql  │ ✅     │
├────────────────────────────────────┼────────┤
│ 0003_dedupe_values.sql             │ ✅     │
├────────────────────────────────────┼────────┤
│ 0004_multipart_blobs.sql           │ ✅     │
├────────────────────────────────────┼────────┤
│ 0005_create_collections.sql        │ ✅     │
├────────────────────────────────────┼────────┤
│ 0006_add_metadata_and_origin.sql   │ ✅     │
├────────────────────────────────────┼────────┤
│ 0007_unique_collection_entries.sql │ ✅     │
├────────────────────────────────────┼────────┤
│ 0008_create_youtube_tables.sql     │ ✅     │
├────────────────────────────────────┼────────┤
│ 0009_youtube_sync.sql              │ ✅     │
├────────────────────────────────────┼────────┤
│ 0010_youtube_optimization.sql      │ ✅     │
├────────────────────────────────────┼────────┤
│ 0011_youtube_video_metadata.sql    │ ✅     │
└────────────────────────────────────┴────────┘

 ⛅️ wrangler 4.54.0 (update available 4.58.0)
─────────────────────────────────────────────
Resource location: local

Use --remote if you want to access the remote instance.

Migrations to be applied:
┌────────────────────────────────────┐
│ name                               │
├────────────────────────────────────┤
│ 0001_create_users_and_sessions.sql │
├────────────────────────────────────┤
│ 0002_create_key_value_entries.sql  │
├────────────────────────────────────┤
│ 0003_dedupe_values.sql             │
├────────────────────────────────────┤
│ 0004_multipart_blobs.sql           │
├────────────────────────────────────┤
│ 0005_create_collections.sql        │
├────────────────────────────────────┤
│ 0006_add_metadata_and_origin.sql   │
├────────────────────────────────────┤
│ 0007_unique_collection_entries.sql │
├────────────────────────────────────┤
│ 0008_create_youtube_tables.sql     │
├────────────────────────────────────┤
│ 0009_youtube_sync.sql              │
├────────────────────────────────────┤
│ 0010_youtube_optimization.sql      │
├────────────────────────────────────┤
│ 0011_youtube_video_metadata.sql    │
└────────────────────────────────────┘
? About to apply 11 migration(s)
Your database may not be available to serve requests during the migration, continue?
🤖 Using fallback value in non-interactive context: yes
🌀 Executing on local database DB (b1c3f037-ad29-4440-a670-f2cfdfdb36a3) from ../tmp/miniflare-test-uluWQH/v3/d1:
🌀 To execute on your remote database, add a --remote flag to your wrangler command.
🚣 7 commands executed successfully.
┌────────────────────────────────────┬────────┐
│ name                               │ status │
├────────────────────────────────────┼────────┤
│ 0001_create_users_and_sessions.sql │ ✅     │
├────────────────────────────────────┼────────┤
│ 0002_create_key_value_entries.sql  │ 🕒️    │
├────────────────────────────────────┼────────┤
│ 0003_dedupe_values.sql             │ 🕒️    │
├────────────────────────────────────┼────────┤
│ 0004_multipart_blobs.sql           │ 🕒️    │
├────────────────────────────────────┼────────┤
│ 0005_create_collections.sql        │ 🕒️    │
├────────────────────────────────────┼────────┤
│ 0006_add_metadata_and_origin.sql   │ 🕒️    │
├────────────────────────────────────┼────────┤
│ 0007_unique_collection_entries.sql │ 🕒️    │
├────────────────────────────────────┼────────┤
│ 0008_create_youtube_tables.sql     │ 🕒️    │
├────────────────────────────────────┼────────┤
│ 0009_youtube_sync.sql              │ 🕒️    │
├────────────────────────────────────┼────────┤
│ 0010_youtube_optimization.sql      │ 🕒️    │
├────────────────────────────────────┼────────┤
│ 0011_youtube_video_metadata.sql    │ 🕒️    │
└────────────────────────────────────┴────────┘
🌀 Executing on local database DB (b1c3f037-ad29-4440-a670-f2cfdfdb36a3) from ../tmp/miniflare-test-uluWQH/v3/d1:
🌀 To execute on your remote database, add a --remote flag to your wrangler command.
🚣 5 commands executed successfully.
┌────────────────────────────────────┬────────┐
│ name                               │ status │
├────────────────────────────────────┼────────┤
│ 0001_create_users_and_sessions.sql │ ✅     │
├────────────────────────────────────┼────────┤
│ 0002_create_key_value_entries.sql  │ ✅     │
├────────────────────────────────────┼────────┤
│ 0003_dedupe_values.sql             │ 🕒️    │
├────────────────────────────────────┼────────┤
│ 0004_multipart_blobs.sql           │ 🕒️    │
├────────────────────────────────────┼────────┤
│ 0005_create_collections.sql        │ 🕒️    │
├────────────────────────────────────┼────────┤
│ 0006_add_metadata_and_origin.sql   │ 🕒️    │
├────────────────────────────────────┼────────┤
│ 0007_unique_collection_entries.sql │ 🕒️    │
├────────────────────────────────────┼────────┤
│ 0008_create_youtube_tables.sql     │ 🕒️    │
├────────────────────────────────────┼────────┤
│ 0009_youtube_sync.sql              │ 🕒️    │
├────────────────────────────────────┼────────┤
│ 0010_youtube_optimization.sql      │ 🕒️    │
├────────────────────────────────────┼────────┤
│ 0011_youtube_video_metadata.sql    │ 🕒️    │
└────────────────────────────────────┴────────┘
🌀 Executing on local database DB (b1c3f037-ad29-4440-a670-f2cfdfdb36a3) from ../tmp/miniflare-test-uluWQH/v3/d1:
🌀 To execute on your remote database, add a --remote flag to your wrangler command.
🚣 11 commands executed successfully.
┌────────────────────────────────────┬────────┐
│ name                               │ status │
├────────────────────────────────────┼────────┤
│ 0001_create_users_and_sessions.sql │ ✅     │
├────────────────────────────────────┼────────┤
│ 0002_create_key_value_entries.sql  │ ✅     │
├────────────────────────────────────┼────────┤
│ 0003_dedupe_values.sql             │ ✅     │
├────────────────────────────────────┼────────┤
│ 0004_multipart_blobs.sql           │ 🕒️    │
├────────────────────────────────────┼────────┤
│ 0005_create_collections.sql        │ 🕒️    │
├────────────────────────────────────┼────────┤
│ 0006_add_metadata_and_origin.sql   │ 🕒️    │
├────────────────────────────────────┼────────┤
│ 0007_unique_collection_entries.sql │ 🕒️    │
├────────────────────────────────────┼────────┤
│ 0008_create_youtube_tables.sql     │ 🕒️    │
├────────────────────────────────────┼────────┤
│ 0009_youtube_sync.sql              │ 🕒️    │
├────────────────────────────────────┼────────┤
│ 0010_youtube_optimization.sql      │ 🕒️    │
├────────────────────────────────────┼────────┤
│ 0011_youtube_video_metadata.sql    │ 🕒️    │
└────────────────────────────────────┴────────┘
🌀 Executing on local database DB (b1c3f037-ad29-4440-a670-f2cfdfdb36a3) from ../tmp/miniflare-test-uluWQH/v3/d1:
🌀 To execute on your remote database, add a --remote flag to your wrangler command.
🚣 16 commands executed successfully.
┌────────────────────────────────────┬────────┐
│ name                               │ status │
├────────────────────────────────────┼────────┤
│ 0001_create_users_and_sessions.sql │ ✅     │
├────────────────────────────────────┼────────┤
│ 0002_create_key_value_entries.sql  │ ✅     │
├────────────────────────────────────┼────────┤
│ 0003_dedupe_values.sql             │ ✅     │
├────────────────────────────────────┼────────┤
│ 0004_multipart_blobs.sql           │ ✅     │
├────────────────────────────────────┼────────┤
│ 0005_create_collections.sql        │ 🕒️    │
├────────────────────────────────────┼────────┤
│ 0006_add_metadata_and_origin.sql   │ 🕒️    │
├────────────────────────────────────┼────────┤
│ 0007_unique_collection_entries.sql │ 🕒️    │
├────────────────────────────────────┼────────┤
│ 0008_create_youtube_tables.sql     │ 🕒️    │
├────────────────────────────────────┼────────┤
│ 0009_youtube_sync.sql              │ 🕒️    │
├────────────────────────────────────┼────────┤
│ 0010_youtube_optimization.sql      │ 🕒️    │
├────────────────────────────────────┼────────┤
│ 0011_youtube_video_metadata.sql    │ 🕒️    │
└────────────────────────────────────┴────────┘
🌀 Executing on local database DB (b1c3f037-ad29-4440-a670-f2cfdfdb36a3) from ../tmp/miniflare-test-uluWQH/v3/d1:
🌀 To execute on your remote database, add a --remote flag to your wrangler command.
🚣 6 commands executed successfully.
┌────────────────────────────────────┬────────┐
│ name                               │ status │
├────────────────────────────────────┼────────┤
│ 0001_create_users_and_sessions.sql │ ✅     │
├────────────────────────────────────┼────────┤
│ 0002_create_key_value_entries.sql  │ ✅     │
├────────────────────────────────────┼────────┤
│ 0003_dedupe_values.sql             │ ✅     │
├────────────────────────────────────┼────────┤
│ 0004_multipart_blobs.sql           │ ✅     │
├────────────────────────────────────┼────────┤
│ 0005_create_collections.sql        │ ✅     │
├────────────────────────────────────┼────────┤
│ 0006_add_metadata_and_origin.sql   │ 🕒️    │
├────────────────────────────────────┼────────┤
│ 0007_unique_collection_entries.sql │ 🕒️    │
├────────────────────────────────────┼────────┤
│ 0008_create_youtube_tables.sql     │ 🕒️    │
├────────────────────────────────────┼────────┤
│ 0009_youtube_sync.sql              │ 🕒️    │
├────────────────────────────────────┼────────┤
│ 0010_youtube_optimization.sql      │ 🕒️    │
├────────────────────────────────────┼────────┤
│ 0011_youtube_video_metadata.sql    │ 🕒️    │
└────────────────────────────────────┴────────┘
🌀 Executing on local database DB (b1c3f037-ad29-4440-a670-f2cfdfdb36a3) from ../tmp/miniflare-test-uluWQH/v3/d1:
🌀 To execute on your remote database, add a --remote flag to your wrangler command.
🚣 5 commands executed successfully.
┌────────────────────────────────────┬────────┐
│ name                               │ status │
├────────────────────────────────────┼────────┤
│ 0001_create_users_and_sessions.sql │ ✅     │
├────────────────────────────────────┼────────┤
│ 0002_create_key_value_entries.sql  │ ✅     │
├────────────────────────────────────┼────────┤
│ 0003_dedupe_values.sql             │ ✅     │
├────────────────────────────────────┼────────┤
│ 0004_multipart_blobs.sql           │ ✅     │
├────────────────────────────────────┼────────┤
│ 0005_create_collections.sql        │ ✅     │
├────────────────────────────────────┼────────┤
│ 0006_add_metadata_and_origin.sql   │ ✅     │
├────────────────────────────────────┼────────┤
│ 0007_unique_collection_entries.sql │ 🕒️    │
├────────────────────────────────────┼────────┤
│ 0008_create_youtube_tables.sql     │ 🕒️    │
├────────────────────────────────────┼────────┤
│ 0009_youtube_sync.sql              │ 🕒️    │
├────────────────────────────────────┼────────┤
│ 0010_youtube_optimization.sql      │ 🕒️    │
├────────────────────────────────────┼────────┤
│ 0011_youtube_video_metadata.sql    │ 🕒️    │
└────────────────────────────────────┴────────┘
🌀 Executing on local database DB (b1c3f037-ad29-4440-a670-f2cfdfdb36a3) from ../tmp/miniflare-test-uluWQH/v3/d1:
🌀 To execute on your remote database, add a --remote flag to your wrangler command.
🚣 3 commands executed successfully.
┌────────────────────────────────────┬────────┐
│ name                               │ status │
├────────────────────────────────────┼────────┤
│ 0001_create_users_and_sessions.sql │ ✅     │
├────────────────────────────────────┼────────┤
│ 0002_create_key_value_entries.sql  │ ✅     │
├────────────────────────────────────┼────────┤
│ 0003_dedupe_values.sql             │ ✅     │
├────────────────────────────────────┼────────┤
│ 0004_multipart_blobs.sql           │ ✅     │
├────────────────────────────────────┼────────┤
│ 0005_create_collections.sql        │ ✅     │
├────────────────────────────────────┼────────┤
│ 0006_add_metadata_and_origin.sql   │ ✅     │
├────────────────────────────────────┼────────┤
│ 0007_unique_collection_entries.sql │ ✅     │
├────────────────────────────────────┼────────┤
│ 0008_create_youtube_tables.sql     │ 🕒️    │
├────────────────────────────────────┼────────┤
│ 0009_youtube_sync.sql              │ 🕒️    │
├────────────────────────────────────┼────────┤
│ 0010_youtube_optimization.sql      │ 🕒️    │
├────────────────────────────────────┼────────┤
│ 0011_youtube_video_metadata.sql    │ 🕒️    │
└────────────────────────────────────┴────────┘
🌀 Executing on local database DB (b1c3f037-ad29-4440-a670-f2cfdfdb36a3) from ../tmp/miniflare-test-uluWQH/v3/d1:
🌀 To execute on your remote database, add a --remote flag to your wrangler command.
🚣 3 commands executed successfully.
┌────────────────────────────────────┬────────┐
│ name                               │ status │
├────────────────────────────────────┼────────┤
│ 0001_create_users_and_sessions.sql │ ✅     │
├────────────────────────────────────┼────────┤
│ 0002_create_key_value_entries.sql  │ ✅     │
├────────────────────────────────────┼────────┤
│ 0003_dedupe_values.sql             │ ✅     │
├────────────────────────────────────┼────────┤
│ 0004_multipart_blobs.sql           │ ✅     │
├────────────────────────────────────┼────────┤
│ 0005_create_collections.sql        │ ✅     │
├────────────────────────────────────┼────────┤
│ 0006_add_metadata_and_origin.sql   │ ✅     │
├────────────────────────────────────┼────────┤
│ 0007_unique_collection_entries.sql │ ✅     │
├────────────────────────────────────┼────────┤
│ 0008_create_youtube_tables.sql     │ ✅     │
├────────────────────────────────────┼────────┤
│ 0009_youtube_sync.sql              │ 🕒️    │
├────────────────────────────────────┼────────┤
│ 0010_youtube_optimization.sql      │ 🕒️    │
├────────────────────────────────────┼────────┤
│ 0011_youtube_video_metadata.sql    │ 🕒️    │
└────────────────────────────────────┴────────┘
🌀 Executing on local database DB (b1c3f037-ad29-4440-a670-f2cfdfdb36a3) from ../tmp/miniflare-test-uluWQH/v3/d1:
🌀 To execute on your remote database, add a --remote flag to your wrangler command.
🚣 4 commands executed successfully.
┌────────────────────────────────────┬────────┐
│ name                               │ status │
├────────────────────────────────────┼────────┤
│ 0001_create_users_and_sessions.sql │ ✅     │
├────────────────────────────────────┼────────┤
│ 0002_create_key_value_entries.sql  │ ✅     │
├────────────────────────────────────┼────────┤
│ 0003_dedupe_values.sql             │ ✅     │
├────────────────────────────────────┼────────┤
│ 0004_multipart_blobs.sql           │ ✅     │
├────────────────────────────────────┼────────┤
│ 0005_create_collections.sql        │ ✅     │
├────────────────────────────────────┼────────┤
│ 0006_add_metadata_and_origin.sql   │ ✅     │
├────────────────────────────────────┼────────┤
│ 0007_unique_collection_entries.sql │ ✅     │
├────────────────────────────────────┼────────┤
│ 0008_create_youtube_tables.sql     │ ✅     │
├────────────────────────────────────┼────────┤
│ 0009_youtube_sync.sql              │ ✅     │
├────────────────────────────────────┼────────┤
│ 0010_youtube_optimization.sql      │ 🕒️    │
├────────────────────────────────────┼────────┤
│ 0011_youtube_video_metadata.sql    │ 🕒️    │
└────────────────────────────────────┴────────┘
🌀 Executing on local database DB (b1c3f037-ad29-4440-a670-f2cfdfdb36a3) from ../tmp/miniflare-test-uluWQH/v3/d1:
🌀 To execute on your remote database, add a --remote flag to your wrangler command.
🚣 3 commands executed successfully.
┌────────────────────────────────────┬────────┐
│ name                               │ status │
├────────────────────────────────────┼────────┤
│ 0001_create_users_and_sessions.sql │ ✅     │
├────────────────────────────────────┼────────┤
│ 0002_create_key_value_entries.sql  │ ✅     │
├────────────────────────────────────┼────────┤
│ 0003_dedupe_values.sql             │ ✅     │
├────────────────────────────────────┼────────┤
│ 0004_multipart_blobs.sql           │ ✅     │
├────────────────────────────────────┼────────┤
│ 0005_create_collections.sql        │ ✅     │
├────────────────────────────────────┼────────┤
│ 0006_add_metadata_and_origin.sql   │ ✅     │
├────────────────────────────────────┼────────┤
│ 0007_unique_collection_entries.sql │ ✅     │
├────────────────────────────────────┼────────┤
│ 0008_create_youtube_tables.sql     │ ✅     │
├────────────────────────────────────┼────────┤
│ 0009_youtube_sync.sql              │ ✅     │
├────────────────────────────────────┼────────┤
│ 0010_youtube_optimization.sql      │ ✅     │
├────────────────────────────────────┼────────┤
│ 0011_youtube_video_metadata.sql    │ 🕒️    │
└────────────────────────────────────┴────────┘
🌀 Executing on local database DB (b1c3f037-ad29-4440-a670-f2cfdfdb36a3) from ../tmp/miniflare-test-uluWQH/v3/d1:
🌀 To execute on your remote database, add a --remote flag to your wrangler command.
🚣 22 commands executed successfully.
┌────────────────────────────────────┬────────┐
│ name                               │ status │
├────────────────────────────────────┼────────┤
│ 0001_create_users_and_sessions.sql │ ✅     │
├────────────────────────────────────┼────────┤
│ 0002_create_key_value_entries.sql  │ ✅     │
├────────────────────────────────────┼────────┤
│ 0003_dedupe_values.sql             │ ✅     │
├────────────────────────────────────┼────────┤
│ 0004_multipart_blobs.sql           │ ✅     │
├────────────────────────────────────┼────────┤
│ 0005_create_collections.sql        │ ✅     │
├────────────────────────────────────┼────────┤
│ 0006_add_metadata_and_origin.sql   │ ✅     │
├────────────────────────────────────┼────────┤
│ 0007_unique_collection_entries.sql │ ✅     │
├────────────────────────────────────┼────────┤
│ 0008_create_youtube_tables.sql     │ ✅     │
├────────────────────────────────────┼────────┤
│ 0009_youtube_sync.sql              │ ✅     │
├────────────────────────────────────┼────────┤
│ 0010_youtube_optimization.sql      │ ✅     │
├────────────────────────────────────┼────────┤
│ 0011_youtube_video_metadata.sql    │ ✅     │
└────────────────────────────────────┴────────┘
 ✓ tests/integration/advanced_types.test.ts (3 tests) 30972ms
   ✓ Advanced Types Integration > creates and exports boolean entry  9825ms
   ✓ Advanced Types Integration > rejects invalid integer  11001ms
   ✓ Advanced Types Integration > creates and exports integer entry  10145ms

 ⛅️ wrangler 4.54.0 (update available 4.58.0)
─────────────────────────────────────────────
Resource location: local

Use --remote if you want to access the remote instance.

Migrations to be applied:
┌────────────────────────────────────┐
│ name                               │
├────────────────────────────────────┤
│ 0001_create_users_and_sessions.sql │
├────────────────────────────────────┤
│ 0002_create_key_value_entries.sql  │
├────────────────────────────────────┤
│ 0003_dedupe_values.sql             │
├────────────────────────────────────┤
│ 0004_multipart_blobs.sql           │
├────────────────────────────────────┤
│ 0005_create_collections.sql        │
├────────────────────────────────────┤
│ 0006_add_metadata_and_origin.sql   │
├────────────────────────────────────┤
│ 0007_unique_collection_entries.sql │
├────────────────────────────────────┤
│ 0008_create_youtube_tables.sql     │
├────────────────────────────────────┤
│ 0009_youtube_sync.sql              │
├────────────────────────────────────┤
│ 0010_youtube_optimization.sql      │
├────────────────────────────────────┤
│ 0011_youtube_video_metadata.sql    │
└────────────────────────────────────┘
? About to apply 11 migration(s)
Your database may not be available to serve requests during the migration, continue?
🤖 Using fallback value in non-interactive context: yes
🌀 Executing on local database DB (b1c3f037-ad29-4440-a670-f2cfdfdb36a3) from ../tmp/miniflare-test-Gpz0pM/v3/d1:
🌀 To execute on your remote database, add a --remote flag to your wrangler command.
🚣 7 commands executed successfully.
┌────────────────────────────────────┬────────┐
│ name                               │ status │
├────────────────────────────────────┼────────┤
│ 0001_create_users_and_sessions.sql │ ✅     │
├────────────────────────────────────┼────────┤
│ 0002_create_key_value_entries.sql  │ 🕒️    │
├────────────────────────────────────┼────────┤
│ 0003_dedupe_values.sql             │ 🕒️    │
├────────────────────────────────────┼────────┤
│ 0004_multipart_blobs.sql           │ 🕒️    │
├────────────────────────────────────┼────────┤
│ 0005_create_collections.sql        │ 🕒️    │
├────────────────────────────────────┼────────┤
│ 0006_add_metadata_and_origin.sql   │ 🕒️    │
├────────────────────────────────────┼────────┤
│ 0007_unique_collection_entries.sql │ 🕒️    │
├────────────────────────────────────┼────────┤
│ 0008_create_youtube_tables.sql     │ 🕒️    │
├────────────────────────────────────┼────────┤
│ 0009_youtube_sync.sql              │ 🕒️    │
├────────────────────────────────────┼────────┤
│ 0010_youtube_optimization.sql      │ 🕒️    │
├────────────────────────────────────┼────────┤
│ 0011_youtube_video_metadata.sql    │ 🕒️    │
└────────────────────────────────────┴────────┘
🌀 Executing on local database DB (b1c3f037-ad29-4440-a670-f2cfdfdb36a3) from ../tmp/miniflare-test-Gpz0pM/v3/d1:
🌀 To execute on your remote database, add a --remote flag to your wrangler command.
🚣 5 commands executed successfully.
┌────────────────────────────────────┬────────┐
│ name                               │ status │
├────────────────────────────────────┼────────┤
│ 0001_create_users_and_sessions.sql │ ✅     │
├────────────────────────────────────┼────────┤
│ 0002_create_key_value_entries.sql  │ ✅     │
├────────────────────────────────────┼────────┤
│ 0003_dedupe_values.sql             │ 🕒️    │
├────────────────────────────────────┼────────┤
│ 0004_multipart_blobs.sql           │ 🕒️    │
├────────────────────────────────────┼────────┤
│ 0005_create_collections.sql        │ 🕒️    │
├────────────────────────────────────┼────────┤
│ 0006_add_metadata_and_origin.sql   │ 🕒️    │
├────────────────────────────────────┼────────┤
│ 0007_unique_collection_entries.sql │ 🕒️    │
├────────────────────────────────────┼────────┤
│ 0008_create_youtube_tables.sql     │ 🕒️    │
├────────────────────────────────────┼────────┤
│ 0009_youtube_sync.sql              │ 🕒️    │
├────────────────────────────────────┼────────┤
│ 0010_youtube_optimization.sql      │ 🕒️    │
├────────────────────────────────────┼────────┤
│ 0011_youtube_video_metadata.sql    │ 🕒️    │
└────────────────────────────────────┴────────┘
🌀 Executing on local database DB (b1c3f037-ad29-4440-a670-f2cfdfdb36a3) from ../tmp/miniflare-test-Gpz0pM/v3/d1:
🌀 To execute on your remote database, add a --remote flag to your wrangler command.
🚣 11 commands executed successfully.
┌────────────────────────────────────┬────────┐
│ name                               │ status │
├────────────────────────────────────┼────────┤
│ 0001_create_users_and_sessions.sql │ ✅     │
├────────────────────────────────────┼────────┤
│ 0002_create_key_value_entries.sql  │ ✅     │
├────────────────────────────────────┼────────┤
│ 0003_dedupe_values.sql             │ ✅     │
├────────────────────────────────────┼────────┤
│ 0004_multipart_blobs.sql           │ 🕒️    │
├────────────────────────────────────┼────────┤
│ 0005_create_collections.sql        │ 🕒️    │
├────────────────────────────────────┼────────┤
│ 0006_add_metadata_and_origin.sql   │ 🕒️    │
├────────────────────────────────────┼────────┤
│ 0007_unique_collection_entries.sql │ 🕒️    │
├────────────────────────────────────┼────────┤
│ 0008_create_youtube_tables.sql     │ 🕒️    │
├────────────────────────────────────┼────────┤
│ 0009_youtube_sync.sql              │ 🕒️    │
├────────────────────────────────────┼────────┤
│ 0010_youtube_optimization.sql      │ 🕒️    │
├────────────────────────────────────┼────────┤
│ 0011_youtube_video_metadata.sql    │ 🕒️    │
└────────────────────────────────────┴────────┘
🌀 Executing on local database DB (b1c3f037-ad29-4440-a670-f2cfdfdb36a3) from ../tmp/miniflare-test-Gpz0pM/v3/d1:
🌀 To execute on your remote database, add a --remote flag to your wrangler command.
🚣 16 commands executed successfully.
┌────────────────────────────────────┬────────┐
│ name                               │ status │
├────────────────────────────────────┼────────┤
│ 0001_create_users_and_sessions.sql │ ✅     │
├────────────────────────────────────┼────────┤
│ 0002_create_key_value_entries.sql  │ ✅     │
├────────────────────────────────────┼────────┤
│ 0003_dedupe_values.sql             │ ✅     │
├────────────────────────────────────┼────────┤
│ 0004_multipart_blobs.sql           │ ✅     │
├────────────────────────────────────┼────────┤
│ 0005_create_collections.sql        │ 🕒️    │
├────────────────────────────────────┼────────┤
│ 0006_add_metadata_and_origin.sql   │ 🕒️    │
├────────────────────────────────────┼────────┤
│ 0007_unique_collection_entries.sql │ 🕒️    │
├────────────────────────────────────┼────────┤
│ 0008_create_youtube_tables.sql     │ 🕒️    │
├────────────────────────────────────┼────────┤
│ 0009_youtube_sync.sql              │ 🕒️    │
├────────────────────────────────────┼────────┤
│ 0010_youtube_optimization.sql      │ 🕒️    │
├────────────────────────────────────┼────────┤
│ 0011_youtube_video_metadata.sql    │ 🕒️    │
└────────────────────────────────────┴────────┘
🌀 Executing on local database DB (b1c3f037-ad29-4440-a670-f2cfdfdb36a3) from ../tmp/miniflare-test-Gpz0pM/v3/d1:
🌀 To execute on your remote database, add a --remote flag to your wrangler command.
🚣 6 commands executed successfully.
┌────────────────────────────────────┬────────┐
│ name                               │ status │
├────────────────────────────────────┼────────┤
│ 0001_create_users_and_sessions.sql │ ✅     │
├────────────────────────────────────┼────────┤
│ 0002_create_key_value_entries.sql  │ ✅     │
├────────────────────────────────────┼────────┤
│ 0003_dedupe_values.sql             │ ✅     │
├────────────────────────────────────┼────────┤
│ 0004_multipart_blobs.sql           │ ✅     │
├────────────────────────────────────┼────────┤
│ 0005_create_collections.sql        │ ✅     │
├────────────────────────────────────┼────────┤
│ 0006_add_metadata_and_origin.sql   │ 🕒️    │
├────────────────────────────────────┼────────┤
│ 0007_unique_collection_entries.sql │ 🕒️    │
├────────────────────────────────────┼────────┤
│ 0008_create_youtube_tables.sql     │ 🕒️    │
├────────────────────────────────────┼────────┤
│ 0009_youtube_sync.sql              │ 🕒️    │
├────────────────────────────────────┼────────┤
│ 0010_youtube_optimization.sql      │ 🕒️    │
├────────────────────────────────────┼────────┤
│ 0011_youtube_video_metadata.sql    │ 🕒️    │
└────────────────────────────────────┴────────┘
🌀 Executing on local database DB (b1c3f037-ad29-4440-a670-f2cfdfdb36a3) from ../tmp/miniflare-test-Gpz0pM/v3/d1:
🌀 To execute on your remote database, add a --remote flag to your wrangler command.
🚣 5 commands executed successfully.
┌────────────────────────────────────┬────────┐
│ name                               │ status │
├────────────────────────────────────┼────────┤
│ 0001_create_users_and_sessions.sql │ ✅     │
├────────────────────────────────────┼────────┤
│ 0002_create_key_value_entries.sql  │ ✅     │
├────────────────────────────────────┼────────┤
│ 0003_dedupe_values.sql             │ ✅     │
├────────────────────────────────────┼────────┤
│ 0004_multipart_blobs.sql           │ ✅     │
├────────────────────────────────────┼────────┤
│ 0005_create_collections.sql        │ ✅     │
├────────────────────────────────────┼────────┤
│ 0006_add_metadata_and_origin.sql   │ ✅     │
├────────────────────────────────────┼────────┤
│ 0007_unique_collection_entries.sql │ 🕒️    │
├────────────────────────────────────┼────────┤
│ 0008_create_youtube_tables.sql     │ 🕒️    │
├────────────────────────────────────┼────────┤
│ 0009_youtube_sync.sql              │ 🕒️    │
├────────────────────────────────────┼────────┤
│ 0010_youtube_optimization.sql      │ 🕒️    │
├────────────────────────────────────┼────────┤
│ 0011_youtube_video_metadata.sql    │ 🕒️    │
└────────────────────────────────────┴────────┘
🌀 Executing on local database DB (b1c3f037-ad29-4440-a670-f2cfdfdb36a3) from ../tmp/miniflare-test-Gpz0pM/v3/d1:
🌀 To execute on your remote database, add a --remote flag to your wrangler command.
🚣 3 commands executed successfully.
┌────────────────────────────────────┬────────┐
│ name                               │ status │
├────────────────────────────────────┼────────┤
│ 0001_create_users_and_sessions.sql │ ✅     │
├────────────────────────────────────┼────────┤
│ 0002_create_key_value_entries.sql  │ ✅     │
├────────────────────────────────────┼────────┤
│ 0003_dedupe_values.sql             │ ✅     │
├────────────────────────────────────┼────────┤
│ 0004_multipart_blobs.sql           │ ✅     │
├────────────────────────────────────┼────────┤
│ 0005_create_collections.sql        │ ✅     │
├────────────────────────────────────┼────────┤
│ 0006_add_metadata_and_origin.sql   │ ✅     │
├────────────────────────────────────┼────────┤
│ 0007_unique_collection_entries.sql │ ✅     │
├────────────────────────────────────┼────────┤
│ 0008_create_youtube_tables.sql     │ 🕒️    │
├────────────────────────────────────┼────────┤
│ 0009_youtube_sync.sql              │ 🕒️    │
├────────────────────────────────────┼────────┤
│ 0010_youtube_optimization.sql      │ 🕒️    │
├────────────────────────────────────┼────────┤
│ 0011_youtube_video_metadata.sql    │ 🕒️    │
└────────────────────────────────────┴────────┘
🌀 Executing on local database DB (b1c3f037-ad29-4440-a670-f2cfdfdb36a3) from ../tmp/miniflare-test-Gpz0pM/v3/d1:
🌀 To execute on your remote database, add a --remote flag to your wrangler command.
🚣 3 commands executed successfully.
┌────────────────────────────────────┬────────┐
│ name                               │ status │
├────────────────────────────────────┼────────┤
│ 0001_create_users_and_sessions.sql │ ✅     │
├────────────────────────────────────┼────────┤
│ 0002_create_key_value_entries.sql  │ ✅     │
├────────────────────────────────────┼────────┤
│ 0003_dedupe_values.sql             │ ✅     │
├────────────────────────────────────┼────────┤
│ 0004_multipart_blobs.sql           │ ✅     │
├────────────────────────────────────┼────────┤
│ 0005_create_collections.sql        │ ✅     │
├────────────────────────────────────┼────────┤
│ 0006_add_metadata_and_origin.sql   │ ✅     │
├────────────────────────────────────┼────────┤
│ 0007_unique_collection_entries.sql │ ✅     │
├────────────────────────────────────┼────────┤
│ 0008_create_youtube_tables.sql     │ ✅     │
├────────────────────────────────────┼────────┤
│ 0009_youtube_sync.sql              │ 🕒️    │
├────────────────────────────────────┼────────┤
│ 0010_youtube_optimization.sql      │ 🕒️    │
├────────────────────────────────────┼────────┤
│ 0011_youtube_video_metadata.sql    │ 🕒️    │
└────────────────────────────────────┴────────┘
🌀 Executing on local database DB (b1c3f037-ad29-4440-a670-f2cfdfdb36a3) from ../tmp/miniflare-test-Gpz0pM/v3/d1:
🌀 To execute on your remote database, add a --remote flag to your wrangler command.
🚣 4 commands executed successfully.
┌────────────────────────────────────┬────────┐
│ name                               │ status │
├────────────────────────────────────┼────────┤
│ 0001_create_users_and_sessions.sql │ ✅     │
├────────────────────────────────────┼────────┤
│ 0002_create_key_value_entries.sql  │ ✅     │
├────────────────────────────────────┼────────┤
│ 0003_dedupe_values.sql             │ ✅     │
├────────────────────────────────────┼────────┤
│ 0004_multipart_blobs.sql           │ ✅     │
├────────────────────────────────────┼────────┤
│ 0005_create_collections.sql        │ ✅     │
├────────────────────────────────────┼────────┤
│ 0006_add_metadata_and_origin.sql   │ ✅     │
├────────────────────────────────────┼────────┤
│ 0007_unique_collection_entries.sql │ ✅     │
├────────────────────────────────────┼────────┤
│ 0008_create_youtube_tables.sql     │ ✅     │
├────────────────────────────────────┼────────┤
│ 0009_youtube_sync.sql              │ ✅     │
├────────────────────────────────────┼────────┤
│ 0010_youtube_optimization.sql      │ 🕒️    │
├────────────────────────────────────┼────────┤
│ 0011_youtube_video_metadata.sql    │ 🕒️    │
└────────────────────────────────────┴────────┘
🌀 Executing on local database DB (b1c3f037-ad29-4440-a670-f2cfdfdb36a3) from ../tmp/miniflare-test-Gpz0pM/v3/d1:
🌀 To execute on your remote database, add a --remote flag to your wrangler command.
🚣 3 commands executed successfully.
┌────────────────────────────────────┬────────┐
│ name                               │ status │
├────────────────────────────────────┼────────┤
│ 0001_create_users_and_sessions.sql │ ✅     │
├────────────────────────────────────┼────────┤
│ 0002_create_key_value_entries.sql  │ ✅     │
├────────────────────────────────────┼────────┤
│ 0003_dedupe_values.sql             │ ✅     │
├────────────────────────────────────┼────────┤
│ 0004_multipart_blobs.sql           │ ✅     │
├────────────────────────────────────┼────────┤
│ 0005_create_collections.sql        │ ✅     │
├────────────────────────────────────┼────────┤
│ 0006_add_metadata_and_origin.sql   │ ✅     │
├────────────────────────────────────┼────────┤
│ 0007_unique_collection_entries.sql │ ✅     │
├────────────────────────────────────┼────────┤
│ 0008_create_youtube_tables.sql     │ ✅     │
├────────────────────────────────────┼────────┤
│ 0009_youtube_sync.sql              │ ✅     │
├────────────────────────────────────┼────────┤
│ 0010_youtube_optimization.sql      │ ✅     │
├────────────────────────────────────┼────────┤
│ 0011_youtube_video_metadata.sql    │ 🕒️    │
└────────────────────────────────────┴────────┘
🌀 Executing on local database DB (b1c3f037-ad29-4440-a670-f2cfdfdb36a3) from ../tmp/miniflare-test-Gpz0pM/v3/d1:
🌀 To execute on your remote database, add a --remote flag to your wrangler command.
🚣 22 commands executed successfully.
┌────────────────────────────────────┬────────┐
│ name                               │ status │
├────────────────────────────────────┼────────┤
│ 0001_create_users_and_sessions.sql │ ✅     │
├────────────────────────────────────┼────────┤
│ 0002_create_key_value_entries.sql  │ ✅     │
├────────────────────────────────────┼────────┤
│ 0003_dedupe_values.sql             │ ✅     │
├────────────────────────────────────┼────────┤
│ 0004_multipart_blobs.sql           │ ✅     │
├────────────────────────────────────┼────────┤
│ 0005_create_collections.sql        │ ✅     │
├────────────────────────────────────┼────────┤
│ 0006_add_metadata_and_origin.sql   │ ✅     │
├────────────────────────────────────┼────────┤
│ 0007_unique_collection_entries.sql │ ✅     │
├────────────────────────────────────┼────────┤
│ 0008_create_youtube_tables.sql     │ ✅     │
├────────────────────────────────────┼────────┤
│ 0009_youtube_sync.sql              │ ✅     │
├────────────────────────────────────┼────────┤
│ 0010_youtube_optimization.sql      │ ✅     │
├────────────────────────────────────┼────────┤
│ 0011_youtube_video_metadata.sql    │ ✅     │
└────────────────────────────────────┴────────┘
 ✓ tests/integration/worker-http.test.ts (19 tests) 11085ms

 ⛅️ wrangler 4.54.0 (update available 4.58.0)
─────────────────────────────────────────────
Resource location: local

Use --remote if you want to access the remote instance.

Migrations to be applied:
┌────────────────────────────────────┐
│ name                               │
├────────────────────────────────────┤
│ 0001_create_users_and_sessions.sql │
├────────────────────────────────────┤
│ 0002_create_key_value_entries.sql  │
├────────────────────────────────────┤
│ 0003_dedupe_values.sql             │
├────────────────────────────────────┤
│ 0004_multipart_blobs.sql           │
├────────────────────────────────────┤
│ 0005_create_collections.sql        │
├────────────────────────────────────┤
│ 0006_add_metadata_and_origin.sql   │
├────────────────────────────────────┤
│ 0007_unique_collection_entries.sql │
├────────────────────────────────────┤
│ 0008_create_youtube_tables.sql     │
├────────────────────────────────────┤
│ 0009_youtube_sync.sql              │
├────────────────────────────────────┤
│ 0010_youtube_optimization.sql      │
├────────────────────────────────────┤
│ 0011_youtube_video_metadata.sql    │
└────────────────────────────────────┘
? About to apply 11 migration(s)
Your database may not be available to serve requests during the migration, continue?
🤖 Using fallback value in non-interactive context: yes
🌀 Executing on local database DB (b1c3f037-ad29-4440-a670-f2cfdfdb36a3) from ../tmp/miniflare-test-Epq7wP/v3/d1:
🌀 To execute on your remote database, add a --remote flag to your wrangler command.
🚣 7 commands executed successfully.
┌────────────────────────────────────┬────────┐
│ name                               │ status │
├────────────────────────────────────┼────────┤
│ 0001_create_users_and_sessions.sql │ ✅     │
├────────────────────────────────────┼────────┤
│ 0002_create_key_value_entries.sql  │ 🕒️    │
├────────────────────────────────────┼────────┤
│ 0003_dedupe_values.sql             │ 🕒️    │
├────────────────────────────────────┼────────┤
│ 0004_multipart_blobs.sql           │ 🕒️    │
├────────────────────────────────────┼────────┤
│ 0005_create_collections.sql        │ 🕒️    │
├────────────────────────────────────┼────────┤
│ 0006_add_metadata_and_origin.sql   │ 🕒️    │
├────────────────────────────────────┼────────┤
│ 0007_unique_collection_entries.sql │ 🕒️    │
├────────────────────────────────────┼────────┤
│ 0008_create_youtube_tables.sql     │ 🕒️    │
├────────────────────────────────────┼────────┤
│ 0009_youtube_sync.sql              │ 🕒️    │
├────────────────────────────────────┼────────┤
│ 0010_youtube_optimization.sql      │ 🕒️    │
├────────────────────────────────────┼────────┤
│ 0011_youtube_video_metadata.sql    │ 🕒️    │
└────────────────────────────────────┴────────┘
🌀 Executing on local database DB (b1c3f037-ad29-4440-a670-f2cfdfdb36a3) from ../tmp/miniflare-test-Epq7wP/v3/d1:
🌀 To execute on your remote database, add a --remote flag to your wrangler command.
🚣 5 commands executed successfully.
┌────────────────────────────────────┬────────┐
│ name                               │ status │
├────────────────────────────────────┼────────┤
│ 0001_create_users_and_sessions.sql │ ✅     │
├────────────────────────────────────┼────────┤
│ 0002_create_key_value_entries.sql  │ ✅     │
├────────────────────────────────────┼────────┤
│ 0003_dedupe_values.sql             │ 🕒️    │
├────────────────────────────────────┼────────┤
│ 0004_multipart_blobs.sql           │ 🕒️    │
├────────────────────────────────────┼────────┤
│ 0005_create_collections.sql        │ 🕒️    │
├────────────────────────────────────┼────────┤
│ 0006_add_metadata_and_origin.sql   │ 🕒️    │
├────────────────────────────────────┼────────┤
│ 0007_unique_collection_entries.sql │ 🕒️    │
├────────────────────────────────────┼────────┤
│ 0008_create_youtube_tables.sql     │ 🕒️    │
├────────────────────────────────────┼────────┤
│ 0009_youtube_sync.sql              │ 🕒️    │
├────────────────────────────────────┼────────┤
│ 0010_youtube_optimization.sql      │ 🕒️    │
├────────────────────────────────────┼────────┤
│ 0011_youtube_video_metadata.sql    │ 🕒️    │
└────────────────────────────────────┴────────┘
🌀 Executing on local database DB (b1c3f037-ad29-4440-a670-f2cfdfdb36a3) from ../tmp/miniflare-test-Epq7wP/v3/d1:
🌀 To execute on your remote database, add a --remote flag to your wrangler command.
🚣 11 commands executed successfully.
┌────────────────────────────────────┬────────┐
│ name                               │ status │
├────────────────────────────────────┼────────┤
│ 0001_create_users_and_sessions.sql │ ✅     │
├────────────────────────────────────┼────────┤
│ 0002_create_key_value_entries.sql  │ ✅     │
├────────────────────────────────────┼────────┤
│ 0003_dedupe_values.sql             │ ✅     │
├────────────────────────────────────┼────────┤
│ 0004_multipart_blobs.sql           │ 🕒️    │
├────────────────────────────────────┼────────┤
│ 0005_create_collections.sql        │ 🕒️    │
├────────────────────────────────────┼────────┤
│ 0006_add_metadata_and_origin.sql   │ 🕒️    │
├────────────────────────────────────┼────────┤
│ 0007_unique_collection_entries.sql │ 🕒️    │
├────────────────────────────────────┼────────┤
│ 0008_create_youtube_tables.sql     │ 🕒️    │
├────────────────────────────────────┼────────┤
│ 0009_youtube_sync.sql              │ 🕒️    │
├────────────────────────────────────┼────────┤
│ 0010_youtube_optimization.sql      │ 🕒️    │
├────────────────────────────────────┼────────┤
│ 0011_youtube_video_metadata.sql    │ 🕒️    │
└────────────────────────────────────┴────────┘
🌀 Executing on local database DB (b1c3f037-ad29-4440-a670-f2cfdfdb36a3) from ../tmp/miniflare-test-Epq7wP/v3/d1:
🌀 To execute on your remote database, add a --remote flag to your wrangler command.
🚣 16 commands executed successfully.
┌────────────────────────────────────┬────────┐
│ name                               │ status │
├────────────────────────────────────┼────────┤
│ 0001_create_users_and_sessions.sql │ ✅     │
├────────────────────────────────────┼────────┤
│ 0002_create_key_value_entries.sql  │ ✅     │
├────────────────────────────────────┼────────┤
│ 0003_dedupe_values.sql             │ ✅     │
├────────────────────────────────────┼────────┤
│ 0004_multipart_blobs.sql           │ ✅     │
├────────────────────────────────────┼────────┤
│ 0005_create_collections.sql        │ 🕒️    │
├────────────────────────────────────┼────────┤
│ 0006_add_metadata_and_origin.sql   │ 🕒️    │
├────────────────────────────────────┼────────┤
│ 0007_unique_collection_entries.sql │ 🕒️    │
├────────────────────────────────────┼────────┤
│ 0008_create_youtube_tables.sql     │ 🕒️    │
├────────────────────────────────────┼────────┤
│ 0009_youtube_sync.sql              │ 🕒️    │
├────────────────────────────────────┼────────┤
│ 0010_youtube_optimization.sql      │ 🕒️    │
├────────────────────────────────────┼────────┤
│ 0011_youtube_video_metadata.sql    │ 🕒️    │
└────────────────────────────────────┴────────┘
🌀 Executing on local database DB (b1c3f037-ad29-4440-a670-f2cfdfdb36a3) from ../tmp/miniflare-test-Epq7wP/v3/d1:
🌀 To execute on your remote database, add a --remote flag to your wrangler command.
🚣 6 commands executed successfully.
┌────────────────────────────────────┬────────┐
│ name                               │ status │
├────────────────────────────────────┼────────┤
│ 0001_create_users_and_sessions.sql │ ✅     │
├────────────────────────────────────┼────────┤
│ 0002_create_key_value_entries.sql  │ ✅     │
├────────────────────────────────────┼────────┤
│ 0003_dedupe_values.sql             │ ✅     │
├────────────────────────────────────┼────────┤
│ 0004_multipart_blobs.sql           │ ✅     │
├────────────────────────────────────┼────────┤
│ 0005_create_collections.sql        │ ✅     │
├────────────────────────────────────┼────────┤
│ 0006_add_metadata_and_origin.sql   │ 🕒️    │
├────────────────────────────────────┼────────┤
│ 0007_unique_collection_entries.sql │ 🕒️    │
├────────────────────────────────────┼────────┤
│ 0008_create_youtube_tables.sql     │ 🕒️    │
├────────────────────────────────────┼────────┤
│ 0009_youtube_sync.sql              │ 🕒️    │
├────────────────────────────────────┼────────┤
│ 0010_youtube_optimization.sql      │ 🕒️    │
├────────────────────────────────────┼────────┤
│ 0011_youtube_video_metadata.sql    │ 🕒️    │
└────────────────────────────────────┴────────┘
🌀 Executing on local database DB (b1c3f037-ad29-4440-a670-f2cfdfdb36a3) from ../tmp/miniflare-test-Epq7wP/v3/d1:
🌀 To execute on your remote database, add a --remote flag to your wrangler command.
🚣 5 commands executed successfully.
┌────────────────────────────────────┬────────┐
│ name                               │ status │
├────────────────────────────────────┼────────┤
│ 0001_create_users_and_sessions.sql │ ✅     │
├────────────────────────────────────┼────────┤
│ 0002_create_key_value_entries.sql  │ ✅     │
├────────────────────────────────────┼────────┤
│ 0003_dedupe_values.sql             │ ✅     │
├────────────────────────────────────┼────────┤
│ 0004_multipart_blobs.sql           │ ✅     │
├────────────────────────────────────┼────────┤
│ 0005_create_collections.sql        │ ✅     │
├────────────────────────────────────┼────────┤
│ 0006_add_metadata_and_origin.sql   │ ✅     │
├────────────────────────────────────┼────────┤
│ 0007_unique_collection_entries.sql │ 🕒️    │
├────────────────────────────────────┼────────┤
│ 0008_create_youtube_tables.sql     │ 🕒️    │
├────────────────────────────────────┼────────┤
│ 0009_youtube_sync.sql              │ 🕒️    │
├────────────────────────────────────┼────────┤
│ 0010_youtube_optimization.sql      │ 🕒️    │
├────────────────────────────────────┼────────┤
│ 0011_youtube_video_metadata.sql    │ 🕒️    │
└────────────────────────────────────┴────────┘
🌀 Executing on local database DB (b1c3f037-ad29-4440-a670-f2cfdfdb36a3) from ../tmp/miniflare-test-Epq7wP/v3/d1:
🌀 To execute on your remote database, add a --remote flag to your wrangler command.
🚣 3 commands executed successfully.
┌────────────────────────────────────┬────────┐
│ name                               │ status │
├────────────────────────────────────┼────────┤
│ 0001_create_users_and_sessions.sql │ ✅     │
├────────────────────────────────────┼────────┤
│ 0002_create_key_value_entries.sql  │ ✅     │
├────────────────────────────────────┼────────┤
│ 0003_dedupe_values.sql             │ ✅     │
├────────────────────────────────────┼────────┤
│ 0004_multipart_blobs.sql           │ ✅     │
├────────────────────────────────────┼────────┤
│ 0005_create_collections.sql        │ ✅     │
├────────────────────────────────────┼────────┤
│ 0006_add_metadata_and_origin.sql   │ ✅     │
├────────────────────────────────────┼────────┤
│ 0007_unique_collection_entries.sql │ ✅     │
├────────────────────────────────────┼────────┤
│ 0008_create_youtube_tables.sql     │ 🕒️    │
├────────────────────────────────────┼────────┤
│ 0009_youtube_sync.sql              │ 🕒️    │
├────────────────────────────────────┼────────┤
│ 0010_youtube_optimization.sql      │ 🕒️    │
├────────────────────────────────────┼────────┤
│ 0011_youtube_video_metadata.sql    │ 🕒️    │
└────────────────────────────────────┴────────┘
🌀 Executing on local database DB (b1c3f037-ad29-4440-a670-f2cfdfdb36a3) from ../tmp/miniflare-test-Epq7wP/v3/d1:
🌀 To execute on your remote database, add a --remote flag to your wrangler command.
🚣 3 commands executed successfully.
┌────────────────────────────────────┬────────┐
│ name                               │ status │
├────────────────────────────────────┼────────┤
│ 0001_create_users_and_sessions.sql │ ✅     │
├────────────────────────────────────┼────────┤
│ 0002_create_key_value_entries.sql  │ ✅     │
├────────────────────────────────────┼────────┤
│ 0003_dedupe_values.sql             │ ✅     │
├────────────────────────────────────┼────────┤
│ 0004_multipart_blobs.sql           │ ✅     │
├────────────────────────────────────┼────────┤
│ 0005_create_collections.sql        │ ✅     │
├────────────────────────────────────┼────────┤
│ 0006_add_metadata_and_origin.sql   │ ✅     │
├────────────────────────────────────┼────────┤
│ 0007_unique_collection_entries.sql │ ✅     │
├────────────────────────────────────┼────────┤
│ 0008_create_youtube_tables.sql     │ ✅     │
├────────────────────────────────────┼────────┤
│ 0009_youtube_sync.sql              │ 🕒️    │
├────────────────────────────────────┼────────┤
│ 0010_youtube_optimization.sql      │ 🕒️    │
├────────────────────────────────────┼────────┤
│ 0011_youtube_video_metadata.sql    │ 🕒️    │
└────────────────────────────────────┴────────┘
🌀 Executing on local database DB (b1c3f037-ad29-4440-a670-f2cfdfdb36a3) from ../tmp/miniflare-test-Epq7wP/v3/d1:
🌀 To execute on your remote database, add a --remote flag to your wrangler command.
🚣 4 commands executed successfully.
┌────────────────────────────────────┬────────┐
│ name                               │ status │
├────────────────────────────────────┼────────┤
│ 0001_create_users_and_sessions.sql │ ✅     │
├────────────────────────────────────┼────────┤
│ 0002_create_key_value_entries.sql  │ ✅     │
├────────────────────────────────────┼────────┤
│ 0003_dedupe_values.sql             │ ✅     │
├────────────────────────────────────┼────────┤
│ 0004_multipart_blobs.sql           │ ✅     │
├────────────────────────────────────┼────────┤
│ 0005_create_collections.sql        │ ✅     │
├────────────────────────────────────┼────────┤
│ 0006_add_metadata_and_origin.sql   │ ✅     │
├────────────────────────────────────┼────────┤
│ 0007_unique_collection_entries.sql │ ✅     │
├────────────────────────────────────┼────────┤
│ 0008_create_youtube_tables.sql     │ ✅     │
├────────────────────────────────────┼────────┤
│ 0009_youtube_sync.sql              │ ✅     │
├────────────────────────────────────┼────────┤
│ 0010_youtube_optimization.sql      │ 🕒️    │
├────────────────────────────────────┼────────┤
│ 0011_youtube_video_metadata.sql    │ 🕒️    │
└────────────────────────────────────┴────────┘
🌀 Executing on local database DB (b1c3f037-ad29-4440-a670-f2cfdfdb36a3) from ../tmp/miniflare-test-Epq7wP/v3/d1:
🌀 To execute on your remote database, add a --remote flag to your wrangler command.
🚣 3 commands executed successfully.
┌────────────────────────────────────┬────────┐
│ name                               │ status │
├────────────────────────────────────┼────────┤
│ 0001_create_users_and_sessions.sql │ ✅     │
├────────────────────────────────────┼────────┤
│ 0002_create_key_value_entries.sql  │ ✅     │
├────────────────────────────────────┼────────┤
│ 0003_dedupe_values.sql             │ ✅     │
├────────────────────────────────────┼────────┤
│ 0004_multipart_blobs.sql           │ ✅     │
├────────────────────────────────────┼────────┤
│ 0005_create_collections.sql        │ ✅     │
├────────────────────────────────────┼────────┤
│ 0006_add_metadata_and_origin.sql   │ ✅     │
├────────────────────────────────────┼────────┤
│ 0007_unique_collection_entries.sql │ ✅     │
├────────────────────────────────────┼────────┤
│ 0008_create_youtube_tables.sql     │ ✅     │
├────────────────────────────────────┼────────┤
│ 0009_youtube_sync.sql              │ ✅     │
├────────────────────────────────────┼────────┤
│ 0010_youtube_optimization.sql      │ ✅     │
├────────────────────────────────────┼────────┤
│ 0011_youtube_video_metadata.sql    │ 🕒️    │
└────────────────────────────────────┴────────┘
🌀 Executing on local database DB (b1c3f037-ad29-4440-a670-f2cfdfdb36a3) from ../tmp/miniflare-test-Epq7wP/v3/d1:
🌀 To execute on your remote database, add a --remote flag to your wrangler command.
🚣 22 commands executed successfully.
┌────────────────────────────────────┬────────┐
│ name                               │ status │
├────────────────────────────────────┼────────┤
│ 0001_create_users_and_sessions.sql │ ✅     │
├────────────────────────────────────┼────────┤
│ 0002_create_key_value_entries.sql  │ ✅     │
├────────────────────────────────────┼────────┤
│ 0003_dedupe_values.sql             │ ✅     │
├────────────────────────────────────┼────────┤
│ 0004_multipart_blobs.sql           │ ✅     │
├────────────────────────────────────┼────────┤
│ 0005_create_collections.sql        │ ✅     │
├────────────────────────────────────┼────────┤
│ 0006_add_metadata_and_origin.sql   │ ✅     │
├────────────────────────────────────┼────────┤
│ 0007_unique_collection_entries.sql │ ✅     │
├────────────────────────────────────┼────────┤
│ 0008_create_youtube_tables.sql     │ ✅     │
├────────────────────────────────────┼────────┤
│ 0009_youtube_sync.sql              │ ✅     │
├────────────────────────────────────┼────────┤
│ 0010_youtube_optimization.sql      │ ✅     │
├────────────────────────────────────┼────────┤
│ 0011_youtube_video_metadata.sql    │ ✅     │
└────────────────────────────────────┴────────┘
 ✓ tests/integration/multipart_upload.test.ts (2 tests) 11124ms
   ✓ Multipart Upload Integration Tests > should upload and retrieve a LARGE file (> 2MB)  1601ms

 ⛅️ wrangler 4.54.0 (update available 4.58.0)
─────────────────────────────────────────────
Resource location: local

Use --remote if you want to access the remote instance.

Migrations to be applied:
┌────────────────────────────────────┐
│ name                               │
├────────────────────────────────────┤
│ 0001_create_users_and_sessions.sql │
├────────────────────────────────────┤
│ 0002_create_key_value_entries.sql  │
├────────────────────────────────────┤
│ 0003_dedupe_values.sql             │
├────────────────────────────────────┤
│ 0004_multipart_blobs.sql           │
├────────────────────────────────────┤
│ 0005_create_collections.sql        │
├────────────────────────────────────┤
│ 0006_add_metadata_and_origin.sql   │
├────────────────────────────────────┤
│ 0007_unique_collection_entries.sql │
├────────────────────────────────────┤
│ 0008_create_youtube_tables.sql     │
├────────────────────────────────────┤
│ 0009_youtube_sync.sql              │
├────────────────────────────────────┤
│ 0010_youtube_optimization.sql      │
├────────────────────────────────────┤
│ 0011_youtube_video_metadata.sql    │
└────────────────────────────────────┘
? About to apply 11 migration(s)
Your database may not be available to serve requests during the migration, continue?
🤖 Using fallback value in non-interactive context: yes
🌀 Executing on local database DB (b1c3f037-ad29-4440-a670-f2cfdfdb36a3) from ../tmp/miniflare-test-ahUzlo/v3/d1:
🌀 To execute on your remote database, add a --remote flag to your wrangler command.
🚣 7 commands executed successfully.
┌────────────────────────────────────┬────────┐
│ name                               │ status │
├────────────────────────────────────┼────────┤
│ 0001_create_users_and_sessions.sql │ ✅     │
├────────────────────────────────────┼────────┤
│ 0002_create_key_value_entries.sql  │ 🕒️    │
├────────────────────────────────────┼────────┤
│ 0003_dedupe_values.sql             │ 🕒️    │
├────────────────────────────────────┼────────┤
│ 0004_multipart_blobs.sql           │ 🕒️    │
├────────────────────────────────────┼────────┤
│ 0005_create_collections.sql        │ 🕒️    │
├────────────────────────────────────┼────────┤
│ 0006_add_metadata_and_origin.sql   │ 🕒️    │
├────────────────────────────────────┼────────┤
│ 0007_unique_collection_entries.sql │ 🕒️    │
├────────────────────────────────────┼────────┤
│ 0008_create_youtube_tables.sql     │ 🕒️    │
├────────────────────────────────────┼────────┤
│ 0009_youtube_sync.sql              │ 🕒️    │
├────────────────────────────────────┼────────┤
│ 0010_youtube_optimization.sql      │ 🕒️    │
├────────────────────────────────────┼────────┤
│ 0011_youtube_video_metadata.sql    │ 🕒️    │
└────────────────────────────────────┴────────┘
🌀 Executing on local database DB (b1c3f037-ad29-4440-a670-f2cfdfdb36a3) from ../tmp/miniflare-test-ahUzlo/v3/d1:
🌀 To execute on your remote database, add a --remote flag to your wrangler command.
🚣 5 commands executed successfully.
┌────────────────────────────────────┬────────┐
│ name                               │ status │
├────────────────────────────────────┼────────┤
│ 0001_create_users_and_sessions.sql │ ✅     │
├────────────────────────────────────┼────────┤
│ 0002_create_key_value_entries.sql  │ ✅     │
├────────────────────────────────────┼────────┤
│ 0003_dedupe_values.sql             │ 🕒️    │
├────────────────────────────────────┼────────┤
│ 0004_multipart_blobs.sql           │ 🕒️    │
├────────────────────────────────────┼────────┤
│ 0005_create_collections.sql        │ 🕒️    │
├────────────────────────────────────┼────────┤
│ 0006_add_metadata_and_origin.sql   │ 🕒️    │
├────────────────────────────────────┼────────┤
│ 0007_unique_collection_entries.sql │ 🕒️    │
├────────────────────────────────────┼────────┤
│ 0008_create_youtube_tables.sql     │ 🕒️    │
├────────────────────────────────────┼────────┤
│ 0009_youtube_sync.sql              │ 🕒️    │
├────────────────────────────────────┼────────┤
│ 0010_youtube_optimization.sql      │ 🕒️    │
├────────────────────────────────────┼────────┤
│ 0011_youtube_video_metadata.sql    │ 🕒️    │
└────────────────────────────────────┴────────┘
🌀 Executing on local database DB (b1c3f037-ad29-4440-a670-f2cfdfdb36a3) from ../tmp/miniflare-test-ahUzlo/v3/d1:
🌀 To execute on your remote database, add a --remote flag to your wrangler command.
🚣 11 commands executed successfully.
┌────────────────────────────────────┬────────┐
│ name                               │ status │
├────────────────────────────────────┼────────┤
│ 0001_create_users_and_sessions.sql │ ✅     │
├────────────────────────────────────┼────────┤
│ 0002_create_key_value_entries.sql  │ ✅     │
├────────────────────────────────────┼────────┤
│ 0003_dedupe_values.sql             │ ✅     │
├────────────────────────────────────┼────────┤
│ 0004_multipart_blobs.sql           │ 🕒️    │
├────────────────────────────────────┼────────┤
│ 0005_create_collections.sql        │ 🕒️    │
├────────────────────────────────────┼────────┤
│ 0006_add_metadata_and_origin.sql   │ 🕒️    │
├────────────────────────────────────┼────────┤
│ 0007_unique_collection_entries.sql │ 🕒️    │
├────────────────────────────────────┼────────┤
│ 0008_create_youtube_tables.sql     │ 🕒️    │
├────────────────────────────────────┼────────┤
│ 0009_youtube_sync.sql              │ 🕒️    │
├────────────────────────────────────┼────────┤
│ 0010_youtube_optimization.sql      │ 🕒️    │
├────────────────────────────────────┼────────┤
│ 0011_youtube_video_metadata.sql    │ 🕒️    │
└────────────────────────────────────┴────────┘
🌀 Executing on local database DB (b1c3f037-ad29-4440-a670-f2cfdfdb36a3) from ../tmp/miniflare-test-ahUzlo/v3/d1:
🌀 To execute on your remote database, add a --remote flag to your wrangler command.
🚣 16 commands executed successfully.
┌────────────────────────────────────┬────────┐
│ name                               │ status │
├────────────────────────────────────┼────────┤
│ 0001_create_users_and_sessions.sql │ ✅     │
├────────────────────────────────────┼────────┤
│ 0002_create_key_value_entries.sql  │ ✅     │
├────────────────────────────────────┼────────┤
│ 0003_dedupe_values.sql             │ ✅     │
├────────────────────────────────────┼────────┤
│ 0004_multipart_blobs.sql           │ ✅     │
├────────────────────────────────────┼────────┤
│ 0005_create_collections.sql        │ 🕒️    │
├────────────────────────────────────┼────────┤
│ 0006_add_metadata_and_origin.sql   │ 🕒️    │
├────────────────────────────────────┼────────┤
│ 0007_unique_collection_entries.sql │ 🕒️    │
├────────────────────────────────────┼────────┤
│ 0008_create_youtube_tables.sql     │ 🕒️    │
├────────────────────────────────────┼────────┤
│ 0009_youtube_sync.sql              │ 🕒️    │
├────────────────────────────────────┼────────┤
│ 0010_youtube_optimization.sql      │ 🕒️    │
├────────────────────────────────────┼────────┤
│ 0011_youtube_video_metadata.sql    │ 🕒️    │
└────────────────────────────────────┴────────┘
🌀 Executing on local database DB (b1c3f037-ad29-4440-a670-f2cfdfdb36a3) from ../tmp/miniflare-test-ahUzlo/v3/d1:
🌀 To execute on your remote database, add a --remote flag to your wrangler command.
🚣 6 commands executed successfully.
┌────────────────────────────────────┬────────┐
│ name                               │ status │
├────────────────────────────────────┼────────┤
│ 0001_create_users_and_sessions.sql │ ✅     │
├────────────────────────────────────┼────────┤
│ 0002_create_key_value_entries.sql  │ ✅     │
├────────────────────────────────────┼────────┤
│ 0003_dedupe_values.sql             │ ✅     │
├────────────────────────────────────┼────────┤
│ 0004_multipart_blobs.sql           │ ✅     │
├────────────────────────────────────┼────────┤
│ 0005_create_collections.sql        │ ✅     │
├────────────────────────────────────┼────────┤
│ 0006_add_metadata_and_origin.sql   │ 🕒️    │
├────────────────────────────────────┼────────┤
│ 0007_unique_collection_entries.sql │ 🕒️    │
├────────────────────────────────────┼────────┤
│ 0008_create_youtube_tables.sql     │ 🕒️    │
├────────────────────────────────────┼────────┤
│ 0009_youtube_sync.sql              │ 🕒️    │
├────────────────────────────────────┼────────┤
│ 0010_youtube_optimization.sql      │ 🕒️    │
├────────────────────────────────────┼────────┤
│ 0011_youtube_video_metadata.sql    │ 🕒️    │
└────────────────────────────────────┴────────┘
🌀 Executing on local database DB (b1c3f037-ad29-4440-a670-f2cfdfdb36a3) from ../tmp/miniflare-test-ahUzlo/v3/d1:
🌀 To execute on your remote database, add a --remote flag to your wrangler command.
🚣 5 commands executed successfully.
┌────────────────────────────────────┬────────┐
│ name                               │ status │
├────────────────────────────────────┼────────┤
│ 0001_create_users_and_sessions.sql │ ✅     │
├────────────────────────────────────┼────────┤
│ 0002_create_key_value_entries.sql  │ ✅     │
├────────────────────────────────────┼────────┤
│ 0003_dedupe_values.sql             │ ✅     │
├────────────────────────────────────┼────────┤
│ 0004_multipart_blobs.sql           │ ✅     │
├────────────────────────────────────┼────────┤
│ 0005_create_collections.sql        │ ✅     │
├────────────────────────────────────┼────────┤
│ 0006_add_metadata_and_origin.sql   │ ✅     │
├────────────────────────────────────┼────────┤
│ 0007_unique_collection_entries.sql │ 🕒️    │
├────────────────────────────────────┼────────┤
│ 0008_create_youtube_tables.sql     │ 🕒️    │
├────────────────────────────────────┼────────┤
│ 0009_youtube_sync.sql              │ 🕒️    │
├────────────────────────────────────┼────────┤
│ 0010_youtube_optimization.sql      │ 🕒️    │
├────────────────────────────────────┼────────┤
│ 0011_youtube_video_metadata.sql    │ 🕒️    │
└────────────────────────────────────┴────────┘
🌀 Executing on local database DB (b1c3f037-ad29-4440-a670-f2cfdfdb36a3) from ../tmp/miniflare-test-ahUzlo/v3/d1:
🌀 To execute on your remote database, add a --remote flag to your wrangler command.
🚣 3 commands executed successfully.
┌────────────────────────────────────┬────────┐
│ name                               │ status │
├────────────────────────────────────┼────────┤
│ 0001_create_users_and_sessions.sql │ ✅     │
├────────────────────────────────────┼────────┤
│ 0002_create_key_value_entries.sql  │ ✅     │
├────────────────────────────────────┼────────┤
│ 0003_dedupe_values.sql             │ ✅     │
├────────────────────────────────────┼────────┤
│ 0004_multipart_blobs.sql           │ ✅     │
├────────────────────────────────────┼────────┤
│ 0005_create_collections.sql        │ ✅     │
├────────────────────────────────────┼────────┤
│ 0006_add_metadata_and_origin.sql   │ ✅     │
├────────────────────────────────────┼────────┤
│ 0007_unique_collection_entries.sql │ ✅     │
├────────────────────────────────────┼────────┤
│ 0008_create_youtube_tables.sql     │ 🕒️    │
├────────────────────────────────────┼────────┤
│ 0009_youtube_sync.sql              │ 🕒️    │
├────────────────────────────────────┼────────┤
│ 0010_youtube_optimization.sql      │ 🕒️    │
├────────────────────────────────────┼────────┤
│ 0011_youtube_video_metadata.sql    │ 🕒️    │
└────────────────────────────────────┴────────┘
🌀 Executing on local database DB (b1c3f037-ad29-4440-a670-f2cfdfdb36a3) from ../tmp/miniflare-test-ahUzlo/v3/d1:
🌀 To execute on your remote database, add a --remote flag to your wrangler command.
🚣 3 commands executed successfully.
┌────────────────────────────────────┬────────┐
│ name                               │ status │
├────────────────────────────────────┼────────┤
│ 0001_create_users_and_sessions.sql │ ✅     │
├────────────────────────────────────┼────────┤
│ 0002_create_key_value_entries.sql  │ ✅     │
├────────────────────────────────────┼────────┤
│ 0003_dedupe_values.sql             │ ✅     │
├────────────────────────────────────┼────────┤
│ 0004_multipart_blobs.sql           │ ✅     │
├────────────────────────────────────┼────────┤
│ 0005_create_collections.sql        │ ✅     │
├────────────────────────────────────┼────────┤
│ 0006_add_metadata_and_origin.sql   │ ✅     │
├────────────────────────────────────┼────────┤
│ 0007_unique_collection_entries.sql │ ✅     │
├────────────────────────────────────┼────────┤
│ 0008_create_youtube_tables.sql     │ ✅     │
├────────────────────────────────────┼────────┤
│ 0009_youtube_sync.sql              │ 🕒️    │
├────────────────────────────────────┼────────┤
│ 0010_youtube_optimization.sql      │ 🕒️    │
├────────────────────────────────────┼────────┤
│ 0011_youtube_video_metadata.sql    │ 🕒️    │
└────────────────────────────────────┴────────┘
🌀 Executing on local database DB (b1c3f037-ad29-4440-a670-f2cfdfdb36a3) from ../tmp/miniflare-test-ahUzlo/v3/d1:
🌀 To execute on your remote database, add a --remote flag to your wrangler command.
🚣 4 commands executed successfully.
┌────────────────────────────────────┬────────┐
│ name                               │ status │
├────────────────────────────────────┼────────┤
│ 0001_create_users_and_sessions.sql │ ✅     │
├────────────────────────────────────┼────────┤
│ 0002_create_key_value_entries.sql  │ ✅     │
├────────────────────────────────────┼────────┤
│ 0003_dedupe_values.sql             │ ✅     │
├────────────────────────────────────┼────────┤
│ 0004_multipart_blobs.sql           │ ✅     │
├────────────────────────────────────┼────────┤
│ 0005_create_collections.sql        │ ✅     │
├────────────────────────────────────┼────────┤
│ 0006_add_metadata_and_origin.sql   │ ✅     │
├────────────────────────────────────┼────────┤
│ 0007_unique_collection_entries.sql │ ✅     │
├────────────────────────────────────┼────────┤
│ 0008_create_youtube_tables.sql     │ ✅     │
├────────────────────────────────────┼────────┤
│ 0009_youtube_sync.sql              │ ✅     │
├────────────────────────────────────┼────────┤
│ 0010_youtube_optimization.sql      │ 🕒️    │
├────────────────────────────────────┼────────┤
│ 0011_youtube_video_metadata.sql    │ 🕒️    │
└────────────────────────────────────┴────────┘
🌀 Executing on local database DB (b1c3f037-ad29-4440-a670-f2cfdfdb36a3) from ../tmp/miniflare-test-ahUzlo/v3/d1:
🌀 To execute on your remote database, add a --remote flag to your wrangler command.
🚣 3 commands executed successfully.
┌────────────────────────────────────┬────────┐
│ name                               │ status │
├────────────────────────────────────┼────────┤
│ 0001_create_users_and_sessions.sql │ ✅     │
├────────────────────────────────────┼────────┤
│ 0002_create_key_value_entries.sql  │ ✅     │
├────────────────────────────────────┼────────┤
│ 0003_dedupe_values.sql             │ ✅     │
├────────────────────────────────────┼────────┤
│ 0004_multipart_blobs.sql           │ ✅     │
├────────────────────────────────────┼────────┤
│ 0005_create_collections.sql        │ ✅     │
├────────────────────────────────────┼────────┤
│ 0006_add_metadata_and_origin.sql   │ ✅     │
├────────────────────────────────────┼────────┤
│ 0007_unique_collection_entries.sql │ ✅     │
├────────────────────────────────────┼────────┤
│ 0008_create_youtube_tables.sql     │ ✅     │
├────────────────────────────────────┼────────┤
│ 0009_youtube_sync.sql              │ ✅     │
├────────────────────────────────────┼────────┤
│ 0010_youtube_optimization.sql      │ ✅     │
├────────────────────────────────────┼────────┤
│ 0011_youtube_video_metadata.sql    │ 🕒️    │
└────────────────────────────────────┴────────┘
🌀 Executing on local database DB (b1c3f037-ad29-4440-a670-f2cfdfdb36a3) from ../tmp/miniflare-test-ahUzlo/v3/d1:
🌀 To execute on your remote database, add a --remote flag to your wrangler command.
🚣 22 commands executed successfully.
┌────────────────────────────────────┬────────┐
│ name                               │ status │
├────────────────────────────────────┼────────┤
│ 0001_create_users_and_sessions.sql │ ✅     │
├────────────────────────────────────┼────────┤
│ 0002_create_key_value_entries.sql  │ ✅     │
├────────────────────────────────────┼────────┤
│ 0003_dedupe_values.sql             │ ✅     │
├────────────────────────────────────┼────────┤
│ 0004_multipart_blobs.sql           │ ✅     │
├────────────────────────────────────┼────────┤
│ 0005_create_collections.sql        │ ✅     │
├────────────────────────────────────┼────────┤
│ 0006_add_metadata_and_origin.sql   │ ✅     │
├────────────────────────────────────┼────────┤
│ 0007_unique_collection_entries.sql │ ✅     │
├────────────────────────────────────┼────────┤
│ 0008_create_youtube_tables.sql     │ ✅     │
├────────────────────────────────────┼────────┤
│ 0009_youtube_sync.sql              │ ✅     │
├────────────────────────────────────┼────────┤
│ 0010_youtube_optimization.sql      │ ✅     │
├────────────────────────────────────┼────────┤
│ 0011_youtube_video_metadata.sql    │ ✅     │
└────────────────────────────────────┴────────┘
 ✓ tests/integration/collection_export_secret.test.ts (8 tests) 11160ms
   ✓ Collection Export & Secret Bypass > should allow export with valid session (owner)  2628ms

 ⛅️ wrangler 4.54.0 (update available 4.58.0)
─────────────────────────────────────────────
Resource location: local

Use --remote if you want to access the remote instance.

Migrations to be applied:
┌────────────────────────────────────┐
│ name                               │
├────────────────────────────────────┤
│ 0001_create_users_and_sessions.sql │
├────────────────────────────────────┤
│ 0002_create_key_value_entries.sql  │
├────────────────────────────────────┤
│ 0003_dedupe_values.sql             │
├────────────────────────────────────┤
│ 0004_multipart_blobs.sql           │
├────────────────────────────────────┤
│ 0005_create_collections.sql        │
├────────────────────────────────────┤
│ 0006_add_metadata_and_origin.sql   │
├────────────────────────────────────┤
│ 0007_unique_collection_entries.sql │
├────────────────────────────────────┤
│ 0008_create_youtube_tables.sql     │
├────────────────────────────────────┤
│ 0009_youtube_sync.sql              │
├────────────────────────────────────┤
│ 0010_youtube_optimization.sql      │
├────────────────────────────────────┤
│ 0011_youtube_video_metadata.sql    │
└────────────────────────────────────┘
? About to apply 11 migration(s)
Your database may not be available to serve requests during the migration, continue?
🤖 Using fallback value in non-interactive context: yes
🌀 Executing on local database DB (b1c3f037-ad29-4440-a670-f2cfdfdb36a3) from ../tmp/miniflare-test-QFzc9s/v3/d1:
🌀 To execute on your remote database, add a --remote flag to your wrangler command.
🚣 7 commands executed successfully.
┌────────────────────────────────────┬────────┐
│ name                               │ status │
├────────────────────────────────────┼────────┤
│ 0001_create_users_and_sessions.sql │ ✅     │
├────────────────────────────────────┼────────┤
│ 0002_create_key_value_entries.sql  │ 🕒️    │
├────────────────────────────────────┼────────┤
│ 0003_dedupe_values.sql             │ 🕒️    │
├────────────────────────────────────┼────────┤
│ 0004_multipart_blobs.sql           │ 🕒️    │
├────────────────────────────────────┼────────┤
│ 0005_create_collections.sql        │ 🕒️    │
├────────────────────────────────────┼────────┤
│ 0006_add_metadata_and_origin.sql   │ 🕒️    │
├────────────────────────────────────┼────────┤
│ 0007_unique_collection_entries.sql │ 🕒️    │
├────────────────────────────────────┼────────┤
│ 0008_create_youtube_tables.sql     │ 🕒️    │
├────────────────────────────────────┼────────┤
│ 0009_youtube_sync.sql              │ 🕒️    │
├────────────────────────────────────┼────────┤
│ 0010_youtube_optimization.sql      │ 🕒️    │
├────────────────────────────────────┼────────┤
│ 0011_youtube_video_metadata.sql    │ 🕒️    │
└────────────────────────────────────┴────────┘
🌀 Executing on local database DB (b1c3f037-ad29-4440-a670-f2cfdfdb36a3) from ../tmp/miniflare-test-QFzc9s/v3/d1:
🌀 To execute on your remote database, add a --remote flag to your wrangler command.
🚣 5 commands executed successfully.
┌────────────────────────────────────┬────────┐
│ name                               │ status │
├────────────────────────────────────┼────────┤
│ 0001_create_users_and_sessions.sql │ ✅     │
├────────────────────────────────────┼────────┤
│ 0002_create_key_value_entries.sql  │ ✅     │
├────────────────────────────────────┼────────┤
│ 0003_dedupe_values.sql             │ 🕒️    │
├────────────────────────────────────┼────────┤
│ 0004_multipart_blobs.sql           │ 🕒️    │
├────────────────────────────────────┼────────┤
│ 0005_create_collections.sql        │ 🕒️    │
├────────────────────────────────────┼────────┤
│ 0006_add_metadata_and_origin.sql   │ 🕒️    │
├────────────────────────────────────┼────────┤
│ 0007_unique_collection_entries.sql │ 🕒️    │
├────────────────────────────────────┼────────┤
│ 0008_create_youtube_tables.sql     │ 🕒️    │
├────────────────────────────────────┼────────┤
│ 0009_youtube_sync.sql              │ 🕒️    │
├────────────────────────────────────┼────────┤
│ 0010_youtube_optimization.sql      │ 🕒️    │
├────────────────────────────────────┼────────┤
│ 0011_youtube_video_metadata.sql    │ 🕒️    │
└────────────────────────────────────┴────────┘
🌀 Executing on local database DB (b1c3f037-ad29-4440-a670-f2cfdfdb36a3) from ../tmp/miniflare-test-QFzc9s/v3/d1:
🌀 To execute on your remote database, add a --remote flag to your wrangler command.
🚣 11 commands executed successfully.
┌────────────────────────────────────┬────────┐
│ name                               │ status │
├────────────────────────────────────┼────────┤
│ 0001_create_users_and_sessions.sql │ ✅     │
├────────────────────────────────────┼────────┤
│ 0002_create_key_value_entries.sql  │ ✅     │
├────────────────────────────────────┼────────┤
│ 0003_dedupe_values.sql             │ ✅     │
├────────────────────────────────────┼────────┤
│ 0004_multipart_blobs.sql           │ 🕒️    │
├────────────────────────────────────┼────────┤
│ 0005_create_collections.sql        │ 🕒️    │
├────────────────────────────────────┼────────┤
│ 0006_add_metadata_and_origin.sql   │ 🕒️    │
├────────────────────────────────────┼────────┤
│ 0007_unique_collection_entries.sql │ 🕒️    │
├────────────────────────────────────┼────────┤
│ 0008_create_youtube_tables.sql     │ 🕒️    │
├────────────────────────────────────┼────────┤
│ 0009_youtube_sync.sql              │ 🕒️    │
├────────────────────────────────────┼────────┤
│ 0010_youtube_optimization.sql      │ 🕒️    │
├────────────────────────────────────┼────────┤
│ 0011_youtube_video_metadata.sql    │ 🕒️    │
└────────────────────────────────────┴────────┘
🌀 Executing on local database DB (b1c3f037-ad29-4440-a670-f2cfdfdb36a3) from ../tmp/miniflare-test-QFzc9s/v3/d1:
🌀 To execute on your remote database, add a --remote flag to your wrangler command.
🚣 16 commands executed successfully.
┌────────────────────────────────────┬────────┐
│ name                               │ status │
├────────────────────────────────────┼────────┤
│ 0001_create_users_and_sessions.sql │ ✅     │
├────────────────────────────────────┼────────┤
│ 0002_create_key_value_entries.sql  │ ✅     │
├────────────────────────────────────┼────────┤
│ 0003_dedupe_values.sql             │ ✅     │
├────────────────────────────────────┼────────┤
│ 0004_multipart_blobs.sql           │ ✅     │
├────────────────────────────────────┼────────┤
│ 0005_create_collections.sql        │ 🕒️    │
├────────────────────────────────────┼────────┤
│ 0006_add_metadata_and_origin.sql   │ 🕒️    │
├────────────────────────────────────┼────────┤
│ 0007_unique_collection_entries.sql │ 🕒️    │
├────────────────────────────────────┼────────┤
│ 0008_create_youtube_tables.sql     │ 🕒️    │
├────────────────────────────────────┼────────┤
│ 0009_youtube_sync.sql              │ 🕒️    │
├────────────────────────────────────┼────────┤
│ 0010_youtube_optimization.sql      │ 🕒️    │
├────────────────────────────────────┼────────┤
│ 0011_youtube_video_metadata.sql    │ 🕒️    │
└────────────────────────────────────┴────────┘
🌀 Executing on local database DB (b1c3f037-ad29-4440-a670-f2cfdfdb36a3) from ../tmp/miniflare-test-QFzc9s/v3/d1:
🌀 To execute on your remote database, add a --remote flag to your wrangler command.
🚣 6 commands executed successfully.
┌────────────────────────────────────┬────────┐
│ name                               │ status │
├────────────────────────────────────┼────────┤
│ 0001_create_users_and_sessions.sql │ ✅     │
├────────────────────────────────────┼────────┤
│ 0002_create_key_value_entries.sql  │ ✅     │
├────────────────────────────────────┼────────┤
│ 0003_dedupe_values.sql             │ ✅     │
├────────────────────────────────────┼────────┤
│ 0004_multipart_blobs.sql           │ ✅     │
├────────────────────────────────────┼────────┤
│ 0005_create_collections.sql        │ ✅     │
├────────────────────────────────────┼────────┤
│ 0006_add_metadata_and_origin.sql   │ 🕒️    │
├────────────────────────────────────┼────────┤
│ 0007_unique_collection_entries.sql │ 🕒️    │
├────────────────────────────────────┼────────┤
│ 0008_create_youtube_tables.sql     │ 🕒️    │
├────────────────────────────────────┼────────┤
│ 0009_youtube_sync.sql              │ 🕒️    │
├────────────────────────────────────┼────────┤
│ 0010_youtube_optimization.sql      │ 🕒️    │
├────────────────────────────────────┼────────┤
│ 0011_youtube_video_metadata.sql    │ 🕒️    │
└────────────────────────────────────┴────────┘
🌀 Executing on local database DB (b1c3f037-ad29-4440-a670-f2cfdfdb36a3) from ../tmp/miniflare-test-QFzc9s/v3/d1:
🌀 To execute on your remote database, add a --remote flag to your wrangler command.
🚣 5 commands executed successfully.
┌────────────────────────────────────┬────────┐
│ name                               │ status │
├────────────────────────────────────┼────────┤
│ 0001_create_users_and_sessions.sql │ ✅     │
├────────────────────────────────────┼────────┤
│ 0002_create_key_value_entries.sql  │ ✅     │
├────────────────────────────────────┼────────┤
│ 0003_dedupe_values.sql             │ ✅     │
├────────────────────────────────────┼────────┤
│ 0004_multipart_blobs.sql           │ ✅     │
├────────────────────────────────────┼────────┤
│ 0005_create_collections.sql        │ ✅     │
├────────────────────────────────────┼────────┤
│ 0006_add_metadata_and_origin.sql   │ ✅     │
├────────────────────────────────────┼────────┤
│ 0007_unique_collection_entries.sql │ 🕒️    │
├────────────────────────────────────┼────────┤
│ 0008_create_youtube_tables.sql     │ 🕒️    │
├────────────────────────────────────┼────────┤
│ 0009_youtube_sync.sql              │ 🕒️    │
├────────────────────────────────────┼────────┤
│ 0010_youtube_optimization.sql      │ 🕒️    │
├────────────────────────────────────┼────────┤
│ 0011_youtube_video_metadata.sql    │ 🕒️    │
└────────────────────────────────────┴────────┘
🌀 Executing on local database DB (b1c3f037-ad29-4440-a670-f2cfdfdb36a3) from ../tmp/miniflare-test-QFzc9s/v3/d1:
🌀 To execute on your remote database, add a --remote flag to your wrangler command.
🚣 3 commands executed successfully.
┌────────────────────────────────────┬────────┐
│ name                               │ status │
├────────────────────────────────────┼────────┤
│ 0001_create_users_and_sessions.sql │ ✅     │
├────────────────────────────────────┼────────┤
│ 0002_create_key_value_entries.sql  │ ✅     │
├────────────────────────────────────┼────────┤
│ 0003_dedupe_values.sql             │ ✅     │
├────────────────────────────────────┼────────┤
│ 0004_multipart_blobs.sql           │ ✅     │
├────────────────────────────────────┼────────┤
│ 0005_create_collections.sql        │ ✅     │
├────────────────────────────────────┼────────┤
│ 0006_add_metadata_and_origin.sql   │ ✅     │
├────────────────────────────────────┼────────┤
│ 0007_unique_collection_entries.sql │ ✅     │
├────────────────────────────────────┼────────┤
│ 0008_create_youtube_tables.sql     │ 🕒️    │
├────────────────────────────────────┼────────┤
│ 0009_youtube_sync.sql              │ 🕒️    │
├────────────────────────────────────┼────────┤
│ 0010_youtube_optimization.sql      │ 🕒️    │
├────────────────────────────────────┼────────┤
│ 0011_youtube_video_metadata.sql    │ 🕒️    │
└────────────────────────────────────┴────────┘
🌀 Executing on local database DB (b1c3f037-ad29-4440-a670-f2cfdfdb36a3) from ../tmp/miniflare-test-QFzc9s/v3/d1:
🌀 To execute on your remote database, add a --remote flag to your wrangler command.
🚣 3 commands executed successfully.
┌────────────────────────────────────┬────────┐
│ name                               │ status │
├────────────────────────────────────┼────────┤
│ 0001_create_users_and_sessions.sql │ ✅     │
├────────────────────────────────────┼────────┤
│ 0002_create_key_value_entries.sql  │ ✅     │
├────────────────────────────────────┼────────┤
│ 0003_dedupe_values.sql             │ ✅     │
├────────────────────────────────────┼────────┤
│ 0004_multipart_blobs.sql           │ ✅     │
├────────────────────────────────────┼────────┤
│ 0005_create_collections.sql        │ ✅     │
├────────────────────────────────────┼────────┤
│ 0006_add_metadata_and_origin.sql   │ ✅     │
├────────────────────────────────────┼────────┤
│ 0007_unique_collection_entries.sql │ ✅     │
├────────────────────────────────────┼────────┤
│ 0008_create_youtube_tables.sql     │ ✅     │
├────────────────────────────────────┼────────┤
│ 0009_youtube_sync.sql              │ 🕒️    │
├────────────────────────────────────┼────────┤
│ 0010_youtube_optimization.sql      │ 🕒️    │
├────────────────────────────────────┼────────┤
│ 0011_youtube_video_metadata.sql    │ 🕒️    │
└────────────────────────────────────┴────────┘
🌀 Executing on local database DB (b1c3f037-ad29-4440-a670-f2cfdfdb36a3) from ../tmp/miniflare-test-QFzc9s/v3/d1:
🌀 To execute on your remote database, add a --remote flag to your wrangler command.
🚣 4 commands executed successfully.
┌────────────────────────────────────┬────────┐
│ name                               │ status │
├────────────────────────────────────┼────────┤
│ 0001_create_users_and_sessions.sql │ ✅     │
├────────────────────────────────────┼────────┤
│ 0002_create_key_value_entries.sql  │ ✅     │
├────────────────────────────────────┼────────┤
│ 0003_dedupe_values.sql             │ ✅     │
├────────────────────────────────────┼────────┤
│ 0004_multipart_blobs.sql           │ ✅     │
├────────────────────────────────────┼────────┤
│ 0005_create_collections.sql        │ ✅     │
├────────────────────────────────────┼────────┤
│ 0006_add_metadata_and_origin.sql   │ ✅     │
├────────────────────────────────────┼────────┤
│ 0007_unique_collection_entries.sql │ ✅     │
├────────────────────────────────────┼────────┤
│ 0008_create_youtube_tables.sql     │ ✅     │
├────────────────────────────────────┼────────┤
│ 0009_youtube_sync.sql              │ ✅     │
├────────────────────────────────────┼────────┤
│ 0010_youtube_optimization.sql      │ 🕒️    │
├────────────────────────────────────┼────────┤
│ 0011_youtube_video_metadata.sql    │ 🕒️    │
└────────────────────────────────────┴────────┘
🌀 Executing on local database DB (b1c3f037-ad29-4440-a670-f2cfdfdb36a3) from ../tmp/miniflare-test-QFzc9s/v3/d1:
🌀 To execute on your remote database, add a --remote flag to your wrangler command.
🚣 3 commands executed successfully.
┌────────────────────────────────────┬────────┐
│ name                               │ status │
├────────────────────────────────────┼────────┤
│ 0001_create_users_and_sessions.sql │ ✅     │
├────────────────────────────────────┼────────┤
│ 0002_create_key_value_entries.sql  │ ✅     │
├────────────────────────────────────┼────────┤
│ 0003_dedupe_values.sql             │ ✅     │
├────────────────────────────────────┼────────┤
│ 0004_multipart_blobs.sql           │ ✅     │
├────────────────────────────────────┼────────┤
│ 0005_create_collections.sql        │ ✅     │
├────────────────────────────────────┼────────┤
│ 0006_add_metadata_and_origin.sql   │ ✅     │
├────────────────────────────────────┼────────┤
│ 0007_unique_collection_entries.sql │ ✅     │
├────────────────────────────────────┼────────┤
│ 0008_create_youtube_tables.sql     │ ✅     │
├────────────────────────────────────┼────────┤
│ 0009_youtube_sync.sql              │ ✅     │
├────────────────────────────────────┼────────┤
│ 0010_youtube_optimization.sql      │ ✅     │
├────────────────────────────────────┼────────┤
│ 0011_youtube_video_metadata.sql    │ 🕒️    │
└────────────────────────────────────┴────────┘
🌀 Executing on local database DB (b1c3f037-ad29-4440-a670-f2cfdfdb36a3) from ../tmp/miniflare-test-QFzc9s/v3/d1:
🌀 To execute on your remote database, add a --remote flag to your wrangler command.
🚣 22 commands executed successfully.
┌────────────────────────────────────┬────────┐
│ name                               │ status │
├────────────────────────────────────┼────────┤
│ 0001_create_users_and_sessions.sql │ ✅     │
├────────────────────────────────────┼────────┤
│ 0002_create_key_value_entries.sql  │ ✅     │
├────────────────────────────────────┼────────┤
│ 0003_dedupe_values.sql             │ ✅     │
├────────────────────────────────────┼────────┤
│ 0004_multipart_blobs.sql           │ ✅     │
├────────────────────────────────────┼────────┤
│ 0005_create_collections.sql        │ ✅     │
├────────────────────────────────────┼────────┤
│ 0006_add_metadata_and_origin.sql   │ ✅     │
├────────────────────────────────────┼────────┤
│ 0007_unique_collection_entries.sql │ ✅     │
├────────────────────────────────────┼────────┤
│ 0008_create_youtube_tables.sql     │ ✅     │
├────────────────────────────────────┼────────┤
│ 0009_youtube_sync.sql              │ ✅     │
├────────────────────────────────────┼────────┤
│ 0010_youtube_optimization.sql      │ ✅     │
├────────────────────────────────────┼────────┤
│ 0011_youtube_video_metadata.sql    │ ✅     │
└────────────────────────────────────┴────────┘
stderr | tests/integration/youtube.test.ts > YouTube Integration > should return 404 if not found in API
Error resolving handle: Error: YouTube API error: 404 Not Found
    at YoutubeService.fetchFromApi (script-0:23291:15)
    at async YoutubeService.resolveChannelId (script-0:23345:23)
    at async YoutubeService.getChannel (script-0:23375:14)
    at async script-0:24211:25
    at async dispatch (script-0:4742:17)
    at async script-0:4690:12
    at async dispatch (script-0:4742:17)
    at async requireAuth (script-0:20714:3)
    at async dispatch (script-0:4742:17)
    at async sessionCleanupMiddleware (script-0:20669:3)

 ✓ tests/integration/youtube.test.ts (4 tests) 9311ms
   ✓ YouTube Integration > should fetch channel from API on first request and cache it  1717ms

 ⛅️ wrangler 4.54.0 (update available 4.58.0)
─────────────────────────────────────────────
Resource location: local

Use --remote if you want to access the remote instance.

Migrations to be applied:
┌────────────────────────────────────┐
│ name                               │
├────────────────────────────────────┤
│ 0001_create_users_and_sessions.sql │
├────────────────────────────────────┤
│ 0002_create_key_value_entries.sql  │
├────────────────────────────────────┤
│ 0003_dedupe_values.sql             │
├────────────────────────────────────┤
│ 0004_multipart_blobs.sql           │
├────────────────────────────────────┤
│ 0005_create_collections.sql        │
├────────────────────────────────────┤
│ 0006_add_metadata_and_origin.sql   │
├────────────────────────────────────┤
│ 0007_unique_collection_entries.sql │
├────────────────────────────────────┤
│ 0008_create_youtube_tables.sql     │
├────────────────────────────────────┤
│ 0009_youtube_sync.sql              │
├────────────────────────────────────┤
│ 0010_youtube_optimization.sql      │
├────────────────────────────────────┤
│ 0011_youtube_video_metadata.sql    │
└────────────────────────────────────┘
? About to apply 11 migration(s)
Your database may not be available to serve requests during the migration, continue?
🤖 Using fallback value in non-interactive context: yes
🌀 Executing on local database DB (b1c3f037-ad29-4440-a670-f2cfdfdb36a3) from ../tmp/miniflare-test-IWDBPV/v3/d1:
🌀 To execute on your remote database, add a --remote flag to your wrangler command.
🚣 7 commands executed successfully.
┌────────────────────────────────────┬────────┐
│ name                               │ status │
├────────────────────────────────────┼────────┤
│ 0001_create_users_and_sessions.sql │ ✅     │
├────────────────────────────────────┼────────┤
│ 0002_create_key_value_entries.sql  │ 🕒️    │
├────────────────────────────────────┼────────┤
│ 0003_dedupe_values.sql             │ 🕒️    │
├────────────────────────────────────┼────────┤
│ 0004_multipart_blobs.sql           │ 🕒️    │
├────────────────────────────────────┼────────┤
│ 0005_create_collections.sql        │ 🕒️    │
├────────────────────────────────────┼────────┤
│ 0006_add_metadata_and_origin.sql   │ 🕒️    │
├────────────────────────────────────┼────────┤
│ 0007_unique_collection_entries.sql │ 🕒️    │
├────────────────────────────────────┼────────┤
│ 0008_create_youtube_tables.sql     │ 🕒️    │
├────────────────────────────────────┼────────┤
│ 0009_youtube_sync.sql              │ 🕒️    │
├────────────────────────────────────┼────────┤
│ 0010_youtube_optimization.sql      │ 🕒️    │
├────────────────────────────────────┼────────┤
│ 0011_youtube_video_metadata.sql    │ 🕒️    │
└────────────────────────────────────┴────────┘
🌀 Executing on local database DB (b1c3f037-ad29-4440-a670-f2cfdfdb36a3) from ../tmp/miniflare-test-IWDBPV/v3/d1:
🌀 To execute on your remote database, add a --remote flag to your wrangler command.
🚣 5 commands executed successfully.
┌────────────────────────────────────┬────────┐
│ name                               │ status │
├────────────────────────────────────┼────────┤
│ 0001_create_users_and_sessions.sql │ ✅     │
├────────────────────────────────────┼────────┤
│ 0002_create_key_value_entries.sql  │ ✅     │
├────────────────────────────────────┼────────┤
│ 0003_dedupe_values.sql             │ 🕒️    │
├────────────────────────────────────┼────────┤
│ 0004_multipart_blobs.sql           │ 🕒️    │
├────────────────────────────────────┼────────┤
│ 0005_create_collections.sql        │ 🕒️    │
├────────────────────────────────────┼────────┤
│ 0006_add_metadata_and_origin.sql   │ 🕒️    │
├────────────────────────────────────┼────────┤
│ 0007_unique_collection_entries.sql │ 🕒️    │
├────────────────────────────────────┼────────┤
│ 0008_create_youtube_tables.sql     │ 🕒️    │
├────────────────────────────────────┼────────┤
│ 0009_youtube_sync.sql              │ 🕒️    │
├────────────────────────────────────┼────────┤
│ 0010_youtube_optimization.sql      │ 🕒️    │
├────────────────────────────────────┼────────┤
│ 0011_youtube_video_metadata.sql    │ 🕒️    │
└────────────────────────────────────┴────────┘
🌀 Executing on local database DB (b1c3f037-ad29-4440-a670-f2cfdfdb36a3) from ../tmp/miniflare-test-IWDBPV/v3/d1:
🌀 To execute on your remote database, add a --remote flag to your wrangler command.
🚣 11 commands executed successfully.
┌────────────────────────────────────┬────────┐
│ name                               │ status │
├────────────────────────────────────┼────────┤
│ 0001_create_users_and_sessions.sql │ ✅     │
├────────────────────────────────────┼────────┤
│ 0002_create_key_value_entries.sql  │ ✅     │
├────────────────────────────────────┼────────┤
│ 0003_dedupe_values.sql             │ ✅     │
├────────────────────────────────────┼────────┤
│ 0004_multipart_blobs.sql           │ 🕒️    │
├────────────────────────────────────┼────────┤
│ 0005_create_collections.sql        │ 🕒️    │
├────────────────────────────────────┼────────┤
│ 0006_add_metadata_and_origin.sql   │ 🕒️    │
├────────────────────────────────────┼────────┤
│ 0007_unique_collection_entries.sql │ 🕒️    │
├────────────────────────────────────┼────────┤
│ 0008_create_youtube_tables.sql     │ 🕒️    │
├────────────────────────────────────┼────────┤
│ 0009_youtube_sync.sql              │ 🕒️    │
├────────────────────────────────────┼────────┤
│ 0010_youtube_optimization.sql      │ 🕒️    │
├────────────────────────────────────┼────────┤
│ 0011_youtube_video_metadata.sql    │ 🕒️    │
└────────────────────────────────────┴────────┘
🌀 Executing on local database DB (b1c3f037-ad29-4440-a670-f2cfdfdb36a3) from ../tmp/miniflare-test-IWDBPV/v3/d1:
🌀 To execute on your remote database, add a --remote flag to your wrangler command.
🚣 16 commands executed successfully.
┌────────────────────────────────────┬────────┐
│ name                               │ status │
├────────────────────────────────────┼────────┤
│ 0001_create_users_and_sessions.sql │ ✅     │
├────────────────────────────────────┼────────┤
│ 0002_create_key_value_entries.sql  │ ✅     │
├────────────────────────────────────┼────────┤
│ 0003_dedupe_values.sql             │ ✅     │
├────────────────────────────────────┼────────┤
│ 0004_multipart_blobs.sql           │ ✅     │
├────────────────────────────────────┼────────┤
│ 0005_create_collections.sql        │ 🕒️    │
├────────────────────────────────────┼────────┤
│ 0006_add_metadata_and_origin.sql   │ 🕒️    │
├────────────────────────────────────┼────────┤
│ 0007_unique_collection_entries.sql │ 🕒️    │
├────────────────────────────────────┼────────┤
│ 0008_create_youtube_tables.sql     │ 🕒️    │
├────────────────────────────────────┼────────┤
│ 0009_youtube_sync.sql              │ 🕒️    │
├────────────────────────────────────┼────────┤
│ 0010_youtube_optimization.sql      │ 🕒️    │
├────────────────────────────────────┼────────┤
│ 0011_youtube_video_metadata.sql    │ 🕒️    │
└────────────────────────────────────┴────────┘
🌀 Executing on local database DB (b1c3f037-ad29-4440-a670-f2cfdfdb36a3) from ../tmp/miniflare-test-IWDBPV/v3/d1:
🌀 To execute on your remote database, add a --remote flag to your wrangler command.
🚣 6 commands executed successfully.
┌────────────────────────────────────┬────────┐
│ name                               │ status │
├────────────────────────────────────┼────────┤
│ 0001_create_users_and_sessions.sql │ ✅     │
├────────────────────────────────────┼────────┤
│ 0002_create_key_value_entries.sql  │ ✅     │
├────────────────────────────────────┼────────┤
│ 0003_dedupe_values.sql             │ ✅     │
├────────────────────────────────────┼────────┤
│ 0004_multipart_blobs.sql           │ ✅     │
├────────────────────────────────────┼────────┤
│ 0005_create_collections.sql        │ ✅     │
├────────────────────────────────────┼────────┤
│ 0006_add_metadata_and_origin.sql   │ 🕒️    │
├────────────────────────────────────┼────────┤
│ 0007_unique_collection_entries.sql │ 🕒️    │
├────────────────────────────────────┼────────┤
│ 0008_create_youtube_tables.sql     │ 🕒️    │
├────────────────────────────────────┼────────┤
│ 0009_youtube_sync.sql              │ 🕒️    │
├────────────────────────────────────┼────────┤
│ 0010_youtube_optimization.sql      │ 🕒️    │
├────────────────────────────────────┼────────┤
│ 0011_youtube_video_metadata.sql    │ 🕒️    │
└────────────────────────────────────┴────────┘
🌀 Executing on local database DB (b1c3f037-ad29-4440-a670-f2cfdfdb36a3) from ../tmp/miniflare-test-IWDBPV/v3/d1:
🌀 To execute on your remote database, add a --remote flag to your wrangler command.
🚣 5 commands executed successfully.
┌────────────────────────────────────┬────────┐
│ name                               │ status │
├────────────────────────────────────┼────────┤
│ 0001_create_users_and_sessions.sql │ ✅     │
├────────────────────────────────────┼────────┤
│ 0002_create_key_value_entries.sql  │ ✅     │
├────────────────────────────────────┼────────┤
│ 0003_dedupe_values.sql             │ ✅     │
├────────────────────────────────────┼────────┤
│ 0004_multipart_blobs.sql           │ ✅     │
├────────────────────────────────────┼────────┤
│ 0005_create_collections.sql        │ ✅     │
├────────────────────────────────────┼────────┤
│ 0006_add_metadata_and_origin.sql   │ ✅     │
├────────────────────────────────────┼────────┤
│ 0007_unique_collection_entries.sql │ 🕒️    │
├────────────────────────────────────┼────────┤
│ 0008_create_youtube_tables.sql     │ 🕒️    │
├────────────────────────────────────┼────────┤
│ 0009_youtube_sync.sql              │ 🕒️    │
├────────────────────────────────────┼────────┤
│ 0010_youtube_optimization.sql      │ 🕒️    │
├────────────────────────────────────┼────────┤
│ 0011_youtube_video_metadata.sql    │ 🕒️    │
└────────────────────────────────────┴────────┘
🌀 Executing on local database DB (b1c3f037-ad29-4440-a670-f2cfdfdb36a3) from ../tmp/miniflare-test-IWDBPV/v3/d1:
🌀 To execute on your remote database, add a --remote flag to your wrangler command.
🚣 3 commands executed successfully.
┌────────────────────────────────────┬────────┐
│ name                               │ status │
├────────────────────────────────────┼────────┤
│ 0001_create_users_and_sessions.sql │ ✅     │
├────────────────────────────────────┼────────┤
│ 0002_create_key_value_entries.sql  │ ✅     │
├────────────────────────────────────┼────────┤
│ 0003_dedupe_values.sql             │ ✅     │
├────────────────────────────────────┼────────┤
│ 0004_multipart_blobs.sql           │ ✅     │
├────────────────────────────────────┼────────┤
│ 0005_create_collections.sql        │ ✅     │
├────────────────────────────────────┼────────┤
│ 0006_add_metadata_and_origin.sql   │ ✅     │
├────────────────────────────────────┼────────┤
│ 0007_unique_collection_entries.sql │ ✅     │
├────────────────────────────────────┼────────┤
│ 0008_create_youtube_tables.sql     │ 🕒️    │
├────────────────────────────────────┼────────┤
│ 0009_youtube_sync.sql              │ 🕒️    │
├────────────────────────────────────┼────────┤
│ 0010_youtube_optimization.sql      │ 🕒️    │
├────────────────────────────────────┼────────┤
│ 0011_youtube_video_metadata.sql    │ 🕒️    │
└────────────────────────────────────┴────────┘
🌀 Executing on local database DB (b1c3f037-ad29-4440-a670-f2cfdfdb36a3) from ../tmp/miniflare-test-IWDBPV/v3/d1:
🌀 To execute on your remote database, add a --remote flag to your wrangler command.
🚣 3 commands executed successfully.
┌────────────────────────────────────┬────────┐
│ name                               │ status │
├────────────────────────────────────┼────────┤
│ 0001_create_users_and_sessions.sql │ ✅     │
├────────────────────────────────────┼────────┤
│ 0002_create_key_value_entries.sql  │ ✅     │
├────────────────────────────────────┼────────┤
│ 0003_dedupe_values.sql             │ ✅     │
├────────────────────────────────────┼────────┤
│ 0004_multipart_blobs.sql           │ ✅     │
├────────────────────────────────────┼────────┤
│ 0005_create_collections.sql        │ ✅     │
├────────────────────────────────────┼────────┤
│ 0006_add_metadata_and_origin.sql   │ ✅     │
├────────────────────────────────────┼────────┤
│ 0007_unique_collection_entries.sql │ ✅     │
├────────────────────────────────────┼────────┤
│ 0008_create_youtube_tables.sql     │ ✅     │
├────────────────────────────────────┼────────┤
│ 0009_youtube_sync.sql              │ 🕒️    │
├────────────────────────────────────┼────────┤
│ 0010_youtube_optimization.sql      │ 🕒️    │
├────────────────────────────────────┼────────┤
│ 0011_youtube_video_metadata.sql    │ 🕒️    │
└────────────────────────────────────┴────────┘
🌀 Executing on local database DB (b1c3f037-ad29-4440-a670-f2cfdfdb36a3) from ../tmp/miniflare-test-IWDBPV/v3/d1:
🌀 To execute on your remote database, add a --remote flag to your wrangler command.
🚣 4 commands executed successfully.
┌────────────────────────────────────┬────────┐
│ name                               │ status │
├────────────────────────────────────┼────────┤
│ 0001_create_users_and_sessions.sql │ ✅     │
├────────────────────────────────────┼────────┤
│ 0002_create_key_value_entries.sql  │ ✅     │
├────────────────────────────────────┼────────┤
│ 0003_dedupe_values.sql             │ ✅     │
├────────────────────────────────────┼────────┤
│ 0004_multipart_blobs.sql           │ ✅     │
├────────────────────────────────────┼────────┤
│ 0005_create_collections.sql        │ ✅     │
├────────────────────────────────────┼────────┤
│ 0006_add_metadata_and_origin.sql   │ ✅     │
├────────────────────────────────────┼────────┤
│ 0007_unique_collection_entries.sql │ ✅     │
├────────────────────────────────────┼────────┤
│ 0008_create_youtube_tables.sql     │ ✅     │
├────────────────────────────────────┼────────┤
│ 0009_youtube_sync.sql              │ ✅     │
├────────────────────────────────────┼────────┤
│ 0010_youtube_optimization.sql      │ 🕒️    │
├────────────────────────────────────┼────────┤
│ 0011_youtube_video_metadata.sql    │ 🕒️    │
└────────────────────────────────────┴────────┘
🌀 Executing on local database DB (b1c3f037-ad29-4440-a670-f2cfdfdb36a3) from ../tmp/miniflare-test-IWDBPV/v3/d1:
🌀 To execute on your remote database, add a --remote flag to your wrangler command.
🚣 3 commands executed successfully.
┌────────────────────────────────────┬────────┐
│ name                               │ status │
├────────────────────────────────────┼────────┤
│ 0001_create_users_and_sessions.sql │ ✅     │
├────────────────────────────────────┼────────┤
│ 0002_create_key_value_entries.sql  │ ✅     │
├────────────────────────────────────┼────────┤
│ 0003_dedupe_values.sql             │ ✅     │
├────────────────────────────────────┼────────┤
│ 0004_multipart_blobs.sql           │ ✅     │
├────────────────────────────────────┼────────┤
│ 0005_create_collections.sql        │ ✅     │
├────────────────────────────────────┼────────┤
│ 0006_add_metadata_and_origin.sql   │ ✅     │
├────────────────────────────────────┼────────┤
│ 0007_unique_collection_entries.sql │ ✅     │
├────────────────────────────────────┼────────┤
│ 0008_create_youtube_tables.sql     │ ✅     │
├────────────────────────────────────┼────────┤
│ 0009_youtube_sync.sql              │ ✅     │
├────────────────────────────────────┼────────┤
│ 0010_youtube_optimization.sql      │ ✅     │
├────────────────────────────────────┼────────┤
│ 0011_youtube_video_metadata.sql    │ 🕒️    │
└────────────────────────────────────┴────────┘
🌀 Executing on local database DB (b1c3f037-ad29-4440-a670-f2cfdfdb36a3) from ../tmp/miniflare-test-IWDBPV/v3/d1:
🌀 To execute on your remote database, add a --remote flag to your wrangler command.
🚣 22 commands executed successfully.
┌────────────────────────────────────┬────────┐
│ name                               │ status │
├────────────────────────────────────┼────────┤
│ 0001_create_users_and_sessions.sql │ ✅     │
├────────────────────────────────────┼────────┤
│ 0002_create_key_value_entries.sql  │ ✅     │
├────────────────────────────────────┼────────┤
│ 0003_dedupe_values.sql             │ ✅     │
├────────────────────────────────────┼────────┤
│ 0004_multipart_blobs.sql           │ ✅     │
├────────────────────────────────────┼────────┤
│ 0005_create_collections.sql        │ ✅     │
├────────────────────────────────────┼────────┤
│ 0006_add_metadata_and_origin.sql   │ ✅     │
├────────────────────────────────────┼────────┤
│ 0007_unique_collection_entries.sql │ ✅     │
├────────────────────────────────────┼────────┤
│ 0008_create_youtube_tables.sql     │ ✅     │
├────────────────────────────────────┼────────┤
│ 0009_youtube_sync.sql              │ ✅     │
├────────────────────────────────────┼────────┤
│ 0010_youtube_optimization.sql      │ ✅     │
├────────────────────────────────────┼────────┤
│ 0011_youtube_video_metadata.sql    │ ✅     │
└────────────────────────────────────┴────────┘
 ✓ tests/integration/cors.test.ts (3 tests) 8671ms

 ⛅️ wrangler 4.54.0 (update available 4.58.0)
─────────────────────────────────────────────
Resource location: local

Use --remote if you want to access the remote instance.

Migrations to be applied:
┌────────────────────────────────────┐
│ name                               │
├────────────────────────────────────┤
│ 0001_create_users_and_sessions.sql │
├────────────────────────────────────┤
│ 0002_create_key_value_entries.sql  │
├────────────────────────────────────┤
│ 0003_dedupe_values.sql             │
├────────────────────────────────────┤
│ 0004_multipart_blobs.sql           │
├────────────────────────────────────┤
│ 0005_create_collections.sql        │
├────────────────────────────────────┤
│ 0006_add_metadata_and_origin.sql   │
├────────────────────────────────────┤
│ 0007_unique_collection_entries.sql │
├────────────────────────────────────┤
│ 0008_create_youtube_tables.sql     │
├────────────────────────────────────┤
│ 0009_youtube_sync.sql              │
├────────────────────────────────────┤
│ 0010_youtube_optimization.sql      │
├────────────────────────────────────┤
│ 0011_youtube_video_metadata.sql    │
└────────────────────────────────────┘
? About to apply 11 migration(s)
Your database may not be available to serve requests during the migration, continue?
🤖 Using fallback value in non-interactive context: yes
🌀 Executing on local database DB (b1c3f037-ad29-4440-a670-f2cfdfdb36a3) from ../tmp/miniflare-test-aiR8Mb/v3/d1:
🌀 To execute on your remote database, add a --remote flag to your wrangler command.
🚣 7 commands executed successfully.
┌────────────────────────────────────┬────────┐
│ name                               │ status │
├────────────────────────────────────┼────────┤
│ 0001_create_users_and_sessions.sql │ ✅     │
├────────────────────────────────────┼────────┤
│ 0002_create_key_value_entries.sql  │ 🕒️    │
├────────────────────────────────────┼────────┤
│ 0003_dedupe_values.sql             │ 🕒️    │
├────────────────────────────────────┼────────┤
│ 0004_multipart_blobs.sql           │ 🕒️    │
├────────────────────────────────────┼────────┤
│ 0005_create_collections.sql        │ 🕒️    │
├────────────────────────────────────┼────────┤
│ 0006_add_metadata_and_origin.sql   │ 🕒️    │
├────────────────────────────────────┼────────┤
│ 0007_unique_collection_entries.sql │ 🕒️    │
├────────────────────────────────────┼────────┤
│ 0008_create_youtube_tables.sql     │ 🕒️    │
├────────────────────────────────────┼────────┤
│ 0009_youtube_sync.sql              │ 🕒️    │
├────────────────────────────────────┼────────┤
│ 0010_youtube_optimization.sql      │ 🕒️    │
├────────────────────────────────────┼────────┤
│ 0011_youtube_video_metadata.sql    │ 🕒️    │
└────────────────────────────────────┴────────┘
🌀 Executing on local database DB (b1c3f037-ad29-4440-a670-f2cfdfdb36a3) from ../tmp/miniflare-test-aiR8Mb/v3/d1:
🌀 To execute on your remote database, add a --remote flag to your wrangler command.
🚣 5 commands executed successfully.
┌────────────────────────────────────┬────────┐
│ name                               │ status │
├────────────────────────────────────┼────────┤
│ 0001_create_users_and_sessions.sql │ ✅     │
├────────────────────────────────────┼────────┤
│ 0002_create_key_value_entries.sql  │ ✅     │
├────────────────────────────────────┼────────┤
│ 0003_dedupe_values.sql             │ 🕒️    │
├────────────────────────────────────┼────────┤
│ 0004_multipart_blobs.sql           │ 🕒️    │
├────────────────────────────────────┼────────┤
│ 0005_create_collections.sql        │ 🕒️    │
├────────────────────────────────────┼────────┤
│ 0006_add_metadata_and_origin.sql   │ 🕒️    │
├────────────────────────────────────┼────────┤
│ 0007_unique_collection_entries.sql │ 🕒️    │
├────────────────────────────────────┼────────┤
│ 0008_create_youtube_tables.sql     │ 🕒️    │
├────────────────────────────────────┼────────┤
│ 0009_youtube_sync.sql              │ 🕒️    │
├────────────────────────────────────┼────────┤
│ 0010_youtube_optimization.sql      │ 🕒️    │
├────────────────────────────────────┼────────┤
│ 0011_youtube_video_metadata.sql    │ 🕒️    │
└────────────────────────────────────┴────────┘
🌀 Executing on local database DB (b1c3f037-ad29-4440-a670-f2cfdfdb36a3) from ../tmp/miniflare-test-aiR8Mb/v3/d1:
🌀 To execute on your remote database, add a --remote flag to your wrangler command.
🚣 11 commands executed successfully.
┌────────────────────────────────────┬────────┐
│ name                               │ status │
├────────────────────────────────────┼────────┤
│ 0001_create_users_and_sessions.sql │ ✅     │
├────────────────────────────────────┼────────┤
│ 0002_create_key_value_entries.sql  │ ✅     │
├────────────────────────────────────┼────────┤
│ 0003_dedupe_values.sql             │ ✅     │
├────────────────────────────────────┼────────┤
│ 0004_multipart_blobs.sql           │ 🕒️    │
├────────────────────────────────────┼────────┤
│ 0005_create_collections.sql        │ 🕒️    │
├────────────────────────────────────┼────────┤
│ 0006_add_metadata_and_origin.sql   │ 🕒️    │
├────────────────────────────────────┼────────┤
│ 0007_unique_collection_entries.sql │ 🕒️    │
├────────────────────────────────────┼────────┤
│ 0008_create_youtube_tables.sql     │ 🕒️    │
├────────────────────────────────────┼────────┤
│ 0009_youtube_sync.sql              │ 🕒️    │
├────────────────────────────────────┼────────┤
│ 0010_youtube_optimization.sql      │ 🕒️    │
├────────────────────────────────────┼────────┤
│ 0011_youtube_video_metadata.sql    │ 🕒️    │
└────────────────────────────────────┴────────┘
🌀 Executing on local database DB (b1c3f037-ad29-4440-a670-f2cfdfdb36a3) from ../tmp/miniflare-test-aiR8Mb/v3/d1:
🌀 To execute on your remote database, add a --remote flag to your wrangler command.
🚣 16 commands executed successfully.
┌────────────────────────────────────┬────────┐
│ name                               │ status │
├────────────────────────────────────┼────────┤
│ 0001_create_users_and_sessions.sql │ ✅     │
├────────────────────────────────────┼────────┤
│ 0002_create_key_value_entries.sql  │ ✅     │
├────────────────────────────────────┼────────┤
│ 0003_dedupe_values.sql             │ ✅     │
├────────────────────────────────────┼────────┤
│ 0004_multipart_blobs.sql           │ ✅     │
├────────────────────────────────────┼────────┤
│ 0005_create_collections.sql        │ 🕒️    │
├────────────────────────────────────┼────────┤
│ 0006_add_metadata_and_origin.sql   │ 🕒️    │
├────────────────────────────────────┼────────┤
│ 0007_unique_collection_entries.sql │ 🕒️    │
├────────────────────────────────────┼────────┤
│ 0008_create_youtube_tables.sql     │ 🕒️    │
├────────────────────────────────────┼────────┤
│ 0009_youtube_sync.sql              │ 🕒️    │
├────────────────────────────────────┼────────┤
│ 0010_youtube_optimization.sql      │ 🕒️    │
├────────────────────────────────────┼────────┤
│ 0011_youtube_video_metadata.sql    │ 🕒️    │
└────────────────────────────────────┴────────┘
🌀 Executing on local database DB (b1c3f037-ad29-4440-a670-f2cfdfdb36a3) from ../tmp/miniflare-test-aiR8Mb/v3/d1:
🌀 To execute on your remote database, add a --remote flag to your wrangler command.
🚣 6 commands executed successfully.
┌────────────────────────────────────┬────────┐
│ name                               │ status │
├────────────────────────────────────┼────────┤
│ 0001_create_users_and_sessions.sql │ ✅     │
├────────────────────────────────────┼────────┤
│ 0002_create_key_value_entries.sql  │ ✅     │
├────────────────────────────────────┼────────┤
│ 0003_dedupe_values.sql             │ ✅     │
├────────────────────────────────────┼────────┤
│ 0004_multipart_blobs.sql           │ ✅     │
├────────────────────────────────────┼────────┤
│ 0005_create_collections.sql        │ ✅     │
├────────────────────────────────────┼────────┤
│ 0006_add_metadata_and_origin.sql   │ 🕒️    │
├────────────────────────────────────┼────────┤
│ 0007_unique_collection_entries.sql │ 🕒️    │
├────────────────────────────────────┼────────┤
│ 0008_create_youtube_tables.sql     │ 🕒️    │
├────────────────────────────────────┼────────┤
│ 0009_youtube_sync.sql              │ 🕒️    │
├────────────────────────────────────┼────────┤
│ 0010_youtube_optimization.sql      │ 🕒️    │
├────────────────────────────────────┼────────┤
│ 0011_youtube_video_metadata.sql    │ 🕒️    │
└────────────────────────────────────┴────────┘
🌀 Executing on local database DB (b1c3f037-ad29-4440-a670-f2cfdfdb36a3) from ../tmp/miniflare-test-aiR8Mb/v3/d1:
🌀 To execute on your remote database, add a --remote flag to your wrangler command.
🚣 5 commands executed successfully.
┌────────────────────────────────────┬────────┐
│ name                               │ status │
├────────────────────────────────────┼────────┤
│ 0001_create_users_and_sessions.sql │ ✅     │
├────────────────────────────────────┼────────┤
│ 0002_create_key_value_entries.sql  │ ✅     │
├────────────────────────────────────┼────────┤
│ 0003_dedupe_values.sql             │ ✅     │
├────────────────────────────────────┼────────┤
│ 0004_multipart_blobs.sql           │ ✅     │
├────────────────────────────────────┼────────┤
│ 0005_create_collections.sql        │ ✅     │
├────────────────────────────────────┼────────┤
│ 0006_add_metadata_and_origin.sql   │ ✅     │
├────────────────────────────────────┼────────┤
│ 0007_unique_collection_entries.sql │ 🕒️    │
├────────────────────────────────────┼────────┤
│ 0008_create_youtube_tables.sql     │ 🕒️    │
├────────────────────────────────────┼────────┤
│ 0009_youtube_sync.sql              │ 🕒️    │
├────────────────────────────────────┼────────┤
│ 0010_youtube_optimization.sql      │ 🕒️    │
├────────────────────────────────────┼────────┤
│ 0011_youtube_video_metadata.sql    │ 🕒️    │
└────────────────────────────────────┴────────┘
🌀 Executing on local database DB (b1c3f037-ad29-4440-a670-f2cfdfdb36a3) from ../tmp/miniflare-test-aiR8Mb/v3/d1:
🌀 To execute on your remote database, add a --remote flag to your wrangler command.
🚣 3 commands executed successfully.
┌────────────────────────────────────┬────────┐
│ name                               │ status │
├────────────────────────────────────┼────────┤
│ 0001_create_users_and_sessions.sql │ ✅     │
├────────────────────────────────────┼────────┤
│ 0002_create_key_value_entries.sql  │ ✅     │
├────────────────────────────────────┼────────┤
│ 0003_dedupe_values.sql             │ ✅     │
├────────────────────────────────────┼────────┤
│ 0004_multipart_blobs.sql           │ ✅     │
├────────────────────────────────────┼────────┤
│ 0005_create_collections.sql        │ ✅     │
├────────────────────────────────────┼────────┤
│ 0006_add_metadata_and_origin.sql   │ ✅     │
├────────────────────────────────────┼────────┤
│ 0007_unique_collection_entries.sql │ ✅     │
├────────────────────────────────────┼────────┤
│ 0008_create_youtube_tables.sql     │ 🕒️    │
├────────────────────────────────────┼────────┤
│ 0009_youtube_sync.sql              │ 🕒️    │
├────────────────────────────────────┼────────┤
│ 0010_youtube_optimization.sql      │ 🕒️    │
├────────────────────────────────────┼────────┤
│ 0011_youtube_video_metadata.sql    │ 🕒️    │
└────────────────────────────────────┴────────┘
🌀 Executing on local database DB (b1c3f037-ad29-4440-a670-f2cfdfdb36a3) from ../tmp/miniflare-test-aiR8Mb/v3/d1:
🌀 To execute on your remote database, add a --remote flag to your wrangler command.
🚣 3 commands executed successfully.
┌────────────────────────────────────┬────────┐
│ name                               │ status │
├────────────────────────────────────┼────────┤
│ 0001_create_users_and_sessions.sql │ ✅     │
├────────────────────────────────────┼────────┤
│ 0002_create_key_value_entries.sql  │ ✅     │
├────────────────────────────────────┼────────┤
│ 0003_dedupe_values.sql             │ ✅     │
├────────────────────────────────────┼────────┤
│ 0004_multipart_blobs.sql           │ ✅     │
├────────────────────────────────────┼────────┤
│ 0005_create_collections.sql        │ ✅     │
├────────────────────────────────────┼────────┤
│ 0006_add_metadata_and_origin.sql   │ ✅     │
├────────────────────────────────────┼────────┤
│ 0007_unique_collection_entries.sql │ ✅     │
├────────────────────────────────────┼────────┤
│ 0008_create_youtube_tables.sql     │ ✅     │
├────────────────────────────────────┼────────┤
│ 0009_youtube_sync.sql              │ 🕒️    │
├────────────────────────────────────┼────────┤
│ 0010_youtube_optimization.sql      │ 🕒️    │
├────────────────────────────────────┼────────┤
│ 0011_youtube_video_metadata.sql    │ 🕒️    │
└────────────────────────────────────┴────────┘
🌀 Executing on local database DB (b1c3f037-ad29-4440-a670-f2cfdfdb36a3) from ../tmp/miniflare-test-aiR8Mb/v3/d1:
🌀 To execute on your remote database, add a --remote flag to your wrangler command.
🚣 4 commands executed successfully.
┌────────────────────────────────────┬────────┐
│ name                               │ status │
├────────────────────────────────────┼────────┤
│ 0001_create_users_and_sessions.sql │ ✅     │
├────────────────────────────────────┼────────┤
│ 0002_create_key_value_entries.sql  │ ✅     │
├────────────────────────────────────┼────────┤
│ 0003_dedupe_values.sql             │ ✅     │
├────────────────────────────────────┼────────┤
│ 0004_multipart_blobs.sql           │ ✅     │
├────────────────────────────────────┼────────┤
│ 0005_create_collections.sql        │ ✅     │
├────────────────────────────────────┼────────┤
│ 0006_add_metadata_and_origin.sql   │ ✅     │
├────────────────────────────────────┼────────┤
│ 0007_unique_collection_entries.sql │ ✅     │
├────────────────────────────────────┼────────┤
│ 0008_create_youtube_tables.sql     │ ✅     │
├────────────────────────────────────┼────────┤
│ 0009_youtube_sync.sql              │ ✅     │
├────────────────────────────────────┼────────┤
│ 0010_youtube_optimization.sql      │ 🕒️    │
├────────────────────────────────────┼────────┤
│ 0011_youtube_video_metadata.sql    │ 🕒️    │
└────────────────────────────────────┴────────┘
🌀 Executing on local database DB (b1c3f037-ad29-4440-a670-f2cfdfdb36a3) from ../tmp/miniflare-test-aiR8Mb/v3/d1:
🌀 To execute on your remote database, add a --remote flag to your wrangler command.
🚣 3 commands executed successfully.
┌────────────────────────────────────┬────────┐
│ name                               │ status │
├────────────────────────────────────┼────────┤
│ 0001_create_users_and_sessions.sql │ ✅     │
├────────────────────────────────────┼────────┤
│ 0002_create_key_value_entries.sql  │ ✅     │
├────────────────────────────────────┼────────┤
│ 0003_dedupe_values.sql             │ ✅     │
├────────────────────────────────────┼────────┤
│ 0004_multipart_blobs.sql           │ ✅     │
├────────────────────────────────────┼────────┤
│ 0005_create_collections.sql        │ ✅     │
├────────────────────────────────────┼────────┤
│ 0006_add_metadata_and_origin.sql   │ ✅     │
├────────────────────────────────────┼────────┤
│ 0007_unique_collection_entries.sql │ ✅     │
├────────────────────────────────────┼────────┤
│ 0008_create_youtube_tables.sql     │ ✅     │
├────────────────────────────────────┼────────┤
│ 0009_youtube_sync.sql              │ ✅     │
├────────────────────────────────────┼────────┤
│ 0010_youtube_optimization.sql      │ ✅     │
├────────────────────────────────────┼────────┤
│ 0011_youtube_video_metadata.sql    │ 🕒️    │
└────────────────────────────────────┴────────┘
🌀 Executing on local database DB (b1c3f037-ad29-4440-a670-f2cfdfdb36a3) from ../tmp/miniflare-test-aiR8Mb/v3/d1:
🌀 To execute on your remote database, add a --remote flag to your wrangler command.
🚣 22 commands executed successfully.
┌────────────────────────────────────┬────────┐
│ name                               │ status │
├────────────────────────────────────┼────────┤
│ 0001_create_users_and_sessions.sql │ ✅     │
├────────────────────────────────────┼────────┤
│ 0002_create_key_value_entries.sql  │ ✅     │
├────────────────────────────────────┼────────┤
│ 0003_dedupe_values.sql             │ ✅     │
├────────────────────────────────────┼────────┤
│ 0004_multipart_blobs.sql           │ ✅     │
├────────────────────────────────────┼────────┤
│ 0005_create_collections.sql        │ ✅     │
├────────────────────────────────────┼────────┤
│ 0006_add_metadata_and_origin.sql   │ ✅     │
├────────────────────────────────────┼────────┤
│ 0007_unique_collection_entries.sql │ ✅     │
├────────────────────────────────────┼────────┤
│ 0008_create_youtube_tables.sql     │ ✅     │
├────────────────────────────────────┼────────┤
│ 0009_youtube_sync.sql              │ ✅     │
├────────────────────────────────────┼────────┤
│ 0010_youtube_optimization.sql      │ ✅     │
├────────────────────────────────────┼────────┤
│ 0011_youtube_video_metadata.sql    │ ✅     │
└────────────────────────────────────┴────────┘
 ✓ tests/integration/auth_redirect.test.ts (4 tests) 8843ms

 ⛅️ wrangler 4.54.0 (update available 4.58.0)
─────────────────────────────────────────────
Resource location: local

Use --remote if you want to access the remote instance.

Migrations to be applied:
┌────────────────────────────────────┐
│ name                               │
├────────────────────────────────────┤
│ 0001_create_users_and_sessions.sql │
├────────────────────────────────────┤
│ 0002_create_key_value_entries.sql  │
├────────────────────────────────────┤
│ 0003_dedupe_values.sql             │
├────────────────────────────────────┤
│ 0004_multipart_blobs.sql           │
├────────────────────────────────────┤
│ 0005_create_collections.sql        │
├────────────────────────────────────┤
│ 0006_add_metadata_and_origin.sql   │
├────────────────────────────────────┤
│ 0007_unique_collection_entries.sql │
├────────────────────────────────────┤
│ 0008_create_youtube_tables.sql     │
├────────────────────────────────────┤
│ 0009_youtube_sync.sql              │
├────────────────────────────────────┤
│ 0010_youtube_optimization.sql      │
├────────────────────────────────────┤
│ 0011_youtube_video_metadata.sql    │
└────────────────────────────────────┘
? About to apply 11 migration(s)
Your database may not be available to serve requests during the migration, continue?
🤖 Using fallback value in non-interactive context: yes
🌀 Executing on local database DB (b1c3f037-ad29-4440-a670-f2cfdfdb36a3) from ../tmp/miniflare-test-kxQ6VU/v3/d1:
🌀 To execute on your remote database, add a --remote flag to your wrangler command.
🚣 7 commands executed successfully.
┌────────────────────────────────────┬────────┐
│ name                               │ status │
├────────────────────────────────────┼────────┤
│ 0001_create_users_and_sessions.sql │ ✅     │
├────────────────────────────────────┼────────┤
│ 0002_create_key_value_entries.sql  │ 🕒️    │
├────────────────────────────────────┼────────┤
│ 0003_dedupe_values.sql             │ 🕒️    │
├────────────────────────────────────┼────────┤
│ 0004_multipart_blobs.sql           │ 🕒️    │
├────────────────────────────────────┼────────┤
│ 0005_create_collections.sql        │ 🕒️    │
├────────────────────────────────────┼────────┤
│ 0006_add_metadata_and_origin.sql   │ 🕒️    │
├────────────────────────────────────┼────────┤
│ 0007_unique_collection_entries.sql │ 🕒️    │
├────────────────────────────────────┼────────┤
│ 0008_create_youtube_tables.sql     │ 🕒️    │
├────────────────────────────────────┼────────┤
│ 0009_youtube_sync.sql              │ 🕒️    │
├────────────────────────────────────┼────────┤
│ 0010_youtube_optimization.sql      │ 🕒️    │
├────────────────────────────────────┼────────┤
│ 0011_youtube_video_metadata.sql    │ 🕒️    │
└────────────────────────────────────┴────────┘
🌀 Executing on local database DB (b1c3f037-ad29-4440-a670-f2cfdfdb36a3) from ../tmp/miniflare-test-kxQ6VU/v3/d1:
🌀 To execute on your remote database, add a --remote flag to your wrangler command.
🚣 5 commands executed successfully.
┌────────────────────────────────────┬────────┐
│ name                               │ status │
├────────────────────────────────────┼────────┤
│ 0001_create_users_and_sessions.sql │ ✅     │
├────────────────────────────────────┼────────┤
│ 0002_create_key_value_entries.sql  │ ✅     │
├────────────────────────────────────┼────────┤
│ 0003_dedupe_values.sql             │ 🕒️    │
├────────────────────────────────────┼────────┤
│ 0004_multipart_blobs.sql           │ 🕒️    │
├────────────────────────────────────┼────────┤
│ 0005_create_collections.sql        │ 🕒️    │
├────────────────────────────────────┼────────┤
│ 0006_add_metadata_and_origin.sql   │ 🕒️    │
├────────────────────────────────────┼────────┤
│ 0007_unique_collection_entries.sql │ 🕒️    │
├────────────────────────────────────┼────────┤
│ 0008_create_youtube_tables.sql     │ 🕒️    │
├────────────────────────────────────┼────────┤
│ 0009_youtube_sync.sql              │ 🕒️    │
├────────────────────────────────────┼────────┤
│ 0010_youtube_optimization.sql      │ 🕒️    │
├────────────────────────────────────┼────────┤
│ 0011_youtube_video_metadata.sql    │ 🕒️    │
└────────────────────────────────────┴────────┘
🌀 Executing on local database DB (b1c3f037-ad29-4440-a670-f2cfdfdb36a3) from ../tmp/miniflare-test-kxQ6VU/v3/d1:
🌀 To execute on your remote database, add a --remote flag to your wrangler command.
🚣 11 commands executed successfully.
┌────────────────────────────────────┬────────┐
│ name                               │ status │
├────────────────────────────────────┼────────┤
│ 0001_create_users_and_sessions.sql │ ✅     │
├────────────────────────────────────┼────────┤
│ 0002_create_key_value_entries.sql  │ ✅     │
├────────────────────────────────────┼────────┤
│ 0003_dedupe_values.sql             │ ✅     │
├────────────────────────────────────┼────────┤
│ 0004_multipart_blobs.sql           │ 🕒️    │
├────────────────────────────────────┼────────┤
│ 0005_create_collections.sql        │ 🕒️    │
├────────────────────────────────────┼────────┤
│ 0006_add_metadata_and_origin.sql   │ 🕒️    │
├────────────────────────────────────┼────────┤
│ 0007_unique_collection_entries.sql │ 🕒️    │
├────────────────────────────────────┼────────┤
│ 0008_create_youtube_tables.sql     │ 🕒️    │
├────────────────────────────────────┼────────┤
│ 0009_youtube_sync.sql              │ 🕒️    │
├────────────────────────────────────┼────────┤
│ 0010_youtube_optimization.sql      │ 🕒️    │
├────────────────────────────────────┼────────┤
│ 0011_youtube_video_metadata.sql    │ 🕒️    │
└────────────────────────────────────┴────────┘
🌀 Executing on local database DB (b1c3f037-ad29-4440-a670-f2cfdfdb36a3) from ../tmp/miniflare-test-kxQ6VU/v3/d1:
🌀 To execute on your remote database, add a --remote flag to your wrangler command.
🚣 16 commands executed successfully.
┌────────────────────────────────────┬────────┐
│ name                               │ status │
├────────────────────────────────────┼────────┤
│ 0001_create_users_and_sessions.sql │ ✅     │
├────────────────────────────────────┼────────┤
│ 0002_create_key_value_entries.sql  │ ✅     │
├────────────────────────────────────┼────────┤
│ 0003_dedupe_values.sql             │ ✅     │
├────────────────────────────────────┼────────┤
│ 0004_multipart_blobs.sql           │ ✅     │
├────────────────────────────────────┼────────┤
│ 0005_create_collections.sql        │ 🕒️    │
├────────────────────────────────────┼────────┤
│ 0006_add_metadata_and_origin.sql   │ 🕒️    │
├────────────────────────────────────┼────────┤
│ 0007_unique_collection_entries.sql │ 🕒️    │
├────────────────────────────────────┼────────┤
│ 0008_create_youtube_tables.sql     │ 🕒️    │
├────────────────────────────────────┼────────┤
│ 0009_youtube_sync.sql              │ 🕒️    │
├────────────────────────────────────┼────────┤
│ 0010_youtube_optimization.sql      │ 🕒️    │
├────────────────────────────────────┼────────┤
│ 0011_youtube_video_metadata.sql    │ 🕒️    │
└────────────────────────────────────┴────────┘
🌀 Executing on local database DB (b1c3f037-ad29-4440-a670-f2cfdfdb36a3) from ../tmp/miniflare-test-kxQ6VU/v3/d1:
🌀 To execute on your remote database, add a --remote flag to your wrangler command.
🚣 6 commands executed successfully.
┌────────────────────────────────────┬────────┐
│ name                               │ status │
├────────────────────────────────────┼────────┤
│ 0001_create_users_and_sessions.sql │ ✅     │
├────────────────────────────────────┼────────┤
│ 0002_create_key_value_entries.sql  │ ✅     │
├────────────────────────────────────┼────────┤
│ 0003_dedupe_values.sql             │ ✅     │
├────────────────────────────────────┼────────┤
│ 0004_multipart_blobs.sql           │ ✅     │
├────────────────────────────────────┼────────┤
│ 0005_create_collections.sql        │ ✅     │
├────────────────────────────────────┼────────┤
│ 0006_add_metadata_and_origin.sql   │ 🕒️    │
├────────────────────────────────────┼────────┤
│ 0007_unique_collection_entries.sql │ 🕒️    │
├────────────────────────────────────┼────────┤
│ 0008_create_youtube_tables.sql     │ 🕒️    │
├────────────────────────────────────┼────────┤
│ 0009_youtube_sync.sql              │ 🕒️    │
├────────────────────────────────────┼────────┤
│ 0010_youtube_optimization.sql      │ 🕒️    │
├────────────────────────────────────┼────────┤
│ 0011_youtube_video_metadata.sql    │ 🕒️    │
└────────────────────────────────────┴────────┘
🌀 Executing on local database DB (b1c3f037-ad29-4440-a670-f2cfdfdb36a3) from ../tmp/miniflare-test-kxQ6VU/v3/d1:
🌀 To execute on your remote database, add a --remote flag to your wrangler command.
🚣 5 commands executed successfully.
┌────────────────────────────────────┬────────┐
│ name                               │ status │
├────────────────────────────────────┼────────┤
│ 0001_create_users_and_sessions.sql │ ✅     │
├────────────────────────────────────┼────────┤
│ 0002_create_key_value_entries.sql  │ ✅     │
├────────────────────────────────────┼────────┤
│ 0003_dedupe_values.sql             │ ✅     │
├────────────────────────────────────┼────────┤
│ 0004_multipart_blobs.sql           │ ✅     │
├────────────────────────────────────┼────────┤
│ 0005_create_collections.sql        │ ✅     │
├────────────────────────────────────┼────────┤
│ 0006_add_metadata_and_origin.sql   │ ✅     │
├────────────────────────────────────┼────────┤
│ 0007_unique_collection_entries.sql │ 🕒️    │
├────────────────────────────────────┼────────┤
│ 0008_create_youtube_tables.sql     │ 🕒️    │
├────────────────────────────────────┼────────┤
│ 0009_youtube_sync.sql              │ 🕒️    │
├────────────────────────────────────┼────────┤
│ 0010_youtube_optimization.sql      │ 🕒️    │
├────────────────────────────────────┼────────┤
│ 0011_youtube_video_metadata.sql    │ 🕒️    │
└────────────────────────────────────┴────────┘
🌀 Executing on local database DB (b1c3f037-ad29-4440-a670-f2cfdfdb36a3) from ../tmp/miniflare-test-kxQ6VU/v3/d1:
🌀 To execute on your remote database, add a --remote flag to your wrangler command.
🚣 3 commands executed successfully.
┌────────────────────────────────────┬────────┐
│ name                               │ status │
├────────────────────────────────────┼────────┤
│ 0001_create_users_and_sessions.sql │ ✅     │
├────────────────────────────────────┼────────┤
│ 0002_create_key_value_entries.sql  │ ✅     │
├────────────────────────────────────┼────────┤
│ 0003_dedupe_values.sql             │ ✅     │
├────────────────────────────────────┼────────┤
│ 0004_multipart_blobs.sql           │ ✅     │
├────────────────────────────────────┼────────┤
│ 0005_create_collections.sql        │ ✅     │
├────────────────────────────────────┼────────┤
│ 0006_add_metadata_and_origin.sql   │ ✅     │
├────────────────────────────────────┼────────┤
│ 0007_unique_collection_entries.sql │ ✅     │
├────────────────────────────────────┼────────┤
│ 0008_create_youtube_tables.sql     │ 🕒️    │
├────────────────────────────────────┼────────┤
│ 0009_youtube_sync.sql              │ 🕒️    │
├────────────────────────────────────┼────────┤
│ 0010_youtube_optimization.sql      │ 🕒️    │
├────────────────────────────────────┼────────┤
│ 0011_youtube_video_metadata.sql    │ 🕒️    │
└────────────────────────────────────┴────────┘
🌀 Executing on local database DB (b1c3f037-ad29-4440-a670-f2cfdfdb36a3) from ../tmp/miniflare-test-kxQ6VU/v3/d1:
🌀 To execute on your remote database, add a --remote flag to your wrangler command.
🚣 3 commands executed successfully.
┌────────────────────────────────────┬────────┐
│ name                               │ status │
├────────────────────────────────────┼────────┤
│ 0001_create_users_and_sessions.sql │ ✅     │
├────────────────────────────────────┼────────┤
│ 0002_create_key_value_entries.sql  │ ✅     │
├────────────────────────────────────┼────────┤
│ 0003_dedupe_values.sql             │ ✅     │
├────────────────────────────────────┼────────┤
│ 0004_multipart_blobs.sql           │ ✅     │
├────────────────────────────────────┼────────┤
│ 0005_create_collections.sql        │ ✅     │
├────────────────────────────────────┼────────┤
│ 0006_add_metadata_and_origin.sql   │ ✅     │
├────────────────────────────────────┼────────┤
│ 0007_unique_collection_entries.sql │ ✅     │
├────────────────────────────────────┼────────┤
│ 0008_create_youtube_tables.sql     │ ✅     │
├────────────────────────────────────┼────────┤
│ 0009_youtube_sync.sql              │ 🕒️    │
├────────────────────────────────────┼────────┤
│ 0010_youtube_optimization.sql      │ 🕒️    │
├────────────────────────────────────┼────────┤
│ 0011_youtube_video_metadata.sql    │ 🕒️    │
└────────────────────────────────────┴────────┘
🌀 Executing on local database DB (b1c3f037-ad29-4440-a670-f2cfdfdb36a3) from ../tmp/miniflare-test-kxQ6VU/v3/d1:
🌀 To execute on your remote database, add a --remote flag to your wrangler command.
🚣 4 commands executed successfully.
┌────────────────────────────────────┬────────┐
│ name                               │ status │
├────────────────────────────────────┼────────┤
│ 0001_create_users_and_sessions.sql │ ✅     │
├────────────────────────────────────┼────────┤
│ 0002_create_key_value_entries.sql  │ ✅     │
├────────────────────────────────────┼────────┤
│ 0003_dedupe_values.sql             │ ✅     │
├────────────────────────────────────┼────────┤
│ 0004_multipart_blobs.sql           │ ✅     │
├────────────────────────────────────┼────────┤
│ 0005_create_collections.sql        │ ✅     │
├────────────────────────────────────┼────────┤
│ 0006_add_metadata_and_origin.sql   │ ✅     │
├────────────────────────────────────┼────────┤
│ 0007_unique_collection_entries.sql │ ✅     │
├────────────────────────────────────┼────────┤
│ 0008_create_youtube_tables.sql     │ ✅     │
├────────────────────────────────────┼────────┤
│ 0009_youtube_sync.sql              │ ✅     │
├────────────────────────────────────┼────────┤
│ 0010_youtube_optimization.sql      │ 🕒️    │
├────────────────────────────────────┼────────┤
│ 0011_youtube_video_metadata.sql    │ 🕒️    │
└────────────────────────────────────┴────────┘
🌀 Executing on local database DB (b1c3f037-ad29-4440-a670-f2cfdfdb36a3) from ../tmp/miniflare-test-kxQ6VU/v3/d1:
🌀 To execute on your remote database, add a --remote flag to your wrangler command.
🚣 3 commands executed successfully.
┌────────────────────────────────────┬────────┐
│ name                               │ status │
├────────────────────────────────────┼────────┤
│ 0001_create_users_and_sessions.sql │ ✅     │
├────────────────────────────────────┼────────┤
│ 0002_create_key_value_entries.sql  │ ✅     │
├────────────────────────────────────┼────────┤
│ 0003_dedupe_values.sql             │ ✅     │
├────────────────────────────────────┼────────┤
│ 0004_multipart_blobs.sql           │ ✅     │
├────────────────────────────────────┼────────┤
│ 0005_create_collections.sql        │ ✅     │
├────────────────────────────────────┼────────┤
│ 0006_add_metadata_and_origin.sql   │ ✅     │
├────────────────────────────────────┼────────┤
│ 0007_unique_collection_entries.sql │ ✅     │
├────────────────────────────────────┼────────┤
│ 0008_create_youtube_tables.sql     │ ✅     │
├────────────────────────────────────┼────────┤
│ 0009_youtube_sync.sql              │ ✅     │
├────────────────────────────────────┼────────┤
│ 0010_youtube_optimization.sql      │ ✅     │
├────────────────────────────────────┼────────┤
│ 0011_youtube_video_metadata.sql    │ 🕒️    │
└────────────────────────────────────┴────────┘
🌀 Executing on local database DB (b1c3f037-ad29-4440-a670-f2cfdfdb36a3) from ../tmp/miniflare-test-kxQ6VU/v3/d1:
🌀 To execute on your remote database, add a --remote flag to your wrangler command.
🚣 22 commands executed successfully.
┌────────────────────────────────────┬────────┐
│ name                               │ status │
├────────────────────────────────────┼────────┤
│ 0001_create_users_and_sessions.sql │ ✅     │
├────────────────────────────────────┼────────┤
│ 0002_create_key_value_entries.sql  │ ✅     │
├────────────────────────────────────┼────────┤
│ 0003_dedupe_values.sql             │ ✅     │
├────────────────────────────────────┼────────┤
│ 0004_multipart_blobs.sql           │ ✅     │
├────────────────────────────────────┼────────┤
│ 0005_create_collections.sql        │ ✅     │
├────────────────────────────────────┼────────┤
│ 0006_add_metadata_and_origin.sql   │ ✅     │
├────────────────────────────────────┼────────┤
│ 0007_unique_collection_entries.sql │ ✅     │
├────────────────────────────────────┼────────┤
│ 0008_create_youtube_tables.sql     │ ✅     │
├────────────────────────────────────┼────────┤
│ 0009_youtube_sync.sql              │ ✅     │
├────────────────────────────────────┼────────┤
│ 0010_youtube_optimization.sql      │ ✅     │
├────────────────────────────────────┼────────┤
│ 0011_youtube_video_metadata.sql    │ ✅     │
└────────────────────────────────────┴────────┘
 ✓ tests/integration/bulk.test.ts (2 tests) 8563ms

 ⛅️ wrangler 4.54.0 (update available 4.58.0)
─────────────────────────────────────────────
Resource location: local

Use --remote if you want to access the remote instance.

Migrations to be applied:
┌────────────────────────────────────┐
│ name                               │
├────────────────────────────────────┤
│ 0001_create_users_and_sessions.sql │
├────────────────────────────────────┤
│ 0002_create_key_value_entries.sql  │
├────────────────────────────────────┤
│ 0003_dedupe_values.sql             │
├────────────────────────────────────┤
│ 0004_multipart_blobs.sql           │
├────────────────────────────────────┤
│ 0005_create_collections.sql        │
├────────────────────────────────────┤
│ 0006_add_metadata_and_origin.sql   │
├────────────────────────────────────┤
│ 0007_unique_collection_entries.sql │
├────────────────────────────────────┤
│ 0008_create_youtube_tables.sql     │
├────────────────────────────────────┤
│ 0009_youtube_sync.sql              │
├────────────────────────────────────┤
│ 0010_youtube_optimization.sql      │
├────────────────────────────────────┤
│ 0011_youtube_video_metadata.sql    │
└────────────────────────────────────┘
? About to apply 11 migration(s)
Your database may not be available to serve requests during the migration, continue?
🤖 Using fallback value in non-interactive context: yes
🌀 Executing on local database DB (b1c3f037-ad29-4440-a670-f2cfdfdb36a3) from ../tmp/miniflare-test-sQ9k3D/v3/d1:
🌀 To execute on your remote database, add a --remote flag to your wrangler command.
🚣 7 commands executed successfully.
┌────────────────────────────────────┬────────┐
│ name                               │ status │
├────────────────────────────────────┼────────┤
│ 0001_create_users_and_sessions.sql │ ✅     │
├────────────────────────────────────┼────────┤
│ 0002_create_key_value_entries.sql  │ 🕒️    │
├────────────────────────────────────┼────────┤
│ 0003_dedupe_values.sql             │ 🕒️    │
├────────────────────────────────────┼────────┤
│ 0004_multipart_blobs.sql           │ 🕒️    │
├────────────────────────────────────┼────────┤
│ 0005_create_collections.sql        │ 🕒️    │
├────────────────────────────────────┼────────┤
│ 0006_add_metadata_and_origin.sql   │ 🕒️    │
├────────────────────────────────────┼────────┤
│ 0007_unique_collection_entries.sql │ 🕒️    │
├────────────────────────────────────┼────────┤
│ 0008_create_youtube_tables.sql     │ 🕒️    │
├────────────────────────────────────┼────────┤
│ 0009_youtube_sync.sql              │ 🕒️    │
├────────────────────────────────────┼────────┤
│ 0010_youtube_optimization.sql      │ 🕒️    │
├────────────────────────────────────┼────────┤
│ 0011_youtube_video_metadata.sql    │ 🕒️    │
└────────────────────────────────────┴────────┘
🌀 Executing on local database DB (b1c3f037-ad29-4440-a670-f2cfdfdb36a3) from ../tmp/miniflare-test-sQ9k3D/v3/d1:
🌀 To execute on your remote database, add a --remote flag to your wrangler command.
🚣 5 commands executed successfully.
┌────────────────────────────────────┬────────┐
│ name                               │ status │
├────────────────────────────────────┼────────┤
│ 0001_create_users_and_sessions.sql │ ✅     │
├────────────────────────────────────┼────────┤
│ 0002_create_key_value_entries.sql  │ ✅     │
├────────────────────────────────────┼────────┤
│ 0003_dedupe_values.sql             │ 🕒️    │
├────────────────────────────────────┼────────┤
│ 0004_multipart_blobs.sql           │ 🕒️    │
├────────────────────────────────────┼────────┤
│ 0005_create_collections.sql        │ 🕒️    │
├────────────────────────────────────┼────────┤
│ 0006_add_metadata_and_origin.sql   │ 🕒️    │
├────────────────────────────────────┼────────┤
│ 0007_unique_collection_entries.sql │ 🕒️    │
├────────────────────────────────────┼────────┤
│ 0008_create_youtube_tables.sql     │ 🕒️    │
├────────────────────────────────────┼────────┤
│ 0009_youtube_sync.sql              │ 🕒️    │
├────────────────────────────────────┼────────┤
│ 0010_youtube_optimization.sql      │ 🕒️    │
├────────────────────────────────────┼────────┤
│ 0011_youtube_video_metadata.sql    │ 🕒️    │
└────────────────────────────────────┴────────┘
🌀 Executing on local database DB (b1c3f037-ad29-4440-a670-f2cfdfdb36a3) from ../tmp/miniflare-test-sQ9k3D/v3/d1:
🌀 To execute on your remote database, add a --remote flag to your wrangler command.
🚣 11 commands executed successfully.
┌────────────────────────────────────┬────────┐
│ name                               │ status │
├────────────────────────────────────┼────────┤
│ 0001_create_users_and_sessions.sql │ ✅     │
├────────────────────────────────────┼────────┤
│ 0002_create_key_value_entries.sql  │ ✅     │
├────────────────────────────────────┼────────┤
│ 0003_dedupe_values.sql             │ ✅     │
├────────────────────────────────────┼────────┤
│ 0004_multipart_blobs.sql           │ 🕒️    │
├────────────────────────────────────┼────────┤
│ 0005_create_collections.sql        │ 🕒️    │
├────────────────────────────────────┼────────┤
│ 0006_add_metadata_and_origin.sql   │ 🕒️    │
├────────────────────────────────────┼────────┤
│ 0007_unique_collection_entries.sql │ 🕒️    │
├────────────────────────────────────┼────────┤
│ 0008_create_youtube_tables.sql     │ 🕒️    │
├────────────────────────────────────┼────────┤
│ 0009_youtube_sync.sql              │ 🕒️    │
├────────────────────────────────────┼────────┤
│ 0010_youtube_optimization.sql      │ 🕒️    │
├────────────────────────────────────┼────────┤
│ 0011_youtube_video_metadata.sql    │ 🕒️    │
└────────────────────────────────────┴────────┘
🌀 Executing on local database DB (b1c3f037-ad29-4440-a670-f2cfdfdb36a3) from ../tmp/miniflare-test-sQ9k3D/v3/d1:
🌀 To execute on your remote database, add a --remote flag to your wrangler command.
🚣 16 commands executed successfully.
┌────────────────────────────────────┬────────┐
│ name                               │ status │
├────────────────────────────────────┼────────┤
│ 0001_create_users_and_sessions.sql │ ✅     │
├────────────────────────────────────┼────────┤
│ 0002_create_key_value_entries.sql  │ ✅     │
├────────────────────────────────────┼────────┤
│ 0003_dedupe_values.sql             │ ✅     │
├────────────────────────────────────┼────────┤
│ 0004_multipart_blobs.sql           │ ✅     │
├────────────────────────────────────┼────────┤
│ 0005_create_collections.sql        │ 🕒️    │
├────────────────────────────────────┼────────┤
│ 0006_add_metadata_and_origin.sql   │ 🕒️    │
├────────────────────────────────────┼────────┤
│ 0007_unique_collection_entries.sql │ 🕒️    │
├────────────────────────────────────┼────────┤
│ 0008_create_youtube_tables.sql     │ 🕒️    │
├────────────────────────────────────┼────────┤
│ 0009_youtube_sync.sql              │ 🕒️    │
├────────────────────────────────────┼────────┤
│ 0010_youtube_optimization.sql      │ 🕒️    │
├────────────────────────────────────┼────────┤
│ 0011_youtube_video_metadata.sql    │ 🕒️    │
└────────────────────────────────────┴────────┘
🌀 Executing on local database DB (b1c3f037-ad29-4440-a670-f2cfdfdb36a3) from ../tmp/miniflare-test-sQ9k3D/v3/d1:
🌀 To execute on your remote database, add a --remote flag to your wrangler command.
🚣 6 commands executed successfully.
┌────────────────────────────────────┬────────┐
│ name                               │ status │
├────────────────────────────────────┼────────┤
│ 0001_create_users_and_sessions.sql │ ✅     │
├────────────────────────────────────┼────────┤
│ 0002_create_key_value_entries.sql  │ ✅     │
├────────────────────────────────────┼────────┤
│ 0003_dedupe_values.sql             │ ✅     │
├────────────────────────────────────┼────────┤
│ 0004_multipart_blobs.sql           │ ✅     │
├────────────────────────────────────┼────────┤
│ 0005_create_collections.sql        │ ✅     │
├────────────────────────────────────┼────────┤
│ 0006_add_metadata_and_origin.sql   │ 🕒️    │
├────────────────────────────────────┼────────┤
│ 0007_unique_collection_entries.sql │ 🕒️    │
├────────────────────────────────────┼────────┤
│ 0008_create_youtube_tables.sql     │ 🕒️    │
├────────────────────────────────────┼────────┤
│ 0009_youtube_sync.sql              │ 🕒️    │
├────────────────────────────────────┼────────┤
│ 0010_youtube_optimization.sql      │ 🕒️    │
├────────────────────────────────────┼────────┤
│ 0011_youtube_video_metadata.sql    │ 🕒️    │
└────────────────────────────────────┴────────┘
🌀 Executing on local database DB (b1c3f037-ad29-4440-a670-f2cfdfdb36a3) from ../tmp/miniflare-test-sQ9k3D/v3/d1:
🌀 To execute on your remote database, add a --remote flag to your wrangler command.
🚣 5 commands executed successfully.
┌────────────────────────────────────┬────────┐
│ name                               │ status │
├────────────────────────────────────┼────────┤
│ 0001_create_users_and_sessions.sql │ ✅     │
├────────────────────────────────────┼────────┤
│ 0002_create_key_value_entries.sql  │ ✅     │
├────────────────────────────────────┼────────┤
│ 0003_dedupe_values.sql             │ ✅     │
├────────────────────────────────────┼────────┤
│ 0004_multipart_blobs.sql           │ ✅     │
├────────────────────────────────────┼────────┤
│ 0005_create_collections.sql        │ ✅     │
├────────────────────────────────────┼────────┤
│ 0006_add_metadata_and_origin.sql   │ ✅     │
├────────────────────────────────────┼────────┤
│ 0007_unique_collection_entries.sql │ 🕒️    │
├────────────────────────────────────┼────────┤
│ 0008_create_youtube_tables.sql     │ 🕒️    │
├────────────────────────────────────┼────────┤
│ 0009_youtube_sync.sql              │ 🕒️    │
├────────────────────────────────────┼────────┤
│ 0010_youtube_optimization.sql      │ 🕒️    │
├────────────────────────────────────┼────────┤
│ 0011_youtube_video_metadata.sql    │ 🕒️    │
└────────────────────────────────────┴────────┘
🌀 Executing on local database DB (b1c3f037-ad29-4440-a670-f2cfdfdb36a3) from ../tmp/miniflare-test-sQ9k3D/v3/d1:
🌀 To execute on your remote database, add a --remote flag to your wrangler command.
🚣 3 commands executed successfully.
┌────────────────────────────────────┬────────┐
│ name                               │ status │
├────────────────────────────────────┼────────┤
│ 0001_create_users_and_sessions.sql │ ✅     │
├────────────────────────────────────┼────────┤
│ 0002_create_key_value_entries.sql  │ ✅     │
├────────────────────────────────────┼────────┤
│ 0003_dedupe_values.sql             │ ✅     │
├────────────────────────────────────┼────────┤
│ 0004_multipart_blobs.sql           │ ✅     │
├────────────────────────────────────┼────────┤
│ 0005_create_collections.sql        │ ✅     │
├────────────────────────────────────┼────────┤
│ 0006_add_metadata_and_origin.sql   │ ✅     │
├────────────────────────────────────┼────────┤
│ 0007_unique_collection_entries.sql │ ✅     │
├────────────────────────────────────┼────────┤
│ 0008_create_youtube_tables.sql     │ 🕒️    │
├────────────────────────────────────┼────────┤
│ 0009_youtube_sync.sql              │ 🕒️    │
├────────────────────────────────────┼────────┤
│ 0010_youtube_optimization.sql      │ 🕒️    │
├────────────────────────────────────┼────────┤
│ 0011_youtube_video_metadata.sql    │ 🕒️    │
└────────────────────────────────────┴────────┘
🌀 Executing on local database DB (b1c3f037-ad29-4440-a670-f2cfdfdb36a3) from ../tmp/miniflare-test-sQ9k3D/v3/d1:
🌀 To execute on your remote database, add a --remote flag to your wrangler command.
🚣 3 commands executed successfully.
┌────────────────────────────────────┬────────┐
│ name                               │ status │
├────────────────────────────────────┼────────┤
│ 0001_create_users_and_sessions.sql │ ✅     │
├────────────────────────────────────┼────────┤
│ 0002_create_key_value_entries.sql  │ ✅     │
├────────────────────────────────────┼────────┤
│ 0003_dedupe_values.sql             │ ✅     │
├────────────────────────────────────┼────────┤
│ 0004_multipart_blobs.sql           │ ✅     │
├────────────────────────────────────┼────────┤
│ 0005_create_collections.sql        │ ✅     │
├────────────────────────────────────┼────────┤
│ 0006_add_metadata_and_origin.sql   │ ✅     │
├────────────────────────────────────┼────────┤
│ 0007_unique_collection_entries.sql │ ✅     │
├────────────────────────────────────┼────────┤
│ 0008_create_youtube_tables.sql     │ ✅     │
├────────────────────────────────────┼────────┤
│ 0009_youtube_sync.sql              │ 🕒️    │
├────────────────────────────────────┼────────┤
│ 0010_youtube_optimization.sql      │ 🕒️    │
├────────────────────────────────────┼────────┤
│ 0011_youtube_video_metadata.sql    │ 🕒️    │
└────────────────────────────────────┴────────┘
🌀 Executing on local database DB (b1c3f037-ad29-4440-a670-f2cfdfdb36a3) from ../tmp/miniflare-test-sQ9k3D/v3/d1:
🌀 To execute on your remote database, add a --remote flag to your wrangler command.
🚣 4 commands executed successfully.
┌────────────────────────────────────┬────────┐
│ name                               │ status │
├────────────────────────────────────┼────────┤
│ 0001_create_users_and_sessions.sql │ ✅     │
├────────────────────────────────────┼────────┤
│ 0002_create_key_value_entries.sql  │ ✅     │
├────────────────────────────────────┼────────┤
│ 0003_dedupe_values.sql             │ ✅     │
├────────────────────────────────────┼────────┤
│ 0004_multipart_blobs.sql           │ ✅     │
├────────────────────────────────────┼────────┤
│ 0005_create_collections.sql        │ ✅     │
├────────────────────────────────────┼────────┤
│ 0006_add_metadata_and_origin.sql   │ ✅     │
├────────────────────────────────────┼────────┤
│ 0007_unique_collection_entries.sql │ ✅     │
├────────────────────────────────────┼────────┤
│ 0008_create_youtube_tables.sql     │ ✅     │
├────────────────────────────────────┼────────┤
│ 0009_youtube_sync.sql              │ ✅     │
├────────────────────────────────────┼────────┤
│ 0010_youtube_optimization.sql      │ 🕒️    │
├────────────────────────────────────┼────────┤
│ 0011_youtube_video_metadata.sql    │ 🕒️    │
└────────────────────────────────────┴────────┘
🌀 Executing on local database DB (b1c3f037-ad29-4440-a670-f2cfdfdb36a3) from ../tmp/miniflare-test-sQ9k3D/v3/d1:
🌀 To execute on your remote database, add a --remote flag to your wrangler command.
🚣 3 commands executed successfully.
┌────────────────────────────────────┬────────┐
│ name                               │ status │
├────────────────────────────────────┼────────┤
│ 0001_create_users_and_sessions.sql │ ✅     │
├────────────────────────────────────┼────────┤
│ 0002_create_key_value_entries.sql  │ ✅     │
├────────────────────────────────────┼────────┤
│ 0003_dedupe_values.sql             │ ✅     │
├────────────────────────────────────┼────────┤
│ 0004_multipart_blobs.sql           │ ✅     │
├────────────────────────────────────┼────────┤
│ 0005_create_collections.sql        │ ✅     │
├────────────────────────────────────┼────────┤
│ 0006_add_metadata_and_origin.sql   │ ✅     │
├────────────────────────────────────┼────────┤
│ 0007_unique_collection_entries.sql │ ✅     │
├────────────────────────────────────┼────────┤
│ 0008_create_youtube_tables.sql     │ ✅     │
├────────────────────────────────────┼────────┤
│ 0009_youtube_sync.sql              │ ✅     │
├────────────────────────────────────┼────────┤
│ 0010_youtube_optimization.sql      │ ✅     │
├────────────────────────────────────┼────────┤
│ 0011_youtube_video_metadata.sql    │ 🕒️    │
└────────────────────────────────────┴────────┘
🌀 Executing on local database DB (b1c3f037-ad29-4440-a670-f2cfdfdb36a3) from ../tmp/miniflare-test-sQ9k3D/v3/d1:
🌀 To execute on your remote database, add a --remote flag to your wrangler command.
🚣 22 commands executed successfully.
┌────────────────────────────────────┬────────┐
│ name                               │ status │
├────────────────────────────────────┼────────┤
│ 0001_create_users_and_sessions.sql │ ✅     │
├────────────────────────────────────┼────────┤
│ 0002_create_key_value_entries.sql  │ ✅     │
├────────────────────────────────────┼────────┤
│ 0003_dedupe_values.sql             │ ✅     │
├────────────────────────────────────┼────────┤
│ 0004_multipart_blobs.sql           │ ✅     │
├────────────────────────────────────┼────────┤
│ 0005_create_collections.sql        │ ✅     │
├────────────────────────────────────┼────────┤
│ 0006_add_metadata_and_origin.sql   │ ✅     │
├────────────────────────────────────┼────────┤
│ 0007_unique_collection_entries.sql │ ✅     │
├────────────────────────────────────┼────────┤
│ 0008_create_youtube_tables.sql     │ ✅     │
├────────────────────────────────────┼────────┤
│ 0009_youtube_sync.sql              │ ✅     │
├────────────────────────────────────┼────────┤
│ 0010_youtube_optimization.sql      │ ✅     │
├────────────────────────────────────┼────────┤
│ 0011_youtube_video_metadata.sql    │ ✅     │
└────────────────────────────────────┴────────┘
 ✓ tests/integration/youtube_search.test.ts (9 tests) 8592ms

 ⛅️ wrangler 4.54.0 (update available 4.58.0)
─────────────────────────────────────────────
Resource location: local

Use --remote if you want to access the remote instance.

Migrations to be applied:
┌────────────────────────────────────┐
│ name                               │
├────────────────────────────────────┤
│ 0001_create_users_and_sessions.sql │
├────────────────────────────────────┤
│ 0002_create_key_value_entries.sql  │
├────────────────────────────────────┤
│ 0003_dedupe_values.sql             │
├────────────────────────────────────┤
│ 0004_multipart_blobs.sql           │
├────────────────────────────────────┤
│ 0005_create_collections.sql        │
├────────────────────────────────────┤
│ 0006_add_metadata_and_origin.sql   │
├────────────────────────────────────┤
│ 0007_unique_collection_entries.sql │
├────────────────────────────────────┤
│ 0008_create_youtube_tables.sql     │
├────────────────────────────────────┤
│ 0009_youtube_sync.sql              │
├────────────────────────────────────┤
│ 0010_youtube_optimization.sql      │
├────────────────────────────────────┤
│ 0011_youtube_video_metadata.sql    │
└────────────────────────────────────┘
? About to apply 11 migration(s)
Your database may not be available to serve requests during the migration, continue?
🤖 Using fallback value in non-interactive context: yes
🌀 Executing on local database DB (b1c3f037-ad29-4440-a670-f2cfdfdb36a3) from ../tmp/miniflare-test-rgg2j3/v3/d1:
🌀 To execute on your remote database, add a --remote flag to your wrangler command.
🚣 7 commands executed successfully.
┌────────────────────────────────────┬────────┐
│ name                               │ status │
├────────────────────────────────────┼────────┤
│ 0001_create_users_and_sessions.sql │ ✅     │
├────────────────────────────────────┼────────┤
│ 0002_create_key_value_entries.sql  │ 🕒️    │
├────────────────────────────────────┼────────┤
│ 0003_dedupe_values.sql             │ 🕒️    │
├────────────────────────────────────┼────────┤
│ 0004_multipart_blobs.sql           │ 🕒️    │
├────────────────────────────────────┼────────┤
│ 0005_create_collections.sql        │ 🕒️    │
├────────────────────────────────────┼────────┤
│ 0006_add_metadata_and_origin.sql   │ 🕒️    │
├────────────────────────────────────┼────────┤
│ 0007_unique_collection_entries.sql │ 🕒️    │
├────────────────────────────────────┼────────┤
│ 0008_create_youtube_tables.sql     │ 🕒️    │
├────────────────────────────────────┼────────┤
│ 0009_youtube_sync.sql              │ 🕒️    │
├────────────────────────────────────┼────────┤
│ 0010_youtube_optimization.sql      │ 🕒️    │
├────────────────────────────────────┼────────┤
│ 0011_youtube_video_metadata.sql    │ 🕒️    │
└────────────────────────────────────┴────────┘
🌀 Executing on local database DB (b1c3f037-ad29-4440-a670-f2cfdfdb36a3) from ../tmp/miniflare-test-rgg2j3/v3/d1:
🌀 To execute on your remote database, add a --remote flag to your wrangler command.
🚣 5 commands executed successfully.
┌────────────────────────────────────┬────────┐
│ name                               │ status │
├────────────────────────────────────┼────────┤
│ 0001_create_users_and_sessions.sql │ ✅     │
├────────────────────────────────────┼────────┤
│ 0002_create_key_value_entries.sql  │ ✅     │
├────────────────────────────────────┼────────┤
│ 0003_dedupe_values.sql             │ 🕒️    │
├────────────────────────────────────┼────────┤
│ 0004_multipart_blobs.sql           │ 🕒️    │
├────────────────────────────────────┼────────┤
│ 0005_create_collections.sql        │ 🕒️    │
├────────────────────────────────────┼────────┤
│ 0006_add_metadata_and_origin.sql   │ 🕒️    │
├────────────────────────────────────┼────────┤
│ 0007_unique_collection_entries.sql │ 🕒️    │
├────────────────────────────────────┼────────┤
│ 0008_create_youtube_tables.sql     │ 🕒️    │
├────────────────────────────────────┼────────┤
│ 0009_youtube_sync.sql              │ 🕒️    │
├────────────────────────────────────┼────────┤
│ 0010_youtube_optimization.sql      │ 🕒️    │
├────────────────────────────────────┼────────┤
│ 0011_youtube_video_metadata.sql    │ 🕒️    │
└────────────────────────────────────┴────────┘
🌀 Executing on local database DB (b1c3f037-ad29-4440-a670-f2cfdfdb36a3) from ../tmp/miniflare-test-rgg2j3/v3/d1:
🌀 To execute on your remote database, add a --remote flag to your wrangler command.
🚣 11 commands executed successfully.
┌────────────────────────────────────┬────────┐
│ name                               │ status │
├────────────────────────────────────┼────────┤
│ 0001_create_users_and_sessions.sql │ ✅     │
├────────────────────────────────────┼────────┤
│ 0002_create_key_value_entries.sql  │ ✅     │
├────────────────────────────────────┼────────┤
│ 0003_dedupe_values.sql             │ ✅     │
├────────────────────────────────────┼────────┤
│ 0004_multipart_blobs.sql           │ 🕒️    │
├────────────────────────────────────┼────────┤
│ 0005_create_collections.sql        │ 🕒️    │
├────────────────────────────────────┼────────┤
│ 0006_add_metadata_and_origin.sql   │ 🕒️    │
├────────────────────────────────────┼────────┤
│ 0007_unique_collection_entries.sql │ 🕒️    │
├────────────────────────────────────┼────────┤
│ 0008_create_youtube_tables.sql     │ 🕒️    │
├────────────────────────────────────┼────────┤
│ 0009_youtube_sync.sql              │ 🕒️    │
├────────────────────────────────────┼────────┤
│ 0010_youtube_optimization.sql      │ 🕒️    │
├────────────────────────────────────┼────────┤
│ 0011_youtube_video_metadata.sql    │ 🕒️    │
└────────────────────────────────────┴────────┘
🌀 Executing on local database DB (b1c3f037-ad29-4440-a670-f2cfdfdb36a3) from ../tmp/miniflare-test-rgg2j3/v3/d1:
🌀 To execute on your remote database, add a --remote flag to your wrangler command.
🚣 16 commands executed successfully.
┌────────────────────────────────────┬────────┐
│ name                               │ status │
├────────────────────────────────────┼────────┤
│ 0001_create_users_and_sessions.sql │ ✅     │
├────────────────────────────────────┼────────┤
│ 0002_create_key_value_entries.sql  │ ✅     │
├────────────────────────────────────┼────────┤
│ 0003_dedupe_values.sql             │ ✅     │
├────────────────────────────────────┼────────┤
│ 0004_multipart_blobs.sql           │ ✅     │
├────────────────────────────────────┼────────┤
│ 0005_create_collections.sql        │ 🕒️    │
├────────────────────────────────────┼────────┤
│ 0006_add_metadata_and_origin.sql   │ 🕒️    │
├────────────────────────────────────┼────────┤
│ 0007_unique_collection_entries.sql │ 🕒️    │
├────────────────────────────────────┼────────┤
│ 0008_create_youtube_tables.sql     │ 🕒️    │
├────────────────────────────────────┼────────┤
│ 0009_youtube_sync.sql              │ 🕒️    │
├────────────────────────────────────┼────────┤
│ 0010_youtube_optimization.sql      │ 🕒️    │
├────────────────────────────────────┼────────┤
│ 0011_youtube_video_metadata.sql    │ 🕒️    │
└────────────────────────────────────┴────────┘
🌀 Executing on local database DB (b1c3f037-ad29-4440-a670-f2cfdfdb36a3) from ../tmp/miniflare-test-rgg2j3/v3/d1:
🌀 To execute on your remote database, add a --remote flag to your wrangler command.
🚣 6 commands executed successfully.
┌────────────────────────────────────┬────────┐
│ name                               │ status │
├────────────────────────────────────┼────────┤
│ 0001_create_users_and_sessions.sql │ ✅     │
├────────────────────────────────────┼────────┤
│ 0002_create_key_value_entries.sql  │ ✅     │
├────────────────────────────────────┼────────┤
│ 0003_dedupe_values.sql             │ ✅     │
├────────────────────────────────────┼────────┤
│ 0004_multipart_blobs.sql           │ ✅     │
├────────────────────────────────────┼────────┤
│ 0005_create_collections.sql        │ ✅     │
├────────────────────────────────────┼────────┤
│ 0006_add_metadata_and_origin.sql   │ 🕒️    │
├────────────────────────────────────┼────────┤
│ 0007_unique_collection_entries.sql │ 🕒️    │
├────────────────────────────────────┼────────┤
│ 0008_create_youtube_tables.sql     │ 🕒️    │
├────────────────────────────────────┼────────┤
│ 0009_youtube_sync.sql              │ 🕒️    │
├────────────────────────────────────┼────────┤
│ 0010_youtube_optimization.sql      │ 🕒️    │
├────────────────────────────────────┼────────┤
│ 0011_youtube_video_metadata.sql    │ 🕒️    │
└────────────────────────────────────┴────────┘
🌀 Executing on local database DB (b1c3f037-ad29-4440-a670-f2cfdfdb36a3) from ../tmp/miniflare-test-rgg2j3/v3/d1:
🌀 To execute on your remote database, add a --remote flag to your wrangler command.
🚣 5 commands executed successfully.
┌────────────────────────────────────┬────────┐
│ name                               │ status │
├────────────────────────────────────┼────────┤
│ 0001_create_users_and_sessions.sql │ ✅     │
├────────────────────────────────────┼────────┤
│ 0002_create_key_value_entries.sql  │ ✅     │
├────────────────────────────────────┼────────┤
│ 0003_dedupe_values.sql             │ ✅     │
├────────────────────────────────────┼────────┤
│ 0004_multipart_blobs.sql           │ ✅     │
├────────────────────────────────────┼────────┤
│ 0005_create_collections.sql        │ ✅     │
├────────────────────────────────────┼────────┤
│ 0006_add_metadata_and_origin.sql   │ ✅     │
├────────────────────────────────────┼────────┤
│ 0007_unique_collection_entries.sql │ 🕒️    │
├────────────────────────────────────┼────────┤
│ 0008_create_youtube_tables.sql     │ 🕒️    │
├────────────────────────────────────┼────────┤
│ 0009_youtube_sync.sql              │ 🕒️    │
├────────────────────────────────────┼────────┤
│ 0010_youtube_optimization.sql      │ 🕒️    │
├────────────────────────────────────┼────────┤
│ 0011_youtube_video_metadata.sql    │ 🕒️    │
└────────────────────────────────────┴────────┘
🌀 Executing on local database DB (b1c3f037-ad29-4440-a670-f2cfdfdb36a3) from ../tmp/miniflare-test-rgg2j3/v3/d1:
🌀 To execute on your remote database, add a --remote flag to your wrangler command.
🚣 3 commands executed successfully.
┌────────────────────────────────────┬────────┐
│ name                               │ status │
├────────────────────────────────────┼────────┤
│ 0001_create_users_and_sessions.sql │ ✅     │
├────────────────────────────────────┼────────┤
│ 0002_create_key_value_entries.sql  │ ✅     │
├────────────────────────────────────┼────────┤
│ 0003_dedupe_values.sql             │ ✅     │
├────────────────────────────────────┼────────┤
│ 0004_multipart_blobs.sql           │ ✅     │
├────────────────────────────────────┼────────┤
│ 0005_create_collections.sql        │ ✅     │
├────────────────────────────────────┼────────┤
│ 0006_add_metadata_and_origin.sql   │ ✅     │
├────────────────────────────────────┼────────┤
│ 0007_unique_collection_entries.sql │ ✅     │
├────────────────────────────────────┼────────┤
│ 0008_create_youtube_tables.sql     │ 🕒️    │
├────────────────────────────────────┼────────┤
│ 0009_youtube_sync.sql              │ 🕒️    │
├────────────────────────────────────┼────────┤
│ 0010_youtube_optimization.sql      │ 🕒️    │
├────────────────────────────────────┼────────┤
│ 0011_youtube_video_metadata.sql    │ 🕒️    │
└────────────────────────────────────┴────────┘
🌀 Executing on local database DB (b1c3f037-ad29-4440-a670-f2cfdfdb36a3) from ../tmp/miniflare-test-rgg2j3/v3/d1:
🌀 To execute on your remote database, add a --remote flag to your wrangler command.
🚣 3 commands executed successfully.
┌────────────────────────────────────┬────────┐
│ name                               │ status │
├────────────────────────────────────┼────────┤
│ 0001_create_users_and_sessions.sql │ ✅     │
├────────────────────────────────────┼────────┤
│ 0002_create_key_value_entries.sql  │ ✅     │
├────────────────────────────────────┼────────┤
│ 0003_dedupe_values.sql             │ ✅     │
├────────────────────────────────────┼────────┤
│ 0004_multipart_blobs.sql           │ ✅     │
├────────────────────────────────────┼────────┤
│ 0005_create_collections.sql        │ ✅     │
├────────────────────────────────────┼────────┤
│ 0006_add_metadata_and_origin.sql   │ ✅     │
├────────────────────────────────────┼────────┤
│ 0007_unique_collection_entries.sql │ ✅     │
├────────────────────────────────────┼────────┤
│ 0008_create_youtube_tables.sql     │ ✅     │
├────────────────────────────────────┼────────┤
│ 0009_youtube_sync.sql              │ 🕒️    │
├────────────────────────────────────┼────────┤
│ 0010_youtube_optimization.sql      │ 🕒️    │
├────────────────────────────────────┼────────┤
│ 0011_youtube_video_metadata.sql    │ 🕒️    │
└────────────────────────────────────┴────────┘
🌀 Executing on local database DB (b1c3f037-ad29-4440-a670-f2cfdfdb36a3) from ../tmp/miniflare-test-rgg2j3/v3/d1:
🌀 To execute on your remote database, add a --remote flag to your wrangler command.
🚣 4 commands executed successfully.
┌────────────────────────────────────┬────────┐
│ name                               │ status │
├────────────────────────────────────┼────────┤
│ 0001_create_users_and_sessions.sql │ ✅     │
├────────────────────────────────────┼────────┤
│ 0002_create_key_value_entries.sql  │ ✅     │
├────────────────────────────────────┼────────┤
│ 0003_dedupe_values.sql             │ ✅     │
├────────────────────────────────────┼────────┤
│ 0004_multipart_blobs.sql           │ ✅     │
├────────────────────────────────────┼────────┤
│ 0005_create_collections.sql        │ ✅     │
├────────────────────────────────────┼────────┤
│ 0006_add_metadata_and_origin.sql   │ ✅     │
├────────────────────────────────────┼────────┤
│ 0007_unique_collection_entries.sql │ ✅     │
├────────────────────────────────────┼────────┤
│ 0008_create_youtube_tables.sql     │ ✅     │
├────────────────────────────────────┼────────┤
│ 0009_youtube_sync.sql              │ ✅     │
├────────────────────────────────────┼────────┤
│ 0010_youtube_optimization.sql      │ 🕒️    │
├────────────────────────────────────┼────────┤
│ 0011_youtube_video_metadata.sql    │ 🕒️    │
└────────────────────────────────────┴────────┘
🌀 Executing on local database DB (b1c3f037-ad29-4440-a670-f2cfdfdb36a3) from ../tmp/miniflare-test-rgg2j3/v3/d1:
🌀 To execute on your remote database, add a --remote flag to your wrangler command.
🚣 3 commands executed successfully.
┌────────────────────────────────────┬────────┐
│ name                               │ status │
├────────────────────────────────────┼────────┤
│ 0001_create_users_and_sessions.sql │ ✅     │
├────────────────────────────────────┼────────┤
│ 0002_create_key_value_entries.sql  │ ✅     │
├────────────────────────────────────┼────────┤
│ 0003_dedupe_values.sql             │ ✅     │
├────────────────────────────────────┼────────┤
│ 0004_multipart_blobs.sql           │ ✅     │
├────────────────────────────────────┼────────┤
│ 0005_create_collections.sql        │ ✅     │
├────────────────────────────────────┼────────┤
│ 0006_add_metadata_and_origin.sql   │ ✅     │
├────────────────────────────────────┼────────┤
│ 0007_unique_collection_entries.sql │ ✅     │
├────────────────────────────────────┼────────┤
│ 0008_create_youtube_tables.sql     │ ✅     │
├────────────────────────────────────┼────────┤
│ 0009_youtube_sync.sql              │ ✅     │
├────────────────────────────────────┼────────┤
│ 0010_youtube_optimization.sql      │ ✅     │
├────────────────────────────────────┼────────┤
│ 0011_youtube_video_metadata.sql    │ 🕒️    │
└────────────────────────────────────┴────────┘
🌀 Executing on local database DB (b1c3f037-ad29-4440-a670-f2cfdfdb36a3) from ../tmp/miniflare-test-rgg2j3/v3/d1:
🌀 To execute on your remote database, add a --remote flag to your wrangler command.
🚣 22 commands executed successfully.
┌────────────────────────────────────┬────────┐
│ name                               │ status │
├────────────────────────────────────┼────────┤
│ 0001_create_users_and_sessions.sql │ ✅     │
├────────────────────────────────────┼────────┤
│ 0002_create_key_value_entries.sql  │ ✅     │
├────────────────────────────────────┼────────┤
│ 0003_dedupe_values.sql             │ ✅     │
├────────────────────────────────────┼────────┤
│ 0004_multipart_blobs.sql           │ ✅     │
├────────────────────────────────────┼────────┤
│ 0005_create_collections.sql        │ ✅     │
├────────────────────────────────────┼────────┤
│ 0006_add_metadata_and_origin.sql   │ ✅     │
├────────────────────────────────────┼────────┤
│ 0007_unique_collection_entries.sql │ ✅     │
├────────────────────────────────────┼────────┤
│ 0008_create_youtube_tables.sql     │ ✅     │
├────────────────────────────────────┼────────┤
│ 0009_youtube_sync.sql              │ ✅     │
├────────────────────────────────────┼────────┤
│ 0010_youtube_optimization.sql      │ ✅     │
├────────────────────────────────────┼────────┤
│ 0011_youtube_video_metadata.sql    │ ✅     │
└────────────────────────────────────┴────────┘
 ✓ tests/integration/session_query.test.ts (7 tests) 8338ms

 ⛅️ wrangler 4.54.0 (update available 4.58.0)
─────────────────────────────────────────────
Resource location: local

Use --remote if you want to access the remote instance.

Migrations to be applied:
┌────────────────────────────────────┐
│ name                               │
├────────────────────────────────────┤
│ 0001_create_users_and_sessions.sql │
├────────────────────────────────────┤
│ 0002_create_key_value_entries.sql  │
├────────────────────────────────────┤
│ 0003_dedupe_values.sql             │
├────────────────────────────────────┤
│ 0004_multipart_blobs.sql           │
├────────────────────────────────────┤
│ 0005_create_collections.sql        │
├────────────────────────────────────┤
│ 0006_add_metadata_and_origin.sql   │
├────────────────────────────────────┤
│ 0007_unique_collection_entries.sql │
├────────────────────────────────────┤
│ 0008_create_youtube_tables.sql     │
├────────────────────────────────────┤
│ 0009_youtube_sync.sql              │
├────────────────────────────────────┤
│ 0010_youtube_optimization.sql      │
├────────────────────────────────────┤
│ 0011_youtube_video_metadata.sql    │
└────────────────────────────────────┘
? About to apply 11 migration(s)
Your database may not be available to serve requests during the migration, continue?
🤖 Using fallback value in non-interactive context: yes
🌀 Executing on local database DB (b1c3f037-ad29-4440-a670-f2cfdfdb36a3) from ../tmp/miniflare-test-YYvu09/v3/d1:
🌀 To execute on your remote database, add a --remote flag to your wrangler command.
🚣 7 commands executed successfully.
┌────────────────────────────────────┬────────┐
│ name                               │ status │
├────────────────────────────────────┼────────┤
│ 0001_create_users_and_sessions.sql │ ✅     │
├────────────────────────────────────┼────────┤
│ 0002_create_key_value_entries.sql  │ 🕒️    │
├────────────────────────────────────┼────────┤
│ 0003_dedupe_values.sql             │ 🕒️    │
├────────────────────────────────────┼────────┤
│ 0004_multipart_blobs.sql           │ 🕒️    │
├────────────────────────────────────┼────────┤
│ 0005_create_collections.sql        │ 🕒️    │
├────────────────────────────────────┼────────┤
│ 0006_add_metadata_and_origin.sql   │ 🕒️    │
├────────────────────────────────────┼────────┤
│ 0007_unique_collection_entries.sql │ 🕒️    │
├────────────────────────────────────┼────────┤
│ 0008_create_youtube_tables.sql     │ 🕒️    │
├────────────────────────────────────┼────────┤
│ 0009_youtube_sync.sql              │ 🕒️    │
├────────────────────────────────────┼────────┤
│ 0010_youtube_optimization.sql      │ 🕒️    │
├────────────────────────────────────┼────────┤
│ 0011_youtube_video_metadata.sql    │ 🕒️    │
└────────────────────────────────────┴────────┘
🌀 Executing on local database DB (b1c3f037-ad29-4440-a670-f2cfdfdb36a3) from ../tmp/miniflare-test-YYvu09/v3/d1:
🌀 To execute on your remote database, add a --remote flag to your wrangler command.
🚣 5 commands executed successfully.
┌────────────────────────────────────┬────────┐
│ name                               │ status │
├────────────────────────────────────┼────────┤
│ 0001_create_users_and_sessions.sql │ ✅     │
├────────────────────────────────────┼────────┤
│ 0002_create_key_value_entries.sql  │ ✅     │
├────────────────────────────────────┼────────┤
│ 0003_dedupe_values.sql             │ 🕒️    │
├────────────────────────────────────┼────────┤
│ 0004_multipart_blobs.sql           │ 🕒️    │
├────────────────────────────────────┼────────┤
│ 0005_create_collections.sql        │ 🕒️    │
├────────────────────────────────────┼────────┤
│ 0006_add_metadata_and_origin.sql   │ 🕒️    │
├────────────────────────────────────┼────────┤
│ 0007_unique_collection_entries.sql │ 🕒️    │
├────────────────────────────────────┼────────┤
│ 0008_create_youtube_tables.sql     │ 🕒️    │
├────────────────────────────────────┼────────┤
│ 0009_youtube_sync.sql              │ 🕒️    │
├────────────────────────────────────┼────────┤
│ 0010_youtube_optimization.sql      │ 🕒️    │
├────────────────────────────────────┼────────┤
│ 0011_youtube_video_metadata.sql    │ 🕒️    │
└────────────────────────────────────┴────────┘
🌀 Executing on local database DB (b1c3f037-ad29-4440-a670-f2cfdfdb36a3) from ../tmp/miniflare-test-YYvu09/v3/d1:
🌀 To execute on your remote database, add a --remote flag to your wrangler command.
🚣 11 commands executed successfully.
┌────────────────────────────────────┬────────┐
│ name                               │ status │
├────────────────────────────────────┼────────┤
│ 0001_create_users_and_sessions.sql │ ✅     │
├────────────────────────────────────┼────────┤
│ 0002_create_key_value_entries.sql  │ ✅     │
├────────────────────────────────────┼────────┤
│ 0003_dedupe_values.sql             │ ✅     │
├────────────────────────────────────┼────────┤
│ 0004_multipart_blobs.sql           │ 🕒️    │
├────────────────────────────────────┼────────┤
│ 0005_create_collections.sql        │ 🕒️    │
├────────────────────────────────────┼────────┤
│ 0006_add_metadata_and_origin.sql   │ 🕒️    │
├────────────────────────────────────┼────────┤
│ 0007_unique_collection_entries.sql │ 🕒️    │
├────────────────────────────────────┼────────┤
│ 0008_create_youtube_tables.sql     │ 🕒️    │
├────────────────────────────────────┼────────┤
│ 0009_youtube_sync.sql              │ 🕒️    │
├────────────────────────────────────┼────────┤
│ 0010_youtube_optimization.sql      │ 🕒️    │
├────────────────────────────────────┼────────┤
│ 0011_youtube_video_metadata.sql    │ 🕒️    │
└────────────────────────────────────┴────────┘
🌀 Executing on local database DB (b1c3f037-ad29-4440-a670-f2cfdfdb36a3) from ../tmp/miniflare-test-YYvu09/v3/d1:
🌀 To execute on your remote database, add a --remote flag to your wrangler command.
🚣 16 commands executed successfully.
┌────────────────────────────────────┬────────┐
│ name                               │ status │
├────────────────────────────────────┼────────┤
│ 0001_create_users_and_sessions.sql │ ✅     │
├────────────────────────────────────┼────────┤
│ 0002_create_key_value_entries.sql  │ ✅     │
├────────────────────────────────────┼────────┤
│ 0003_dedupe_values.sql             │ ✅     │
├────────────────────────────────────┼────────┤
│ 0004_multipart_blobs.sql           │ ✅     │
├────────────────────────────────────┼────────┤
│ 0005_create_collections.sql        │ 🕒️    │
├────────────────────────────────────┼────────┤
│ 0006_add_metadata_and_origin.sql   │ 🕒️    │
├────────────────────────────────────┼────────┤
│ 0007_unique_collection_entries.sql │ 🕒️    │
├────────────────────────────────────┼────────┤
│ 0008_create_youtube_tables.sql     │ 🕒️    │
├────────────────────────────────────┼────────┤
│ 0009_youtube_sync.sql              │ 🕒️    │
├────────────────────────────────────┼────────┤
│ 0010_youtube_optimization.sql      │ 🕒️    │
├────────────────────────────────────┼────────┤
│ 0011_youtube_video_metadata.sql    │ 🕒️    │
└────────────────────────────────────┴────────┘
🌀 Executing on local database DB (b1c3f037-ad29-4440-a670-f2cfdfdb36a3) from ../tmp/miniflare-test-YYvu09/v3/d1:
🌀 To execute on your remote database, add a --remote flag to your wrangler command.
🚣 6 commands executed successfully.
┌────────────────────────────────────┬────────┐
│ name                               │ status │
├────────────────────────────────────┼────────┤
│ 0001_create_users_and_sessions.sql │ ✅     │
├────────────────────────────────────┼────────┤
│ 0002_create_key_value_entries.sql  │ ✅     │
├────────────────────────────────────┼────────┤
│ 0003_dedupe_values.sql             │ ✅     │
├────────────────────────────────────┼────────┤
│ 0004_multipart_blobs.sql           │ ✅     │
├────────────────────────────────────┼────────┤
│ 0005_create_collections.sql        │ ✅     │
├────────────────────────────────────┼────────┤
│ 0006_add_metadata_and_origin.sql   │ 🕒️    │
├────────────────────────────────────┼────────┤
│ 0007_unique_collection_entries.sql │ 🕒️    │
├────────────────────────────────────┼────────┤
│ 0008_create_youtube_tables.sql     │ 🕒️    │
├────────────────────────────────────┼────────┤
│ 0009_youtube_sync.sql              │ 🕒️    │
├────────────────────────────────────┼────────┤
│ 0010_youtube_optimization.sql      │ 🕒️    │
├────────────────────────────────────┼────────┤
│ 0011_youtube_video_metadata.sql    │ 🕒️    │
└────────────────────────────────────┴────────┘
🌀 Executing on local database DB (b1c3f037-ad29-4440-a670-f2cfdfdb36a3) from ../tmp/miniflare-test-YYvu09/v3/d1:
🌀 To execute on your remote database, add a --remote flag to your wrangler command.
🚣 5 commands executed successfully.
┌────────────────────────────────────┬────────┐
│ name                               │ status │
├────────────────────────────────────┼────────┤
│ 0001_create_users_and_sessions.sql │ ✅     │
├────────────────────────────────────┼────────┤
│ 0002_create_key_value_entries.sql  │ ✅     │
├────────────────────────────────────┼────────┤
│ 0003_dedupe_values.sql             │ ✅     │
├────────────────────────────────────┼────────┤
│ 0004_multipart_blobs.sql           │ ✅     │
├────────────────────────────────────┼────────┤
│ 0005_create_collections.sql        │ ✅     │
├────────────────────────────────────┼────────┤
│ 0006_add_metadata_and_origin.sql   │ ✅     │
├────────────────────────────────────┼────────┤
│ 0007_unique_collection_entries.sql │ 🕒️    │
├────────────────────────────────────┼────────┤
│ 0008_create_youtube_tables.sql     │ 🕒️    │
├────────────────────────────────────┼────────┤
│ 0009_youtube_sync.sql              │ 🕒️    │
├────────────────────────────────────┼────────┤
│ 0010_youtube_optimization.sql      │ 🕒️    │
├────────────────────────────────────┼────────┤
│ 0011_youtube_video_metadata.sql    │ 🕒️    │
└────────────────────────────────────┴────────┘
🌀 Executing on local database DB (b1c3f037-ad29-4440-a670-f2cfdfdb36a3) from ../tmp/miniflare-test-YYvu09/v3/d1:
🌀 To execute on your remote database, add a --remote flag to your wrangler command.
🚣 3 commands executed successfully.
┌────────────────────────────────────┬────────┐
│ name                               │ status │
├────────────────────────────────────┼────────┤
│ 0001_create_users_and_sessions.sql │ ✅     │
├────────────────────────────────────┼────────┤
│ 0002_create_key_value_entries.sql  │ ✅     │
├────────────────────────────────────┼────────┤
│ 0003_dedupe_values.sql             │ ✅     │
├────────────────────────────────────┼────────┤
│ 0004_multipart_blobs.sql           │ ✅     │
├────────────────────────────────────┼────────┤
│ 0005_create_collections.sql        │ ✅     │
├────────────────────────────────────┼────────┤
│ 0006_add_metadata_and_origin.sql   │ ✅     │
├────────────────────────────────────┼────────┤
│ 0007_unique_collection_entries.sql │ ✅     │
├────────────────────────────────────┼────────┤
│ 0008_create_youtube_tables.sql     │ 🕒️    │
├────────────────────────────────────┼────────┤
│ 0009_youtube_sync.sql              │ 🕒️    │
├────────────────────────────────────┼────────┤
│ 0010_youtube_optimization.sql      │ 🕒️    │
├────────────────────────────────────┼────────┤
│ 0011_youtube_video_metadata.sql    │ 🕒️    │
└────────────────────────────────────┴────────┘
🌀 Executing on local database DB (b1c3f037-ad29-4440-a670-f2cfdfdb36a3) from ../tmp/miniflare-test-YYvu09/v3/d1:
🌀 To execute on your remote database, add a --remote flag to your wrangler command.
🚣 3 commands executed successfully.
┌────────────────────────────────────┬────────┐
│ name                               │ status │
├────────────────────────────────────┼────────┤
│ 0001_create_users_and_sessions.sql │ ✅     │
├────────────────────────────────────┼────────┤
│ 0002_create_key_value_entries.sql  │ ✅     │
├────────────────────────────────────┼────────┤
│ 0003_dedupe_values.sql             │ ✅     │
├────────────────────────────────────┼────────┤
│ 0004_multipart_blobs.sql           │ ✅     │
├────────────────────────────────────┼────────┤
│ 0005_create_collections.sql        │ ✅     │
├────────────────────────────────────┼────────┤
│ 0006_add_metadata_and_origin.sql   │ ✅     │
├────────────────────────────────────┼────────┤
│ 0007_unique_collection_entries.sql │ ✅     │
├────────────────────────────────────┼────────┤
│ 0008_create_youtube_tables.sql     │ ✅     │
├────────────────────────────────────┼────────┤
│ 0009_youtube_sync.sql              │ 🕒️    │
├────────────────────────────────────┼────────┤
│ 0010_youtube_optimization.sql      │ 🕒️    │
├────────────────────────────────────┼────────┤
│ 0011_youtube_video_metadata.sql    │ 🕒️    │
└────────────────────────────────────┴────────┘
🌀 Executing on local database DB (b1c3f037-ad29-4440-a670-f2cfdfdb36a3) from ../tmp/miniflare-test-YYvu09/v3/d1:
🌀 To execute on your remote database, add a --remote flag to your wrangler command.
🚣 4 commands executed successfully.
┌────────────────────────────────────┬────────┐
│ name                               │ status │
├────────────────────────────────────┼────────┤
│ 0001_create_users_and_sessions.sql │ ✅     │
├────────────────────────────────────┼────────┤
│ 0002_create_key_value_entries.sql  │ ✅     │
├────────────────────────────────────┼────────┤
│ 0003_dedupe_values.sql             │ ✅     │
├────────────────────────────────────┼────────┤
│ 0004_multipart_blobs.sql           │ ✅     │
├────────────────────────────────────┼────────┤
│ 0005_create_collections.sql        │ ✅     │
├────────────────────────────────────┼────────┤
│ 0006_add_metadata_and_origin.sql   │ ✅     │
├────────────────────────────────────┼────────┤
│ 0007_unique_collection_entries.sql │ ✅     │
├────────────────────────────────────┼────────┤
│ 0008_create_youtube_tables.sql     │ ✅     │
├────────────────────────────────────┼────────┤
│ 0009_youtube_sync.sql              │ ✅     │
├────────────────────────────────────┼────────┤
│ 0010_youtube_optimization.sql      │ 🕒️    │
├────────────────────────────────────┼────────┤
│ 0011_youtube_video_metadata.sql    │ 🕒️    │
└────────────────────────────────────┴────────┘
🌀 Executing on local database DB (b1c3f037-ad29-4440-a670-f2cfdfdb36a3) from ../tmp/miniflare-test-YYvu09/v3/d1:
🌀 To execute on your remote database, add a --remote flag to your wrangler command.
🚣 3 commands executed successfully.
┌────────────────────────────────────┬────────┐
│ name                               │ status │
├────────────────────────────────────┼────────┤
│ 0001_create_users_and_sessions.sql │ ✅     │
├────────────────────────────────────┼────────┤
│ 0002_create_key_value_entries.sql  │ ✅     │
├────────────────────────────────────┼────────┤
│ 0003_dedupe_values.sql             │ ✅     │
├────────────────────────────────────┼────────┤
│ 0004_multipart_blobs.sql           │ ✅     │
├────────────────────────────────────┼────────┤
│ 0005_create_collections.sql        │ ✅     │
├────────────────────────────────────┼────────┤
│ 0006_add_metadata_and_origin.sql   │ ✅     │
├────────────────────────────────────┼────────┤
│ 0007_unique_collection_entries.sql │ ✅     │
├────────────────────────────────────┼────────┤
│ 0008_create_youtube_tables.sql     │ ✅     │
├────────────────────────────────────┼────────┤
│ 0009_youtube_sync.sql              │ ✅     │
├────────────────────────────────────┼────────┤
│ 0010_youtube_optimization.sql      │ ✅     │
├────────────────────────────────────┼────────┤
│ 0011_youtube_video_metadata.sql    │ 🕒️    │
└────────────────────────────────────┴────────┘
🌀 Executing on local database DB (b1c3f037-ad29-4440-a670-f2cfdfdb36a3) from ../tmp/miniflare-test-YYvu09/v3/d1:
🌀 To execute on your remote database, add a --remote flag to your wrangler command.
🚣 22 commands executed successfully.
┌────────────────────────────────────┬────────┐
│ name                               │ status │
├────────────────────────────────────┼────────┤
│ 0001_create_users_and_sessions.sql │ ✅     │
├────────────────────────────────────┼────────┤
│ 0002_create_key_value_entries.sql  │ ✅     │
├────────────────────────────────────┼────────┤
│ 0003_dedupe_values.sql             │ ✅     │
├────────────────────────────────────┼────────┤
│ 0004_multipart_blobs.sql           │ ✅     │
├────────────────────────────────────┼────────┤
│ 0005_create_collections.sql        │ ✅     │
├────────────────────────────────────┼────────┤
│ 0006_add_metadata_and_origin.sql   │ ✅     │
├────────────────────────────────────┼────────┤
│ 0007_unique_collection_entries.sql │ ✅     │
├────────────────────────────────────┼────────┤
│ 0008_create_youtube_tables.sql     │ ✅     │
├────────────────────────────────────┼────────┤
│ 0009_youtube_sync.sql              │ ✅     │
├────────────────────────────────────┼────────┤
│ 0010_youtube_optimization.sql      │ ✅     │
├────────────────────────────────────┼────────┤
│ 0011_youtube_video_metadata.sql    │ ✅     │
└────────────────────────────────────┴────────┘
 ✓ tests/integration/youtube_sync_api.test.ts (1 test) 8322ms
   ✓ YouTube Sync Integration > syncs channel videos via API with authentication  8320ms

 ⛅️ wrangler 4.54.0 (update available 4.58.0)
─────────────────────────────────────────────
Resource location: local

Use --remote if you want to access the remote instance.

Migrations to be applied:
┌────────────────────────────────────┐
│ name                               │
├────────────────────────────────────┤
│ 0001_create_users_and_sessions.sql │
├────────────────────────────────────┤
│ 0002_create_key_value_entries.sql  │
├────────────────────────────────────┤
│ 0003_dedupe_values.sql             │
├────────────────────────────────────┤
│ 0004_multipart_blobs.sql           │
├────────────────────────────────────┤
│ 0005_create_collections.sql        │
├────────────────────────────────────┤
│ 0006_add_metadata_and_origin.sql   │
├────────────────────────────────────┤
│ 0007_unique_collection_entries.sql │
├────────────────────────────────────┤
│ 0008_create_youtube_tables.sql     │
├────────────────────────────────────┤
│ 0009_youtube_sync.sql              │
├────────────────────────────────────┤
│ 0010_youtube_optimization.sql      │
├────────────────────────────────────┤
│ 0011_youtube_video_metadata.sql    │
└────────────────────────────────────┘
? About to apply 11 migration(s)
Your database may not be available to serve requests during the migration, continue?
🤖 Using fallback value in non-interactive context: yes
🌀 Executing on local database DB (b1c3f037-ad29-4440-a670-f2cfdfdb36a3) from ../tmp/miniflare-test-VQChZi/v3/d1:
🌀 To execute on your remote database, add a --remote flag to your wrangler command.
🚣 7 commands executed successfully.
┌────────────────────────────────────┬────────┐
│ name                               │ status │
├────────────────────────────────────┼────────┤
│ 0001_create_users_and_sessions.sql │ ✅     │
├────────────────────────────────────┼────────┤
│ 0002_create_key_value_entries.sql  │ 🕒️    │
├────────────────────────────────────┼────────┤
│ 0003_dedupe_values.sql             │ 🕒️    │
├────────────────────────────────────┼────────┤
│ 0004_multipart_blobs.sql           │ 🕒️    │
├────────────────────────────────────┼────────┤
│ 0005_create_collections.sql        │ 🕒️    │
├────────────────────────────────────┼────────┤
│ 0006_add_metadata_and_origin.sql   │ 🕒️    │
├────────────────────────────────────┼────────┤
│ 0007_unique_collection_entries.sql │ 🕒️    │
├────────────────────────────────────┼────────┤
│ 0008_create_youtube_tables.sql     │ 🕒️    │
├────────────────────────────────────┼────────┤
│ 0009_youtube_sync.sql              │ 🕒️    │
├────────────────────────────────────┼────────┤
│ 0010_youtube_optimization.sql      │ 🕒️    │
├────────────────────────────────────┼────────┤
│ 0011_youtube_video_metadata.sql    │ 🕒️    │
└────────────────────────────────────┴────────┘
🌀 Executing on local database DB (b1c3f037-ad29-4440-a670-f2cfdfdb36a3) from ../tmp/miniflare-test-VQChZi/v3/d1:
🌀 To execute on your remote database, add a --remote flag to your wrangler command.
🚣 5 commands executed successfully.
┌────────────────────────────────────┬────────┐
│ name                               │ status │
├────────────────────────────────────┼────────┤
│ 0001_create_users_and_sessions.sql │ ✅     │
├────────────────────────────────────┼────────┤
│ 0002_create_key_value_entries.sql  │ ✅     │
├────────────────────────────────────┼────────┤
│ 0003_dedupe_values.sql             │ 🕒️    │
├────────────────────────────────────┼────────┤
│ 0004_multipart_blobs.sql           │ 🕒️    │
├────────────────────────────────────┼────────┤
│ 0005_create_collections.sql        │ 🕒️    │
├────────────────────────────────────┼────────┤
│ 0006_add_metadata_and_origin.sql   │ 🕒️    │
├────────────────────────────────────┼────────┤
│ 0007_unique_collection_entries.sql │ 🕒️    │
├────────────────────────────────────┼────────┤
│ 0008_create_youtube_tables.sql     │ 🕒️    │
├────────────────────────────────────┼────────┤
│ 0009_youtube_sync.sql              │ 🕒️    │
├────────────────────────────────────┼────────┤
│ 0010_youtube_optimization.sql      │ 🕒️    │
├────────────────────────────────────┼────────┤
│ 0011_youtube_video_metadata.sql    │ 🕒️    │
└────────────────────────────────────┴────────┘
🌀 Executing on local database DB (b1c3f037-ad29-4440-a670-f2cfdfdb36a3) from ../tmp/miniflare-test-VQChZi/v3/d1:
🌀 To execute on your remote database, add a --remote flag to your wrangler command.
🚣 11 commands executed successfully.
┌────────────────────────────────────┬────────┐
│ name                               │ status │
├────────────────────────────────────┼────────┤
│ 0001_create_users_and_sessions.sql │ ✅     │
├────────────────────────────────────┼────────┤
│ 0002_create_key_value_entries.sql  │ ✅     │
├────────────────────────────────────┼────────┤
│ 0003_dedupe_values.sql             │ ✅     │
├────────────────────────────────────┼────────┤
│ 0004_multipart_blobs.sql           │ 🕒️    │
├────────────────────────────────────┼────────┤
│ 0005_create_collections.sql        │ 🕒️    │
├────────────────────────────────────┼────────┤
│ 0006_add_metadata_and_origin.sql   │ 🕒️    │
├────────────────────────────────────┼────────┤
│ 0007_unique_collection_entries.sql │ 🕒️    │
├────────────────────────────────────┼────────┤
│ 0008_create_youtube_tables.sql     │ 🕒️    │
├────────────────────────────────────┼────────┤
│ 0009_youtube_sync.sql              │ 🕒️    │
├────────────────────────────────────┼────────┤
│ 0010_youtube_optimization.sql      │ 🕒️    │
├────────────────────────────────────┼────────┤
│ 0011_youtube_video_metadata.sql    │ 🕒️    │
└────────────────────────────────────┴────────┘
🌀 Executing on local database DB (b1c3f037-ad29-4440-a670-f2cfdfdb36a3) from ../tmp/miniflare-test-VQChZi/v3/d1:
🌀 To execute on your remote database, add a --remote flag to your wrangler command.
🚣 16 commands executed successfully.
┌────────────────────────────────────┬────────┐
│ name                               │ status │
├────────────────────────────────────┼────────┤
│ 0001_create_users_and_sessions.sql │ ✅     │
├────────────────────────────────────┼────────┤
│ 0002_create_key_value_entries.sql  │ ✅     │
├────────────────────────────────────┼────────┤
│ 0003_dedupe_values.sql             │ ✅     │
├────────────────────────────────────┼────────┤
│ 0004_multipart_blobs.sql           │ ✅     │
├────────────────────────────────────┼────────┤
│ 0005_create_collections.sql        │ 🕒️    │
├────────────────────────────────────┼────────┤
│ 0006_add_metadata_and_origin.sql   │ 🕒️    │
├────────────────────────────────────┼────────┤
│ 0007_unique_collection_entries.sql │ 🕒️    │
├────────────────────────────────────┼────────┤
│ 0008_create_youtube_tables.sql     │ 🕒️    │
├────────────────────────────────────┼────────┤
│ 0009_youtube_sync.sql              │ 🕒️    │
├────────────────────────────────────┼────────┤
│ 0010_youtube_optimization.sql      │ 🕒️    │
├────────────────────────────────────┼────────┤
│ 0011_youtube_video_metadata.sql    │ 🕒️    │
└────────────────────────────────────┴────────┘
🌀 Executing on local database DB (b1c3f037-ad29-4440-a670-f2cfdfdb36a3) from ../tmp/miniflare-test-VQChZi/v3/d1:
🌀 To execute on your remote database, add a --remote flag to your wrangler command.
🚣 6 commands executed successfully.
┌────────────────────────────────────┬────────┐
│ name                               │ status │
├────────────────────────────────────┼────────┤
│ 0001_create_users_and_sessions.sql │ ✅     │
├────────────────────────────────────┼────────┤
│ 0002_create_key_value_entries.sql  │ ✅     │
├────────────────────────────────────┼────────┤
│ 0003_dedupe_values.sql             │ ✅     │
├────────────────────────────────────┼────────┤
│ 0004_multipart_blobs.sql           │ ✅     │
├────────────────────────────────────┼────────┤
│ 0005_create_collections.sql        │ ✅     │
├────────────────────────────────────┼────────┤
│ 0006_add_metadata_and_origin.sql   │ 🕒️    │
├────────────────────────────────────┼────────┤
│ 0007_unique_collection_entries.sql │ 🕒️    │
├────────────────────────────────────┼────────┤
│ 0008_create_youtube_tables.sql     │ 🕒️    │
├────────────────────────────────────┼────────┤
│ 0009_youtube_sync.sql              │ 🕒️    │
├────────────────────────────────────┼────────┤
│ 0010_youtube_optimization.sql      │ 🕒️    │
├────────────────────────────────────┼────────┤
│ 0011_youtube_video_metadata.sql    │ 🕒️    │
└────────────────────────────────────┴────────┘
🌀 Executing on local database DB (b1c3f037-ad29-4440-a670-f2cfdfdb36a3) from ../tmp/miniflare-test-VQChZi/v3/d1:
🌀 To execute on your remote database, add a --remote flag to your wrangler command.
🚣 5 commands executed successfully.
┌────────────────────────────────────┬────────┐
│ name                               │ status │
├────────────────────────────────────┼────────┤
│ 0001_create_users_and_sessions.sql │ ✅     │
├────────────────────────────────────┼────────┤
│ 0002_create_key_value_entries.sql  │ ✅     │
├────────────────────────────────────┼────────┤
│ 0003_dedupe_values.sql             │ ✅     │
├────────────────────────────────────┼────────┤
│ 0004_multipart_blobs.sql           │ ✅     │
├────────────────────────────────────┼────────┤
│ 0005_create_collections.sql        │ ✅     │
├────────────────────────────────────┼────────┤
│ 0006_add_metadata_and_origin.sql   │ ✅     │
├────────────────────────────────────┼────────┤
│ 0007_unique_collection_entries.sql │ 🕒️    │
├────────────────────────────────────┼────────┤
│ 0008_create_youtube_tables.sql     │ 🕒️    │
├────────────────────────────────────┼────────┤
│ 0009_youtube_sync.sql              │ 🕒️    │
├────────────────────────────────────┼────────┤
│ 0010_youtube_optimization.sql      │ 🕒️    │
├────────────────────────────────────┼────────┤
│ 0011_youtube_video_metadata.sql    │ 🕒️    │
└────────────────────────────────────┴────────┘
🌀 Executing on local database DB (b1c3f037-ad29-4440-a670-f2cfdfdb36a3) from ../tmp/miniflare-test-VQChZi/v3/d1:
🌀 To execute on your remote database, add a --remote flag to your wrangler command.
🚣 3 commands executed successfully.
┌────────────────────────────────────┬────────┐
│ name                               │ status │
├────────────────────────────────────┼────────┤
│ 0001_create_users_and_sessions.sql │ ✅     │
├────────────────────────────────────┼────────┤
│ 0002_create_key_value_entries.sql  │ ✅     │
├────────────────────────────────────┼────────┤
│ 0003_dedupe_values.sql             │ ✅     │
├────────────────────────────────────┼────────┤
│ 0004_multipart_blobs.sql           │ ✅     │
├────────────────────────────────────┼────────┤
│ 0005_create_collections.sql        │ ✅     │
├────────────────────────────────────┼────────┤
│ 0006_add_metadata_and_origin.sql   │ ✅     │
├────────────────────────────────────┼────────┤
│ 0007_unique_collection_entries.sql │ ✅     │
├────────────────────────────────────┼────────┤
│ 0008_create_youtube_tables.sql     │ 🕒️    │
├────────────────────────────────────┼────────┤
│ 0009_youtube_sync.sql              │ 🕒️    │
├────────────────────────────────────┼────────┤
│ 0010_youtube_optimization.sql      │ 🕒️    │
├────────────────────────────────────┼────────┤
│ 0011_youtube_video_metadata.sql    │ 🕒️    │
└────────────────────────────────────┴────────┘
🌀 Executing on local database DB (b1c3f037-ad29-4440-a670-f2cfdfdb36a3) from ../tmp/miniflare-test-VQChZi/v3/d1:
🌀 To execute on your remote database, add a --remote flag to your wrangler command.
🚣 3 commands executed successfully.
┌────────────────────────────────────┬────────┐
│ name                               │ status │
├────────────────────────────────────┼────────┤
│ 0001_create_users_and_sessions.sql │ ✅     │
├────────────────────────────────────┼────────┤
│ 0002_create_key_value_entries.sql  │ ✅     │
├────────────────────────────────────┼────────┤
│ 0003_dedupe_values.sql             │ ✅     │
├────────────────────────────────────┼────────┤
│ 0004_multipart_blobs.sql           │ ✅     │
├────────────────────────────────────┼────────┤
│ 0005_create_collections.sql        │ ✅     │
├────────────────────────────────────┼────────┤
│ 0006_add_metadata_and_origin.sql   │ ✅     │
├────────────────────────────────────┼────────┤
│ 0007_unique_collection_entries.sql │ ✅     │
├────────────────────────────────────┼────────┤
│ 0008_create_youtube_tables.sql     │ ✅     │
├────────────────────────────────────┼────────┤
│ 0009_youtube_sync.sql              │ 🕒️    │
├────────────────────────────────────┼────────┤
│ 0010_youtube_optimization.sql      │ 🕒️    │
├────────────────────────────────────┼────────┤
│ 0011_youtube_video_metadata.sql    │ 🕒️    │
└────────────────────────────────────┴────────┘
🌀 Executing on local database DB (b1c3f037-ad29-4440-a670-f2cfdfdb36a3) from ../tmp/miniflare-test-VQChZi/v3/d1:
🌀 To execute on your remote database, add a --remote flag to your wrangler command.
🚣 4 commands executed successfully.
┌────────────────────────────────────┬────────┐
│ name                               │ status │
├────────────────────────────────────┼────────┤
│ 0001_create_users_and_sessions.sql │ ✅     │
├────────────────────────────────────┼────────┤
│ 0002_create_key_value_entries.sql  │ ✅     │
├────────────────────────────────────┼────────┤
│ 0003_dedupe_values.sql             │ ✅     │
├────────────────────────────────────┼────────┤
│ 0004_multipart_blobs.sql           │ ✅     │
├────────────────────────────────────┼────────┤
│ 0005_create_collections.sql        │ ✅     │
├────────────────────────────────────┼────────┤
│ 0006_add_metadata_and_origin.sql   │ ✅     │
├────────────────────────────────────┼────────┤
│ 0007_unique_collection_entries.sql │ ✅     │
├────────────────────────────────────┼────────┤
│ 0008_create_youtube_tables.sql     │ ✅     │
├────────────────────────────────────┼────────┤
│ 0009_youtube_sync.sql              │ ✅     │
├────────────────────────────────────┼────────┤
│ 0010_youtube_optimization.sql      │ 🕒️    │
├────────────────────────────────────┼────────┤
│ 0011_youtube_video_metadata.sql    │ 🕒️    │
└────────────────────────────────────┴────────┘
🌀 Executing on local database DB (b1c3f037-ad29-4440-a670-f2cfdfdb36a3) from ../tmp/miniflare-test-VQChZi/v3/d1:
🌀 To execute on your remote database, add a --remote flag to your wrangler command.
🚣 3 commands executed successfully.
┌────────────────────────────────────┬────────┐
│ name                               │ status │
├────────────────────────────────────┼────────┤
│ 0001_create_users_and_sessions.sql │ ✅     │
├────────────────────────────────────┼────────┤
│ 0002_create_key_value_entries.sql  │ ✅     │
├────────────────────────────────────┼────────┤
│ 0003_dedupe_values.sql             │ ✅     │
├────────────────────────────────────┼────────┤
│ 0004_multipart_blobs.sql           │ ✅     │
├────────────────────────────────────┼────────┤
│ 0005_create_collections.sql        │ ✅     │
├────────────────────────────────────┼────────┤
│ 0006_add_metadata_and_origin.sql   │ ✅     │
├────────────────────────────────────┼────────┤
│ 0007_unique_collection_entries.sql │ ✅     │
├────────────────────────────────────┼────────┤
│ 0008_create_youtube_tables.sql     │ ✅     │
├────────────────────────────────────┼────────┤
│ 0009_youtube_sync.sql              │ ✅     │
├────────────────────────────────────┼────────┤
│ 0010_youtube_optimization.sql      │ ✅     │
├────────────────────────────────────┼────────┤
│ 0011_youtube_video_metadata.sql    │ 🕒️    │
└────────────────────────────────────┴────────┘
🌀 Executing on local database DB (b1c3f037-ad29-4440-a670-f2cfdfdb36a3) from ../tmp/miniflare-test-VQChZi/v3/d1:
🌀 To execute on your remote database, add a --remote flag to your wrangler command.
🚣 22 commands executed successfully.
┌────────────────────────────────────┬────────┐
│ name                               │ status │
├────────────────────────────────────┼────────┤
│ 0001_create_users_and_sessions.sql │ ✅     │
├────────────────────────────────────┼────────┤
│ 0002_create_key_value_entries.sql  │ ✅     │
├────────────────────────────────────┼────────┤
│ 0003_dedupe_values.sql             │ ✅     │
├────────────────────────────────────┼────────┤
│ 0004_multipart_blobs.sql           │ ✅     │
├────────────────────────────────────┼────────┤
│ 0005_create_collections.sql        │ ✅     │
├────────────────────────────────────┼────────┤
│ 0006_add_metadata_and_origin.sql   │ ✅     │
├────────────────────────────────────┼────────┤
│ 0007_unique_collection_entries.sql │ ✅     │
├────────────────────────────────────┼────────┤
│ 0008_create_youtube_tables.sql     │ ✅     │
├────────────────────────────────────┼────────┤
│ 0009_youtube_sync.sql              │ ✅     │
├────────────────────────────────────┼────────┤
│ 0010_youtube_optimization.sql      │ ✅     │
├────────────────────────────────────┼────────┤
│ 0011_youtube_video_metadata.sql    │ ✅     │
└────────────────────────────────────┴────────┘
 ✓ tests/integration/storage_lifecycle.test.ts (2 tests) 8399ms

 ⛅️ wrangler 4.54.0 (update available 4.58.0)
─────────────────────────────────────────────
Resource location: local

Use --remote if you want to access the remote instance.

Migrations to be applied:
┌────────────────────────────────────┐
│ name                               │
├────────────────────────────────────┤
│ 0001_create_users_and_sessions.sql │
├────────────────────────────────────┤
│ 0002_create_key_value_entries.sql  │
├────────────────────────────────────┤
│ 0003_dedupe_values.sql             │
├────────────────────────────────────┤
│ 0004_multipart_blobs.sql           │
├────────────────────────────────────┤
│ 0005_create_collections.sql        │
├────────────────────────────────────┤
│ 0006_add_metadata_and_origin.sql   │
├────────────────────────────────────┤
│ 0007_unique_collection_entries.sql │
├────────────────────────────────────┤
│ 0008_create_youtube_tables.sql     │
├────────────────────────────────────┤
│ 0009_youtube_sync.sql              │
├────────────────────────────────────┤
│ 0010_youtube_optimization.sql      │
├────────────────────────────────────┤
│ 0011_youtube_video_metadata.sql    │
└────────────────────────────────────┘
? About to apply 11 migration(s)
Your database may not be available to serve requests during the migration, continue?
🤖 Using fallback value in non-interactive context: yes
🌀 Executing on local database DB (b1c3f037-ad29-4440-a670-f2cfdfdb36a3) from ../tmp/miniflare-test-OeFZvT/v3/d1:
🌀 To execute on your remote database, add a --remote flag to your wrangler command.
🚣 7 commands executed successfully.
┌────────────────────────────────────┬────────┐
│ name                               │ status │
├────────────────────────────────────┼────────┤
│ 0001_create_users_and_sessions.sql │ ✅     │
├────────────────────────────────────┼────────┤
│ 0002_create_key_value_entries.sql  │ 🕒️    │
├────────────────────────────────────┼────────┤
│ 0003_dedupe_values.sql             │ 🕒️    │
├────────────────────────────────────┼────────┤
│ 0004_multipart_blobs.sql           │ 🕒️    │
├────────────────────────────────────┼────────┤
│ 0005_create_collections.sql        │ 🕒️    │
├────────────────────────────────────┼────────┤
│ 0006_add_metadata_and_origin.sql   │ 🕒️    │
├────────────────────────────────────┼────────┤
│ 0007_unique_collection_entries.sql │ 🕒️    │
├────────────────────────────────────┼────────┤
│ 0008_create_youtube_tables.sql     │ 🕒️    │
├────────────────────────────────────┼────────┤
│ 0009_youtube_sync.sql              │ 🕒️    │
├────────────────────────────────────┼────────┤
│ 0010_youtube_optimization.sql      │ 🕒️    │
├────────────────────────────────────┼────────┤
│ 0011_youtube_video_metadata.sql    │ 🕒️    │
└────────────────────────────────────┴────────┘
🌀 Executing on local database DB (b1c3f037-ad29-4440-a670-f2cfdfdb36a3) from ../tmp/miniflare-test-OeFZvT/v3/d1:
🌀 To execute on your remote database, add a --remote flag to your wrangler command.
🚣 5 commands executed successfully.
┌────────────────────────────────────┬────────┐
│ name                               │ status │
├────────────────────────────────────┼────────┤
│ 0001_create_users_and_sessions.sql │ ✅     │
├────────────────────────────────────┼────────┤
│ 0002_create_key_value_entries.sql  │ ✅     │
├────────────────────────────────────┼────────┤
│ 0003_dedupe_values.sql             │ 🕒️    │
├────────────────────────────────────┼────────┤
│ 0004_multipart_blobs.sql           │ 🕒️    │
├────────────────────────────────────┼────────┤
│ 0005_create_collections.sql        │ 🕒️    │
├────────────────────────────────────┼────────┤
│ 0006_add_metadata_and_origin.sql   │ 🕒️    │
├────────────────────────────────────┼────────┤
│ 0007_unique_collection_entries.sql │ 🕒️    │
├────────────────────────────────────┼────────┤
│ 0008_create_youtube_tables.sql     │ 🕒️    │
├────────────────────────────────────┼────────┤
│ 0009_youtube_sync.sql              │ 🕒️    │
├────────────────────────────────────┼────────┤
│ 0010_youtube_optimization.sql      │ 🕒️    │
├────────────────────────────────────┼────────┤
│ 0011_youtube_video_metadata.sql    │ 🕒️    │
└────────────────────────────────────┴────────┘
🌀 Executing on local database DB (b1c3f037-ad29-4440-a670-f2cfdfdb36a3) from ../tmp/miniflare-test-OeFZvT/v3/d1:
🌀 To execute on your remote database, add a --remote flag to your wrangler command.
🚣 11 commands executed successfully.
┌────────────────────────────────────┬────────┐
│ name                               │ status │
├────────────────────────────────────┼────────┤
│ 0001_create_users_and_sessions.sql │ ✅     │
├────────────────────────────────────┼────────┤
│ 0002_create_key_value_entries.sql  │ ✅     │
├────────────────────────────────────┼────────┤
│ 0003_dedupe_values.sql             │ ✅     │
├────────────────────────────────────┼────────┤
│ 0004_multipart_blobs.sql           │ 🕒️    │
├────────────────────────────────────┼────────┤
│ 0005_create_collections.sql        │ 🕒️    │
├────────────────────────────────────┼────────┤
│ 0006_add_metadata_and_origin.sql   │ 🕒️    │
├────────────────────────────────────┼────────┤
│ 0007_unique_collection_entries.sql │ 🕒️    │
├────────────────────────────────────┼────────┤
│ 0008_create_youtube_tables.sql     │ 🕒️    │
├────────────────────────────────────┼────────┤
│ 0009_youtube_sync.sql              │ 🕒️    │
├────────────────────────────────────┼────────┤
│ 0010_youtube_optimization.sql      │ 🕒️    │
├────────────────────────────────────┼────────┤
│ 0011_youtube_video_metadata.sql    │ 🕒️    │
└────────────────────────────────────┴────────┘
🌀 Executing on local database DB (b1c3f037-ad29-4440-a670-f2cfdfdb36a3) from ../tmp/miniflare-test-OeFZvT/v3/d1:
🌀 To execute on your remote database, add a --remote flag to your wrangler command.
🚣 16 commands executed successfully.
┌────────────────────────────────────┬────────┐
│ name                               │ status │
├────────────────────────────────────┼────────┤
│ 0001_create_users_and_sessions.sql │ ✅     │
├────────────────────────────────────┼────────┤
│ 0002_create_key_value_entries.sql  │ ✅     │
├────────────────────────────────────┼────────┤
│ 0003_dedupe_values.sql             │ ✅     │
├────────────────────────────────────┼────────┤
│ 0004_multipart_blobs.sql           │ ✅     │
├────────────────────────────────────┼────────┤
│ 0005_create_collections.sql        │ 🕒️    │
├────────────────────────────────────┼────────┤
│ 0006_add_metadata_and_origin.sql   │ 🕒️    │
├────────────────────────────────────┼────────┤
│ 0007_unique_collection_entries.sql │ 🕒️    │
├────────────────────────────────────┼────────┤
│ 0008_create_youtube_tables.sql     │ 🕒️    │
├────────────────────────────────────┼────────┤
│ 0009_youtube_sync.sql              │ 🕒️    │
├────────────────────────────────────┼────────┤
│ 0010_youtube_optimization.sql      │ 🕒️    │
├────────────────────────────────────┼────────┤
│ 0011_youtube_video_metadata.sql    │ 🕒️    │
└────────────────────────────────────┴────────┘
🌀 Executing on local database DB (b1c3f037-ad29-4440-a670-f2cfdfdb36a3) from ../tmp/miniflare-test-OeFZvT/v3/d1:
🌀 To execute on your remote database, add a --remote flag to your wrangler command.
🚣 6 commands executed successfully.
┌────────────────────────────────────┬────────┐
│ name                               │ status │
├────────────────────────────────────┼────────┤
│ 0001_create_users_and_sessions.sql │ ✅     │
├────────────────────────────────────┼────────┤
│ 0002_create_key_value_entries.sql  │ ✅     │
├────────────────────────────────────┼────────┤
│ 0003_dedupe_values.sql             │ ✅     │
├────────────────────────────────────┼────────┤
│ 0004_multipart_blobs.sql           │ ✅     │
├────────────────────────────────────┼────────┤
│ 0005_create_collections.sql        │ ✅     │
├────────────────────────────────────┼────────┤
│ 0006_add_metadata_and_origin.sql   │ 🕒️    │
├────────────────────────────────────┼────────┤
│ 0007_unique_collection_entries.sql │ 🕒️    │
├────────────────────────────────────┼────────┤
│ 0008_create_youtube_tables.sql     │ 🕒️    │
├────────────────────────────────────┼────────┤
│ 0009_youtube_sync.sql              │ 🕒️    │
├────────────────────────────────────┼────────┤
│ 0010_youtube_optimization.sql      │ 🕒️    │
├────────────────────────────────────┼────────┤
│ 0011_youtube_video_metadata.sql    │ 🕒️    │
└────────────────────────────────────┴────────┘
🌀 Executing on local database DB (b1c3f037-ad29-4440-a670-f2cfdfdb36a3) from ../tmp/miniflare-test-OeFZvT/v3/d1:
🌀 To execute on your remote database, add a --remote flag to your wrangler command.
🚣 5 commands executed successfully.
┌────────────────────────────────────┬────────┐
│ name                               │ status │
├────────────────────────────────────┼────────┤
│ 0001_create_users_and_sessions.sql │ ✅     │
├────────────────────────────────────┼────────┤
│ 0002_create_key_value_entries.sql  │ ✅     │
├────────────────────────────────────┼────────┤
│ 0003_dedupe_values.sql             │ ✅     │
├────────────────────────────────────┼────────┤
│ 0004_multipart_blobs.sql           │ ✅     │
├────────────────────────────────────┼────────┤
│ 0005_create_collections.sql        │ ✅     │
├────────────────────────────────────┼────────┤
│ 0006_add_metadata_and_origin.sql   │ ✅     │
├────────────────────────────────────┼────────┤
│ 0007_unique_collection_entries.sql │ 🕒️    │
├────────────────────────────────────┼────────┤
│ 0008_create_youtube_tables.sql     │ 🕒️    │
├────────────────────────────────────┼────────┤
│ 0009_youtube_sync.sql              │ 🕒️    │
├────────────────────────────────────┼────────┤
│ 0010_youtube_optimization.sql      │ 🕒️    │
├────────────────────────────────────┼────────┤
│ 0011_youtube_video_metadata.sql    │ 🕒️    │
└────────────────────────────────────┴────────┘
🌀 Executing on local database DB (b1c3f037-ad29-4440-a670-f2cfdfdb36a3) from ../tmp/miniflare-test-OeFZvT/v3/d1:
🌀 To execute on your remote database, add a --remote flag to your wrangler command.
🚣 3 commands executed successfully.
┌────────────────────────────────────┬────────┐
│ name                               │ status │
├────────────────────────────────────┼────────┤
│ 0001_create_users_and_sessions.sql │ ✅     │
├────────────────────────────────────┼────────┤
│ 0002_create_key_value_entries.sql  │ ✅     │
├────────────────────────────────────┼────────┤
│ 0003_dedupe_values.sql             │ ✅     │
├────────────────────────────────────┼────────┤
│ 0004_multipart_blobs.sql           │ ✅     │
├────────────────────────────────────┼────────┤
│ 0005_create_collections.sql        │ ✅     │
├────────────────────────────────────┼────────┤
│ 0006_add_metadata_and_origin.sql   │ ✅     │
├────────────────────────────────────┼────────┤
│ 0007_unique_collection_entries.sql │ ✅     │
├────────────────────────────────────┼────────┤
│ 0008_create_youtube_tables.sql     │ 🕒️    │
├────────────────────────────────────┼────────┤
│ 0009_youtube_sync.sql              │ 🕒️    │
├────────────────────────────────────┼────────┤
│ 0010_youtube_optimization.sql      │ 🕒️    │
├────────────────────────────────────┼────────┤
│ 0011_youtube_video_metadata.sql    │ 🕒️    │
└────────────────────────────────────┴────────┘
🌀 Executing on local database DB (b1c3f037-ad29-4440-a670-f2cfdfdb36a3) from ../tmp/miniflare-test-OeFZvT/v3/d1:
🌀 To execute on your remote database, add a --remote flag to your wrangler command.
🚣 3 commands executed successfully.
┌────────────────────────────────────┬────────┐
│ name                               │ status │
├────────────────────────────────────┼────────┤
│ 0001_create_users_and_sessions.sql │ ✅     │
├────────────────────────────────────┼────────┤
│ 0002_create_key_value_entries.sql  │ ✅     │
├────────────────────────────────────┼────────┤
│ 0003_dedupe_values.sql             │ ✅     │
├────────────────────────────────────┼────────┤
│ 0004_multipart_blobs.sql           │ ✅     │
├────────────────────────────────────┼────────┤
│ 0005_create_collections.sql        │ ✅     │
├────────────────────────────────────┼────────┤
│ 0006_add_metadata_and_origin.sql   │ ✅     │
├────────────────────────────────────┼────────┤
│ 0007_unique_collection_entries.sql │ ✅     │
├────────────────────────────────────┼────────┤
│ 0008_create_youtube_tables.sql     │ ✅     │
├────────────────────────────────────┼────────┤
│ 0009_youtube_sync.sql              │ 🕒️    │
├────────────────────────────────────┼────────┤
│ 0010_youtube_optimization.sql      │ 🕒️    │
├────────────────────────────────────┼────────┤
│ 0011_youtube_video_metadata.sql    │ 🕒️    │
└────────────────────────────────────┴────────┘
🌀 Executing on local database DB (b1c3f037-ad29-4440-a670-f2cfdfdb36a3) from ../tmp/miniflare-test-OeFZvT/v3/d1:
🌀 To execute on your remote database, add a --remote flag to your wrangler command.
🚣 4 commands executed successfully.
┌────────────────────────────────────┬────────┐
│ name                               │ status │
├────────────────────────────────────┼────────┤
│ 0001_create_users_and_sessions.sql │ ✅     │
├────────────────────────────────────┼────────┤
│ 0002_create_key_value_entries.sql  │ ✅     │
├────────────────────────────────────┼────────┤
│ 0003_dedupe_values.sql             │ ✅     │
├────────────────────────────────────┼────────┤
│ 0004_multipart_blobs.sql           │ ✅     │
├────────────────────────────────────┼────────┤
│ 0005_create_collections.sql        │ ✅     │
├────────────────────────────────────┼────────┤
│ 0006_add_metadata_and_origin.sql   │ ✅     │
├────────────────────────────────────┼────────┤
│ 0007_unique_collection_entries.sql │ ✅     │
├────────────────────────────────────┼────────┤
│ 0008_create_youtube_tables.sql     │ ✅     │
├────────────────────────────────────┼────────┤
│ 0009_youtube_sync.sql              │ ✅     │
├────────────────────────────────────┼────────┤
│ 0010_youtube_optimization.sql      │ 🕒️    │
├────────────────────────────────────┼────────┤
│ 0011_youtube_video_metadata.sql    │ 🕒️    │
└────────────────────────────────────┴────────┘
🌀 Executing on local database DB (b1c3f037-ad29-4440-a670-f2cfdfdb36a3) from ../tmp/miniflare-test-OeFZvT/v3/d1:
🌀 To execute on your remote database, add a --remote flag to your wrangler command.
🚣 3 commands executed successfully.
┌────────────────────────────────────┬────────┐
│ name                               │ status │
├────────────────────────────────────┼────────┤
│ 0001_create_users_and_sessions.sql │ ✅     │
├────────────────────────────────────┼────────┤
│ 0002_create_key_value_entries.sql  │ ✅     │
├────────────────────────────────────┼────────┤
│ 0003_dedupe_values.sql             │ ✅     │
├────────────────────────────────────┼────────┤
│ 0004_multipart_blobs.sql           │ ✅     │
├────────────────────────────────────┼────────┤
│ 0005_create_collections.sql        │ ✅     │
├────────────────────────────────────┼────────┤
│ 0006_add_metadata_and_origin.sql   │ ✅     │
├────────────────────────────────────┼────────┤
│ 0007_unique_collection_entries.sql │ ✅     │
├────────────────────────────────────┼────────┤
│ 0008_create_youtube_tables.sql     │ ✅     │
├────────────────────────────────────┼────────┤
│ 0009_youtube_sync.sql              │ ✅     │
├────────────────────────────────────┼────────┤
│ 0010_youtube_optimization.sql      │ ✅     │
├────────────────────────────────────┼────────┤
│ 0011_youtube_video_metadata.sql    │ 🕒️    │
└────────────────────────────────────┴────────┘
🌀 Executing on local database DB (b1c3f037-ad29-4440-a670-f2cfdfdb36a3) from ../tmp/miniflare-test-OeFZvT/v3/d1:
🌀 To execute on your remote database, add a --remote flag to your wrangler command.
🚣 22 commands executed successfully.
┌────────────────────────────────────┬────────┐
│ name                               │ status │
├────────────────────────────────────┼────────┤
│ 0001_create_users_and_sessions.sql │ ✅     │
├────────────────────────────────────┼────────┤
│ 0002_create_key_value_entries.sql  │ ✅     │
├────────────────────────────────────┼────────┤
│ 0003_dedupe_values.sql             │ ✅     │
├────────────────────────────────────┼────────┤
│ 0004_multipart_blobs.sql           │ ✅     │
├────────────────────────────────────┼────────┤
│ 0005_create_collections.sql        │ ✅     │
├────────────────────────────────────┼────────┤
│ 0006_add_metadata_and_origin.sql   │ ✅     │
├────────────────────────────────────┼────────┤
│ 0007_unique_collection_entries.sql │ ✅     │
├────────────────────────────────────┼────────┤
│ 0008_create_youtube_tables.sql     │ ✅     │
├────────────────────────────────────┼────────┤
│ 0009_youtube_sync.sql              │ ✅     │
├────────────────────────────────────┼────────┤
│ 0010_youtube_optimization.sql      │ ✅     │
├────────────────────────────────────┼────────┤
│ 0011_youtube_video_metadata.sql    │ ✅     │
└────────────────────────────────────┴────────┘
 ✓ tests/integration/d1-runtime.test.ts (17 tests) 8682ms

 ⛅️ wrangler 4.54.0 (update available 4.58.0)
─────────────────────────────────────────────
Resource location: local

Use --remote if you want to access the remote instance.

Migrations to be applied:
┌────────────────────────────────────┐
│ name                               │
├────────────────────────────────────┤
│ 0001_create_users_and_sessions.sql │
├────────────────────────────────────┤
│ 0002_create_key_value_entries.sql  │
├────────────────────────────────────┤
│ 0003_dedupe_values.sql             │
├────────────────────────────────────┤
│ 0004_multipart_blobs.sql           │
├────────────────────────────────────┤
│ 0005_create_collections.sql        │
├────────────────────────────────────┤
│ 0006_add_metadata_and_origin.sql   │
├────────────────────────────────────┤
│ 0007_unique_collection_entries.sql │
├────────────────────────────────────┤
│ 0008_create_youtube_tables.sql     │
├────────────────────────────────────┤
│ 0009_youtube_sync.sql              │
├────────────────────────────────────┤
│ 0010_youtube_optimization.sql      │
├────────────────────────────────────┤
│ 0011_youtube_video_metadata.sql    │
└────────────────────────────────────┘
? About to apply 11 migration(s)
Your database may not be available to serve requests during the migration, continue?
🤖 Using fallback value in non-interactive context: yes
🌀 Executing on local database DB (b1c3f037-ad29-4440-a670-f2cfdfdb36a3) from ../tmp/miniflare-test-MeY3KM/v3/d1:
🌀 To execute on your remote database, add a --remote flag to your wrangler command.
🚣 7 commands executed successfully.
┌────────────────────────────────────┬────────┐
│ name                               │ status │
├────────────────────────────────────┼────────┤
│ 0001_create_users_and_sessions.sql │ ✅     │
├────────────────────────────────────┼────────┤
│ 0002_create_key_value_entries.sql  │ 🕒️    │
├────────────────────────────────────┼────────┤
│ 0003_dedupe_values.sql             │ 🕒️    │
├────────────────────────────────────┼────────┤
│ 0004_multipart_blobs.sql           │ 🕒️    │
├────────────────────────────────────┼────────┤
│ 0005_create_collections.sql        │ 🕒️    │
├────────────────────────────────────┼────────┤
│ 0006_add_metadata_and_origin.sql   │ 🕒️    │
├────────────────────────────────────┼────────┤
│ 0007_unique_collection_entries.sql │ 🕒️    │
├────────────────────────────────────┼────────┤
│ 0008_create_youtube_tables.sql     │ 🕒️    │
├────────────────────────────────────┼────────┤
│ 0009_youtube_sync.sql              │ 🕒️    │
├────────────────────────────────────┼────────┤
│ 0010_youtube_optimization.sql      │ 🕒️    │
├────────────────────────────────────┼────────┤
│ 0011_youtube_video_metadata.sql    │ 🕒️    │
└────────────────────────────────────┴────────┘
🌀 Executing on local database DB (b1c3f037-ad29-4440-a670-f2cfdfdb36a3) from ../tmp/miniflare-test-MeY3KM/v3/d1:
🌀 To execute on your remote database, add a --remote flag to your wrangler command.
🚣 5 commands executed successfully.
┌────────────────────────────────────┬────────┐
│ name                               │ status │
├────────────────────────────────────┼────────┤
│ 0001_create_users_and_sessions.sql │ ✅     │
├────────────────────────────────────┼────────┤
│ 0002_create_key_value_entries.sql  │ ✅     │
├────────────────────────────────────┼────────┤
│ 0003_dedupe_values.sql             │ 🕒️    │
├────────────────────────────────────┼────────┤
│ 0004_multipart_blobs.sql           │ 🕒️    │
├────────────────────────────────────┼────────┤
│ 0005_create_collections.sql        │ 🕒️    │
├────────────────────────────────────┼────────┤
│ 0006_add_metadata_and_origin.sql   │ 🕒️    │
├────────────────────────────────────┼────────┤
│ 0007_unique_collection_entries.sql │ 🕒️    │
├────────────────────────────────────┼────────┤
│ 0008_create_youtube_tables.sql     │ 🕒️    │
├────────────────────────────────────┼────────┤
│ 0009_youtube_sync.sql              │ 🕒️    │
├────────────────────────────────────┼────────┤
│ 0010_youtube_optimization.sql      │ 🕒️    │
├────────────────────────────────────┼────────┤
│ 0011_youtube_video_metadata.sql    │ 🕒️    │
└────────────────────────────────────┴────────┘
🌀 Executing on local database DB (b1c3f037-ad29-4440-a670-f2cfdfdb36a3) from ../tmp/miniflare-test-MeY3KM/v3/d1:
🌀 To execute on your remote database, add a --remote flag to your wrangler command.
🚣 11 commands executed successfully.
┌────────────────────────────────────┬────────┐
│ name                               │ status │
├────────────────────────────────────┼────────┤
│ 0001_create_users_and_sessions.sql │ ✅     │
├────────────────────────────────────┼────────┤
│ 0002_create_key_value_entries.sql  │ ✅     │
├────────────────────────────────────┼────────┤
│ 0003_dedupe_values.sql             │ ✅     │
├────────────────────────────────────┼────────┤
│ 0004_multipart_blobs.sql           │ 🕒️    │
├────────────────────────────────────┼────────┤
│ 0005_create_collections.sql        │ 🕒️    │
├────────────────────────────────────┼────────┤
│ 0006_add_metadata_and_origin.sql   │ 🕒️    │
├────────────────────────────────────┼────────┤
│ 0007_unique_collection_entries.sql │ 🕒️    │
├────────────────────────────────────┼────────┤
│ 0008_create_youtube_tables.sql     │ 🕒️    │
├────────────────────────────────────┼────────┤
│ 0009_youtube_sync.sql              │ 🕒️    │
├────────────────────────────────────┼────────┤
│ 0010_youtube_optimization.sql      │ 🕒️    │
├────────────────────────────────────┼────────┤
│ 0011_youtube_video_metadata.sql    │ 🕒️    │
└────────────────────────────────────┴────────┘
🌀 Executing on local database DB (b1c3f037-ad29-4440-a670-f2cfdfdb36a3) from ../tmp/miniflare-test-MeY3KM/v3/d1:
🌀 To execute on your remote database, add a --remote flag to your wrangler command.
🚣 16 commands executed successfully.
┌────────────────────────────────────┬────────┐
│ name                               │ status │
├────────────────────────────────────┼────────┤
│ 0001_create_users_and_sessions.sql │ ✅     │
├────────────────────────────────────┼────────┤
│ 0002_create_key_value_entries.sql  │ ✅     │
├────────────────────────────────────┼────────┤
│ 0003_dedupe_values.sql             │ ✅     │
├────────────────────────────────────┼────────┤
│ 0004_multipart_blobs.sql           │ ✅     │
├────────────────────────────────────┼────────┤
│ 0005_create_collections.sql        │ 🕒️    │
├────────────────────────────────────┼────────┤
│ 0006_add_metadata_and_origin.sql   │ 🕒️    │
├────────────────────────────────────┼────────┤
│ 0007_unique_collection_entries.sql │ 🕒️    │
├────────────────────────────────────┼────────┤
│ 0008_create_youtube_tables.sql     │ 🕒️    │
├────────────────────────────────────┼────────┤
│ 0009_youtube_sync.sql              │ 🕒️    │
├────────────────────────────────────┼────────┤
│ 0010_youtube_optimization.sql      │ 🕒️    │
├────────────────────────────────────┼────────┤
│ 0011_youtube_video_metadata.sql    │ 🕒️    │
└────────────────────────────────────┴────────┘
🌀 Executing on local database DB (b1c3f037-ad29-4440-a670-f2cfdfdb36a3) from ../tmp/miniflare-test-MeY3KM/v3/d1:
🌀 To execute on your remote database, add a --remote flag to your wrangler command.
🚣 6 commands executed successfully.
┌────────────────────────────────────┬────────┐
│ name                               │ status │
├────────────────────────────────────┼────────┤
│ 0001_create_users_and_sessions.sql │ ✅     │
├────────────────────────────────────┼────────┤
│ 0002_create_key_value_entries.sql  │ ✅     │
├────────────────────────────────────┼────────┤
│ 0003_dedupe_values.sql             │ ✅     │
├────────────────────────────────────┼────────┤
│ 0004_multipart_blobs.sql           │ ✅     │
├────────────────────────────────────┼────────┤
│ 0005_create_collections.sql        │ ✅     │
├────────────────────────────────────┼────────┤
│ 0006_add_metadata_and_origin.sql   │ 🕒️    │
├────────────────────────────────────┼────────┤
│ 0007_unique_collection_entries.sql │ 🕒️    │
├────────────────────────────────────┼────────┤
│ 0008_create_youtube_tables.sql     │ 🕒️    │
├────────────────────────────────────┼────────┤
│ 0009_youtube_sync.sql              │ 🕒️    │
├────────────────────────────────────┼────────┤
│ 0010_youtube_optimization.sql      │ 🕒️    │
├────────────────────────────────────┼────────┤
│ 0011_youtube_video_metadata.sql    │ 🕒️    │
└────────────────────────────────────┴────────┘
🌀 Executing on local database DB (b1c3f037-ad29-4440-a670-f2cfdfdb36a3) from ../tmp/miniflare-test-MeY3KM/v3/d1:
🌀 To execute on your remote database, add a --remote flag to your wrangler command.
🚣 5 commands executed successfully.
┌────────────────────────────────────┬────────┐
│ name                               │ status │
├────────────────────────────────────┼────────┤
│ 0001_create_users_and_sessions.sql │ ✅     │
├────────────────────────────────────┼────────┤
│ 0002_create_key_value_entries.sql  │ ✅     │
├────────────────────────────────────┼────────┤
│ 0003_dedupe_values.sql             │ ✅     │
├────────────────────────────────────┼────────┤
│ 0004_multipart_blobs.sql           │ ✅     │
├────────────────────────────────────┼────────┤
│ 0005_create_collections.sql        │ ✅     │
├────────────────────────────────────┼────────┤
│ 0006_add_metadata_and_origin.sql   │ ✅     │
├────────────────────────────────────┼────────┤
│ 0007_unique_collection_entries.sql │ 🕒️    │
├────────────────────────────────────┼────────┤
│ 0008_create_youtube_tables.sql     │ 🕒️    │
├────────────────────────────────────┼────────┤
│ 0009_youtube_sync.sql              │ 🕒️    │
├────────────────────────────────────┼────────┤
│ 0010_youtube_optimization.sql      │ 🕒️    │
├────────────────────────────────────┼────────┤
│ 0011_youtube_video_metadata.sql    │ 🕒️    │
└────────────────────────────────────┴────────┘
🌀 Executing on local database DB (b1c3f037-ad29-4440-a670-f2cfdfdb36a3) from ../tmp/miniflare-test-MeY3KM/v3/d1:
🌀 To execute on your remote database, add a --remote flag to your wrangler command.
🚣 3 commands executed successfully.
┌────────────────────────────────────┬────────┐
│ name                               │ status │
├────────────────────────────────────┼────────┤
│ 0001_create_users_and_sessions.sql │ ✅     │
├────────────────────────────────────┼────────┤
│ 0002_create_key_value_entries.sql  │ ✅     │
├────────────────────────────────────┼────────┤
│ 0003_dedupe_values.sql             │ ✅     │
├────────────────────────────────────┼────────┤
│ 0004_multipart_blobs.sql           │ ✅     │
├────────────────────────────────────┼────────┤
│ 0005_create_collections.sql        │ ✅     │
├────────────────────────────────────┼────────┤
│ 0006_add_metadata_and_origin.sql   │ ✅     │
├────────────────────────────────────┼────────┤
│ 0007_unique_collection_entries.sql │ ✅     │
├────────────────────────────────────┼────────┤
│ 0008_create_youtube_tables.sql     │ 🕒️    │
├────────────────────────────────────┼────────┤
│ 0009_youtube_sync.sql              │ 🕒️    │
├────────────────────────────────────┼────────┤
│ 0010_youtube_optimization.sql      │ 🕒️    │
├────────────────────────────────────┼────────┤
│ 0011_youtube_video_metadata.sql    │ 🕒️    │
└────────────────────────────────────┴────────┘
🌀 Executing on local database DB (b1c3f037-ad29-4440-a670-f2cfdfdb36a3) from ../tmp/miniflare-test-MeY3KM/v3/d1:
🌀 To execute on your remote database, add a --remote flag to your wrangler command.
🚣 3 commands executed successfully.
┌────────────────────────────────────┬────────┐
│ name                               │ status │
├────────────────────────────────────┼────────┤
│ 0001_create_users_and_sessions.sql │ ✅     │
├────────────────────────────────────┼────────┤
│ 0002_create_key_value_entries.sql  │ ✅     │
├────────────────────────────────────┼────────┤
│ 0003_dedupe_values.sql             │ ✅     │
├────────────────────────────────────┼────────┤
│ 0004_multipart_blobs.sql           │ ✅     │
├────────────────────────────────────┼────────┤
│ 0005_create_collections.sql        │ ✅     │
├────────────────────────────────────┼────────┤
│ 0006_add_metadata_and_origin.sql   │ ✅     │
├────────────────────────────────────┼────────┤
│ 0007_unique_collection_entries.sql │ ✅     │
├────────────────────────────────────┼────────┤
│ 0008_create_youtube_tables.sql     │ ✅     │
├────────────────────────────────────┼────────┤
│ 0009_youtube_sync.sql              │ 🕒️    │
├────────────────────────────────────┼────────┤
│ 0010_youtube_optimization.sql      │ 🕒️    │
├────────────────────────────────────┼────────┤
│ 0011_youtube_video_metadata.sql    │ 🕒️    │
└────────────────────────────────────┴────────┘
🌀 Executing on local database DB (b1c3f037-ad29-4440-a670-f2cfdfdb36a3) from ../tmp/miniflare-test-MeY3KM/v3/d1:
🌀 To execute on your remote database, add a --remote flag to your wrangler command.
🚣 4 commands executed successfully.
┌────────────────────────────────────┬────────┐
│ name                               │ status │
├────────────────────────────────────┼────────┤
│ 0001_create_users_and_sessions.sql │ ✅     │
├────────────────────────────────────┼────────┤
│ 0002_create_key_value_entries.sql  │ ✅     │
├────────────────────────────────────┼────────┤
│ 0003_dedupe_values.sql             │ ✅     │
├────────────────────────────────────┼────────┤
│ 0004_multipart_blobs.sql           │ ✅     │
├────────────────────────────────────┼────────┤
│ 0005_create_collections.sql        │ ✅     │
├────────────────────────────────────┼────────┤
│ 0006_add_metadata_and_origin.sql   │ ✅     │
├────────────────────────────────────┼────────┤
│ 0007_unique_collection_entries.sql │ ✅     │
├────────────────────────────────────┼────────┤
│ 0008_create_youtube_tables.sql     │ ✅     │
├────────────────────────────────────┼────────┤
│ 0009_youtube_sync.sql              │ ✅     │
├────────────────────────────────────┼────────┤
│ 0010_youtube_optimization.sql      │ 🕒️    │
├────────────────────────────────────┼────────┤
│ 0011_youtube_video_metadata.sql    │ 🕒️    │
└────────────────────────────────────┴────────┘
🌀 Executing on local database DB (b1c3f037-ad29-4440-a670-f2cfdfdb36a3) from ../tmp/miniflare-test-MeY3KM/v3/d1:
🌀 To execute on your remote database, add a --remote flag to your wrangler command.
🚣 3 commands executed successfully.
┌────────────────────────────────────┬────────┐
│ name                               │ status │
├────────────────────────────────────┼────────┤
│ 0001_create_users_and_sessions.sql │ ✅     │
├────────────────────────────────────┼────────┤
│ 0002_create_key_value_entries.sql  │ ✅     │
├────────────────────────────────────┼────────┤
│ 0003_dedupe_values.sql             │ ✅     │
├────────────────────────────────────┼────────┤
│ 0004_multipart_blobs.sql           │ ✅     │
├────────────────────────────────────┼────────┤
│ 0005_create_collections.sql        │ ✅     │
├────────────────────────────────────┼────────┤
│ 0006_add_metadata_and_origin.sql   │ ✅     │
├────────────────────────────────────┼────────┤
│ 0007_unique_collection_entries.sql │ ✅     │
├────────────────────────────────────┼────────┤
│ 0008_create_youtube_tables.sql     │ ✅     │
├────────────────────────────────────┼────────┤
│ 0009_youtube_sync.sql              │ ✅     │
├────────────────────────────────────┼────────┤
│ 0010_youtube_optimization.sql      │ ✅     │
├────────────────────────────────────┼────────┤
│ 0011_youtube_video_metadata.sql    │ 🕒️    │
└────────────────────────────────────┴────────┘
🌀 Executing on local database DB (b1c3f037-ad29-4440-a670-f2cfdfdb36a3) from ../tmp/miniflare-test-MeY3KM/v3/d1:
🌀 To execute on your remote database, add a --remote flag to your wrangler command.
🚣 22 commands executed successfully.
┌────────────────────────────────────┬────────┐
│ name                               │ status │
├────────────────────────────────────┼────────┤
│ 0001_create_users_and_sessions.sql │ ✅     │
├────────────────────────────────────┼────────┤
│ 0002_create_key_value_entries.sql  │ ✅     │
├────────────────────────────────────┼────────┤
│ 0003_dedupe_values.sql             │ ✅     │
├────────────────────────────────────┼────────┤
│ 0004_multipart_blobs.sql           │ ✅     │
├────────────────────────────────────┼────────┤
│ 0005_create_collections.sql        │ ✅     │
├────────────────────────────────────┼────────┤
│ 0006_add_metadata_and_origin.sql   │ ✅     │
├────────────────────────────────────┼────────┤
│ 0007_unique_collection_entries.sql │ ✅     │
├────────────────────────────────────┼────────┤
│ 0008_create_youtube_tables.sql     │ ✅     │
├────────────────────────────────────┼────────┤
│ 0009_youtube_sync.sql              │ ✅     │
├────────────────────────────────────┼────────┤
│ 0010_youtube_optimization.sql      │ ✅     │
├────────────────────────────────────┼────────┤
│ 0011_youtube_video_metadata.sql    │ ✅     │
└────────────────────────────────────┴────────┘
 ✓ tests/integration/collections.test.ts (6 tests) 8849ms

 ⛅️ wrangler 4.54.0 (update available 4.58.0)
─────────────────────────────────────────────
Resource location: local

Use --remote if you want to access the remote instance.

Migrations to be applied:
┌────────────────────────────────────┐
│ name                               │
├────────────────────────────────────┤
│ 0001_create_users_and_sessions.sql │
├────────────────────────────────────┤
│ 0002_create_key_value_entries.sql  │
├────────────────────────────────────┤
│ 0003_dedupe_values.sql             │
├────────────────────────────────────┤
│ 0004_multipart_blobs.sql           │
├────────────────────────────────────┤
│ 0005_create_collections.sql        │
├────────────────────────────────────┤
│ 0006_add_metadata_and_origin.sql   │
├────────────────────────────────────┤
│ 0007_unique_collection_entries.sql │
├────────────────────────────────────┤
│ 0008_create_youtube_tables.sql     │
├────────────────────────────────────┤
│ 0009_youtube_sync.sql              │
├────────────────────────────────────┤
│ 0010_youtube_optimization.sql      │
├────────────────────────────────────┤
│ 0011_youtube_video_metadata.sql    │
└────────────────────────────────────┘
? About to apply 11 migration(s)
Your database may not be available to serve requests during the migration, continue?
🤖 Using fallback value in non-interactive context: yes
🌀 Executing on local database DB (b1c3f037-ad29-4440-a670-f2cfdfdb36a3) from ../tmp/miniflare-test-naqd01/v3/d1:
🌀 To execute on your remote database, add a --remote flag to your wrangler command.
🚣 7 commands executed successfully.
┌────────────────────────────────────┬────────┐
│ name                               │ status │
├────────────────────────────────────┼────────┤
│ 0001_create_users_and_sessions.sql │ ✅     │
├────────────────────────────────────┼────────┤
│ 0002_create_key_value_entries.sql  │ 🕒️    │
├────────────────────────────────────┼────────┤
│ 0003_dedupe_values.sql             │ 🕒️    │
├────────────────────────────────────┼────────┤
│ 0004_multipart_blobs.sql           │ 🕒️    │
├────────────────────────────────────┼────────┤
│ 0005_create_collections.sql        │ 🕒️    │
├────────────────────────────────────┼────────┤
│ 0006_add_metadata_and_origin.sql   │ 🕒️    │
├────────────────────────────────────┼────────┤
│ 0007_unique_collection_entries.sql │ 🕒️    │
├────────────────────────────────────┼────────┤
│ 0008_create_youtube_tables.sql     │ 🕒️    │
├────────────────────────────────────┼────────┤
│ 0009_youtube_sync.sql              │ 🕒️    │
├────────────────────────────────────┼────────┤
│ 0010_youtube_optimization.sql      │ 🕒️    │
├────────────────────────────────────┼────────┤
│ 0011_youtube_video_metadata.sql    │ 🕒️    │
└────────────────────────────────────┴────────┘
🌀 Executing on local database DB (b1c3f037-ad29-4440-a670-f2cfdfdb36a3) from ../tmp/miniflare-test-naqd01/v3/d1:
🌀 To execute on your remote database, add a --remote flag to your wrangler command.
🚣 5 commands executed successfully.
┌────────────────────────────────────┬────────┐
│ name                               │ status │
├────────────────────────────────────┼────────┤
│ 0001_create_users_and_sessions.sql │ ✅     │
├────────────────────────────────────┼────────┤
│ 0002_create_key_value_entries.sql  │ ✅     │
├────────────────────────────────────┼────────┤
│ 0003_dedupe_values.sql             │ 🕒️    │
├────────────────────────────────────┼────────┤
│ 0004_multipart_blobs.sql           │ 🕒️    │
├────────────────────────────────────┼────────┤
│ 0005_create_collections.sql        │ 🕒️    │
├────────────────────────────────────┼────────┤
│ 0006_add_metadata_and_origin.sql   │ 🕒️    │
├────────────────────────────────────┼────────┤
│ 0007_unique_collection_entries.sql │ 🕒️    │
├────────────────────────────────────┼────────┤
│ 0008_create_youtube_tables.sql     │ 🕒️    │
├────────────────────────────────────┼────────┤
│ 0009_youtube_sync.sql              │ 🕒️    │
├────────────────────────────────────┼────────┤
│ 0010_youtube_optimization.sql      │ 🕒️    │
├────────────────────────────────────┼────────┤
│ 0011_youtube_video_metadata.sql    │ 🕒️    │
└────────────────────────────────────┴────────┘
🌀 Executing on local database DB (b1c3f037-ad29-4440-a670-f2cfdfdb36a3) from ../tmp/miniflare-test-naqd01/v3/d1:
🌀 To execute on your remote database, add a --remote flag to your wrangler command.
🚣 11 commands executed successfully.
┌────────────────────────────────────┬────────┐
│ name                               │ status │
├────────────────────────────────────┼────────┤
│ 0001_create_users_and_sessions.sql │ ✅     │
├────────────────────────────────────┼────────┤
│ 0002_create_key_value_entries.sql  │ ✅     │
├────────────────────────────────────┼────────┤
│ 0003_dedupe_values.sql             │ ✅     │
├────────────────────────────────────┼────────┤
│ 0004_multipart_blobs.sql           │ 🕒️    │
├────────────────────────────────────┼────────┤
│ 0005_create_collections.sql        │ 🕒️    │
├────────────────────────────────────┼────────┤
│ 0006_add_metadata_and_origin.sql   │ 🕒️    │
├────────────────────────────────────┼────────┤
│ 0007_unique_collection_entries.sql │ 🕒️    │
├────────────────────────────────────┼────────┤
│ 0008_create_youtube_tables.sql     │ 🕒️    │
├────────────────────────────────────┼────────┤
│ 0009_youtube_sync.sql              │ 🕒️    │
├────────────────────────────────────┼────────┤
│ 0010_youtube_optimization.sql      │ 🕒️    │
├────────────────────────────────────┼────────┤
│ 0011_youtube_video_metadata.sql    │ 🕒️    │
└────────────────────────────────────┴────────┘
🌀 Executing on local database DB (b1c3f037-ad29-4440-a670-f2cfdfdb36a3) from ../tmp/miniflare-test-naqd01/v3/d1:
🌀 To execute on your remote database, add a --remote flag to your wrangler command.
🚣 16 commands executed successfully.
┌────────────────────────────────────┬────────┐
│ name                               │ status │
├────────────────────────────────────┼────────┤
│ 0001_create_users_and_sessions.sql │ ✅     │
├────────────────────────────────────┼────────┤
│ 0002_create_key_value_entries.sql  │ ✅     │
├────────────────────────────────────┼────────┤
│ 0003_dedupe_values.sql             │ ✅     │
├────────────────────────────────────┼────────┤
│ 0004_multipart_blobs.sql           │ ✅     │
├────────────────────────────────────┼────────┤
│ 0005_create_collections.sql        │ 🕒️    │
├────────────────────────────────────┼────────┤
│ 0006_add_metadata_and_origin.sql   │ 🕒️    │
├────────────────────────────────────┼────────┤
│ 0007_unique_collection_entries.sql │ 🕒️    │
├────────────────────────────────────┼────────┤
│ 0008_create_youtube_tables.sql     │ 🕒️    │
├────────────────────────────────────┼────────┤
│ 0009_youtube_sync.sql              │ 🕒️    │
├────────────────────────────────────┼────────┤
│ 0010_youtube_optimization.sql      │ 🕒️    │
├────────────────────────────────────┼────────┤
│ 0011_youtube_video_metadata.sql    │ 🕒️    │
└────────────────────────────────────┴────────┘
🌀 Executing on local database DB (b1c3f037-ad29-4440-a670-f2cfdfdb36a3) from ../tmp/miniflare-test-naqd01/v3/d1:
🌀 To execute on your remote database, add a --remote flag to your wrangler command.
🚣 6 commands executed successfully.
┌────────────────────────────────────┬────────┐
│ name                               │ status │
├────────────────────────────────────┼────────┤
│ 0001_create_users_and_sessions.sql │ ✅     │
├────────────────────────────────────┼────────┤
│ 0002_create_key_value_entries.sql  │ ✅     │
├────────────────────────────────────┼────────┤
│ 0003_dedupe_values.sql             │ ✅     │
├────────────────────────────────────┼────────┤
│ 0004_multipart_blobs.sql           │ ✅     │
├────────────────────────────────────┼────────┤
│ 0005_create_collections.sql        │ ✅     │
├────────────────────────────────────┼────────┤
│ 0006_add_metadata_and_origin.sql   │ 🕒️    │
├────────────────────────────────────┼────────┤
│ 0007_unique_collection_entries.sql │ 🕒️    │
├────────────────────────────────────┼────────┤
│ 0008_create_youtube_tables.sql     │ 🕒️    │
├────────────────────────────────────┼────────┤
│ 0009_youtube_sync.sql              │ 🕒️    │
├────────────────────────────────────┼────────┤
│ 0010_youtube_optimization.sql      │ 🕒️    │
├────────────────────────────────────┼────────┤
│ 0011_youtube_video_metadata.sql    │ 🕒️    │
└────────────────────────────────────┴────────┘
🌀 Executing on local database DB (b1c3f037-ad29-4440-a670-f2cfdfdb36a3) from ../tmp/miniflare-test-naqd01/v3/d1:
🌀 To execute on your remote database, add a --remote flag to your wrangler command.
🚣 5 commands executed successfully.
┌────────────────────────────────────┬────────┐
│ name                               │ status │
├────────────────────────────────────┼────────┤
│ 0001_create_users_and_sessions.sql │ ✅     │
├────────────────────────────────────┼────────┤
│ 0002_create_key_value_entries.sql  │ ✅     │
├────────────────────────────────────┼────────┤
│ 0003_dedupe_values.sql             │ ✅     │
├────────────────────────────────────┼────────┤
│ 0004_multipart_blobs.sql           │ ✅     │
├────────────────────────────────────┼────────┤
│ 0005_create_collections.sql        │ ✅     │
├────────────────────────────────────┼────────┤
│ 0006_add_metadata_and_origin.sql   │ ✅     │
├────────────────────────────────────┼────────┤
│ 0007_unique_collection_entries.sql │ 🕒️    │
├────────────────────────────────────┼────────┤
│ 0008_create_youtube_tables.sql     │ 🕒️    │
├────────────────────────────────────┼────────┤
│ 0009_youtube_sync.sql              │ 🕒️    │
├────────────────────────────────────┼────────┤
│ 0010_youtube_optimization.sql      │ 🕒️    │
├────────────────────────────────────┼────────┤
│ 0011_youtube_video_metadata.sql    │ 🕒️    │
└────────────────────────────────────┴────────┘
🌀 Executing on local database DB (b1c3f037-ad29-4440-a670-f2cfdfdb36a3) from ../tmp/miniflare-test-naqd01/v3/d1:
🌀 To execute on your remote database, add a --remote flag to your wrangler command.
🚣 3 commands executed successfully.
┌────────────────────────────────────┬────────┐
│ name                               │ status │
├────────────────────────────────────┼────────┤
│ 0001_create_users_and_sessions.sql │ ✅     │
├────────────────────────────────────┼────────┤
│ 0002_create_key_value_entries.sql  │ ✅     │
├────────────────────────────────────┼────────┤
│ 0003_dedupe_values.sql             │ ✅     │
├────────────────────────────────────┼────────┤
│ 0004_multipart_blobs.sql           │ ✅     │
├────────────────────────────────────┼────────┤
│ 0005_create_collections.sql        │ ✅     │
├────────────────────────────────────┼────────┤
│ 0006_add_metadata_and_origin.sql   │ ✅     │
├────────────────────────────────────┼────────┤
│ 0007_unique_collection_entries.sql │ ✅     │
├────────────────────────────────────┼────────┤
│ 0008_create_youtube_tables.sql     │ 🕒️    │
├────────────────────────────────────┼────────┤
│ 0009_youtube_sync.sql              │ 🕒️    │
├────────────────────────────────────┼────────┤
│ 0010_youtube_optimization.sql      │ 🕒️    │
├────────────────────────────────────┼────────┤
│ 0011_youtube_video_metadata.sql    │ 🕒️    │
└────────────────────────────────────┴────────┘
🌀 Executing on local database DB (b1c3f037-ad29-4440-a670-f2cfdfdb36a3) from ../tmp/miniflare-test-naqd01/v3/d1:
🌀 To execute on your remote database, add a --remote flag to your wrangler command.
🚣 3 commands executed successfully.
┌────────────────────────────────────┬────────┐
│ name                               │ status │
├────────────────────────────────────┼────────┤
│ 0001_create_users_and_sessions.sql │ ✅     │
├────────────────────────────────────┼────────┤
│ 0002_create_key_value_entries.sql  │ ✅     │
├────────────────────────────────────┼────────┤
│ 0003_dedupe_values.sql             │ ✅     │
├────────────────────────────────────┼────────┤
│ 0004_multipart_blobs.sql           │ ✅     │
├────────────────────────────────────┼────────┤
│ 0005_create_collections.sql        │ ✅     │
├────────────────────────────────────┼────────┤
│ 0006_add_metadata_and_origin.sql   │ ✅     │
├────────────────────────────────────┼────────┤
│ 0007_unique_collection_entries.sql │ ✅     │
├────────────────────────────────────┼────────┤
│ 0008_create_youtube_tables.sql     │ ✅     │
├────────────────────────────────────┼────────┤
│ 0009_youtube_sync.sql              │ 🕒️    │
├────────────────────────────────────┼────────┤
│ 0010_youtube_optimization.sql      │ 🕒️    │
├────────────────────────────────────┼────────┤
│ 0011_youtube_video_metadata.sql    │ 🕒️    │
└────────────────────────────────────┴────────┘
🌀 Executing on local database DB (b1c3f037-ad29-4440-a670-f2cfdfdb36a3) from ../tmp/miniflare-test-naqd01/v3/d1:
🌀 To execute on your remote database, add a --remote flag to your wrangler command.
🚣 4 commands executed successfully.
┌────────────────────────────────────┬────────┐
│ name                               │ status │
├────────────────────────────────────┼────────┤
│ 0001_create_users_and_sessions.sql │ ✅     │
├────────────────────────────────────┼────────┤
│ 0002_create_key_value_entries.sql  │ ✅     │
├────────────────────────────────────┼────────┤
│ 0003_dedupe_values.sql             │ ✅     │
├────────────────────────────────────┼────────┤
│ 0004_multipart_blobs.sql           │ ✅     │
├────────────────────────────────────┼────────┤
│ 0005_create_collections.sql        │ ✅     │
├────────────────────────────────────┼────────┤
│ 0006_add_metadata_and_origin.sql   │ ✅     │
├────────────────────────────────────┼────────┤
│ 0007_unique_collection_entries.sql │ ✅     │
├────────────────────────────────────┼────────┤
│ 0008_create_youtube_tables.sql     │ ✅     │
├────────────────────────────────────┼────────┤
│ 0009_youtube_sync.sql              │ ✅     │
├────────────────────────────────────┼────────┤
│ 0010_youtube_optimization.sql      │ 🕒️    │
├────────────────────────────────────┼────────┤
│ 0011_youtube_video_metadata.sql    │ 🕒️    │
└────────────────────────────────────┴────────┘
🌀 Executing on local database DB (b1c3f037-ad29-4440-a670-f2cfdfdb36a3) from ../tmp/miniflare-test-naqd01/v3/d1:
🌀 To execute on your remote database, add a --remote flag to your wrangler command.
🚣 3 commands executed successfully.
┌────────────────────────────────────┬────────┐
│ name                               │ status │
├────────────────────────────────────┼────────┤
│ 0001_create_users_and_sessions.sql │ ✅     │
├────────────────────────────────────┼────────┤
│ 0002_create_key_value_entries.sql  │ ✅     │
├────────────────────────────────────┼────────┤
│ 0003_dedupe_values.sql             │ ✅     │
├────────────────────────────────────┼────────┤
│ 0004_multipart_blobs.sql           │ ✅     │
├────────────────────────────────────┼────────┤
│ 0005_create_collections.sql        │ ✅     │
├────────────────────────────────────┼────────┤
│ 0006_add_metadata_and_origin.sql   │ ✅     │
├────────────────────────────────────┼────────┤
│ 0007_unique_collection_entries.sql │ ✅     │
├────────────────────────────────────┼────────┤
│ 0008_create_youtube_tables.sql     │ ✅     │
├────────────────────────────────────┼────────┤
│ 0009_youtube_sync.sql              │ ✅     │
├────────────────────────────────────┼────────┤
│ 0010_youtube_optimization.sql      │ ✅     │
├────────────────────────────────────┼────────┤
│ 0011_youtube_video_metadata.sql    │ 🕒️    │
└────────────────────────────────────┴────────┘
🌀 Executing on local database DB (b1c3f037-ad29-4440-a670-f2cfdfdb36a3) from ../tmp/miniflare-test-naqd01/v3/d1:
🌀 To execute on your remote database, add a --remote flag to your wrangler command.
🚣 22 commands executed successfully.
┌────────────────────────────────────┬────────┐
│ name                               │ status │
├────────────────────────────────────┼────────┤
│ 0001_create_users_and_sessions.sql │ ✅     │
├────────────────────────────────────┼────────┤
│ 0002_create_key_value_entries.sql  │ ✅     │
├────────────────────────────────────┼────────┤
│ 0003_dedupe_values.sql             │ ✅     │
├────────────────────────────────────┼────────┤
│ 0004_multipart_blobs.sql           │ ✅     │
├────────────────────────────────────┼────────┤
│ 0005_create_collections.sql        │ ✅     │
├────────────────────────────────────┼────────┤
│ 0006_add_metadata_and_origin.sql   │ ✅     │
├────────────────────────────────────┼────────┤
│ 0007_unique_collection_entries.sql │ ✅     │
├────────────────────────────────────┼────────┤
│ 0008_create_youtube_tables.sql     │ ✅     │
├────────────────────────────────────┼────────┤
│ 0009_youtube_sync.sql              │ ✅     │
├────────────────────────────────────┼────────┤
│ 0010_youtube_optimization.sql      │ ✅     │
├────────────────────────────────────┼────────┤
│ 0011_youtube_video_metadata.sql    │ ✅     │
└────────────────────────────────────┴────────┘
 ✓ tests/integration/openapi.test.ts (1 test) 8438ms
   ✓ OpenAPI Integration Tests > should serve openapi.json with status 200 and valid content  1385ms

 ⛅️ wrangler 4.54.0 (update available 4.58.0)
─────────────────────────────────────────────
Resource location: local

Use --remote if you want to access the remote instance.

Migrations to be applied:
┌────────────────────────────────────┐
│ name                               │
├────────────────────────────────────┤
│ 0001_create_users_and_sessions.sql │
├────────────────────────────────────┤
│ 0002_create_key_value_entries.sql  │
├────────────────────────────────────┤
│ 0003_dedupe_values.sql             │
├────────────────────────────────────┤
│ 0004_multipart_blobs.sql           │
├────────────────────────────────────┤
│ 0005_create_collections.sql        │
├────────────────────────────────────┤
│ 0006_add_metadata_and_origin.sql   │
├────────────────────────────────────┤
│ 0007_unique_collection_entries.sql │
├────────────────────────────────────┤
│ 0008_create_youtube_tables.sql     │
├────────────────────────────────────┤
│ 0009_youtube_sync.sql              │
├────────────────────────────────────┤
│ 0010_youtube_optimization.sql      │
├────────────────────────────────────┤
│ 0011_youtube_video_metadata.sql    │
└────────────────────────────────────┘
? About to apply 11 migration(s)
Your database may not be available to serve requests during the migration, continue?
🤖 Using fallback value in non-interactive context: yes
🌀 Executing on local database DB (b1c3f037-ad29-4440-a670-f2cfdfdb36a3) from ../tmp/miniflare-test-aKD2KR/v3/d1:
🌀 To execute on your remote database, add a --remote flag to your wrangler command.
🚣 7 commands executed successfully.
┌────────────────────────────────────┬────────┐
│ name                               │ status │
├────────────────────────────────────┼────────┤
│ 0001_create_users_and_sessions.sql │ ✅     │
├────────────────────────────────────┼────────┤
│ 0002_create_key_value_entries.sql  │ 🕒️    │
├────────────────────────────────────┼────────┤
│ 0003_dedupe_values.sql             │ 🕒️    │
├────────────────────────────────────┼────────┤
│ 0004_multipart_blobs.sql           │ 🕒️    │
├────────────────────────────────────┼────────┤
│ 0005_create_collections.sql        │ 🕒️    │
├────────────────────────────────────┼────────┤
│ 0006_add_metadata_and_origin.sql   │ 🕒️    │
├────────────────────────────────────┼────────┤
│ 0007_unique_collection_entries.sql │ 🕒️    │
├────────────────────────────────────┼────────┤
│ 0008_create_youtube_tables.sql     │ 🕒️    │
├────────────────────────────────────┼────────┤
│ 0009_youtube_sync.sql              │ 🕒️    │
├────────────────────────────────────┼────────┤
│ 0010_youtube_optimization.sql      │ 🕒️    │
├────────────────────────────────────┼────────┤
│ 0011_youtube_video_metadata.sql    │ 🕒️    │
└────────────────────────────────────┴────────┘
🌀 Executing on local database DB (b1c3f037-ad29-4440-a670-f2cfdfdb36a3) from ../tmp/miniflare-test-aKD2KR/v3/d1:
🌀 To execute on your remote database, add a --remote flag to your wrangler command.
🚣 5 commands executed successfully.
┌────────────────────────────────────┬────────┐
│ name                               │ status │
├────────────────────────────────────┼────────┤
│ 0001_create_users_and_sessions.sql │ ✅     │
├────────────────────────────────────┼────────┤
│ 0002_create_key_value_entries.sql  │ ✅     │
├────────────────────────────────────┼────────┤
│ 0003_dedupe_values.sql             │ 🕒️    │
├────────────────────────────────────┼────────┤
│ 0004_multipart_blobs.sql           │ 🕒️    │
├────────────────────────────────────┼────────┤
│ 0005_create_collections.sql        │ 🕒️    │
├────────────────────────────────────┼────────┤
│ 0006_add_metadata_and_origin.sql   │ 🕒️    │
├────────────────────────────────────┼────────┤
│ 0007_unique_collection_entries.sql │ 🕒️    │
├────────────────────────────────────┼────────┤
│ 0008_create_youtube_tables.sql     │ 🕒️    │
├────────────────────────────────────┼────────┤
│ 0009_youtube_sync.sql              │ 🕒️    │
├────────────────────────────────────┼────────┤
│ 0010_youtube_optimization.sql      │ 🕒️    │
├────────────────────────────────────┼────────┤
│ 0011_youtube_video_metadata.sql    │ 🕒️    │
└────────────────────────────────────┴────────┘
🌀 Executing on local database DB (b1c3f037-ad29-4440-a670-f2cfdfdb36a3) from ../tmp/miniflare-test-aKD2KR/v3/d1:
🌀 To execute on your remote database, add a --remote flag to your wrangler command.
🚣 11 commands executed successfully.
┌────────────────────────────────────┬────────┐
│ name                               │ status │
├────────────────────────────────────┼────────┤
│ 0001_create_users_and_sessions.sql │ ✅     │
├────────────────────────────────────┼────────┤
│ 0002_create_key_value_entries.sql  │ ✅     │
├────────────────────────────────────┼────────┤
│ 0003_dedupe_values.sql             │ ✅     │
├────────────────────────────────────┼────────┤
│ 0004_multipart_blobs.sql           │ 🕒️    │
├────────────────────────────────────┼────────┤
│ 0005_create_collections.sql        │ 🕒️    │
├────────────────────────────────────┼────────┤
│ 0006_add_metadata_and_origin.sql   │ 🕒️    │
├────────────────────────────────────┼────────┤
│ 0007_unique_collection_entries.sql │ 🕒️    │
├────────────────────────────────────┼────────┤
│ 0008_create_youtube_tables.sql     │ 🕒️    │
├────────────────────────────────────┼────────┤
│ 0009_youtube_sync.sql              │ 🕒️    │
├────────────────────────────────────┼────────┤
│ 0010_youtube_optimization.sql      │ 🕒️    │
├────────────────────────────────────┼────────┤
│ 0011_youtube_video_metadata.sql    │ 🕒️    │
└────────────────────────────────────┴────────┘
🌀 Executing on local database DB (b1c3f037-ad29-4440-a670-f2cfdfdb36a3) from ../tmp/miniflare-test-aKD2KR/v3/d1:
🌀 To execute on your remote database, add a --remote flag to your wrangler command.
🚣 16 commands executed successfully.
┌────────────────────────────────────┬────────┐
│ name                               │ status │
├────────────────────────────────────┼────────┤
│ 0001_create_users_and_sessions.sql │ ✅     │
├────────────────────────────────────┼────────┤
│ 0002_create_key_value_entries.sql  │ ✅     │
├────────────────────────────────────┼────────┤
│ 0003_dedupe_values.sql             │ ✅     │
├────────────────────────────────────┼────────┤
│ 0004_multipart_blobs.sql           │ ✅     │
├────────────────────────────────────┼────────┤
│ 0005_create_collections.sql        │ 🕒️    │
├────────────────────────────────────┼────────┤
│ 0006_add_metadata_and_origin.sql   │ 🕒️    │
├────────────────────────────────────┼────────┤
│ 0007_unique_collection_entries.sql │ 🕒️    │
├────────────────────────────────────┼────────┤
│ 0008_create_youtube_tables.sql     │ 🕒️    │
├────────────────────────────────────┼────────┤
│ 0009_youtube_sync.sql              │ 🕒️    │
├────────────────────────────────────┼────────┤
│ 0010_youtube_optimization.sql      │ 🕒️    │
├────────────────────────────────────┼────────┤
│ 0011_youtube_video_metadata.sql    │ 🕒️    │
└────────────────────────────────────┴────────┘
🌀 Executing on local database DB (b1c3f037-ad29-4440-a670-f2cfdfdb36a3) from ../tmp/miniflare-test-aKD2KR/v3/d1:
🌀 To execute on your remote database, add a --remote flag to your wrangler command.
🚣 6 commands executed successfully.
┌────────────────────────────────────┬────────┐
│ name                               │ status │
├────────────────────────────────────┼────────┤
│ 0001_create_users_and_sessions.sql │ ✅     │
├────────────────────────────────────┼────────┤
│ 0002_create_key_value_entries.sql  │ ✅     │
├────────────────────────────────────┼────────┤
│ 0003_dedupe_values.sql             │ ✅     │
├────────────────────────────────────┼────────┤
│ 0004_multipart_blobs.sql           │ ✅     │
├────────────────────────────────────┼────────┤
│ 0005_create_collections.sql        │ ✅     │
├────────────────────────────────────┼────────┤
│ 0006_add_metadata_and_origin.sql   │ 🕒️    │
├────────────────────────────────────┼────────┤
│ 0007_unique_collection_entries.sql │ 🕒️    │
├────────────────────────────────────┼────────┤
│ 0008_create_youtube_tables.sql     │ 🕒️    │
├────────────────────────────────────┼────────┤
│ 0009_youtube_sync.sql              │ 🕒️    │
├────────────────────────────────────┼────────┤
│ 0010_youtube_optimization.sql      │ 🕒️    │
├────────────────────────────────────┼────────┤
│ 0011_youtube_video_metadata.sql    │ 🕒️    │
└────────────────────────────────────┴────────┘
🌀 Executing on local database DB (b1c3f037-ad29-4440-a670-f2cfdfdb36a3) from ../tmp/miniflare-test-aKD2KR/v3/d1:
🌀 To execute on your remote database, add a --remote flag to your wrangler command.
🚣 5 commands executed successfully.
┌────────────────────────────────────┬────────┐
│ name                               │ status │
├────────────────────────────────────┼────────┤
│ 0001_create_users_and_sessions.sql │ ✅     │
├────────────────────────────────────┼────────┤
│ 0002_create_key_value_entries.sql  │ ✅     │
├────────────────────────────────────┼────────┤
│ 0003_dedupe_values.sql             │ ✅     │
├────────────────────────────────────┼────────┤
│ 0004_multipart_blobs.sql           │ ✅     │
├────────────────────────────────────┼────────┤
│ 0005_create_collections.sql        │ ✅     │
├────────────────────────────────────┼────────┤
│ 0006_add_metadata_and_origin.sql   │ ✅     │
├────────────────────────────────────┼────────┤
│ 0007_unique_collection_entries.sql │ 🕒️    │
├────────────────────────────────────┼────────┤
│ 0008_create_youtube_tables.sql     │ 🕒️    │
├────────────────────────────────────┼────────┤
│ 0009_youtube_sync.sql              │ 🕒️    │
├────────────────────────────────────┼────────┤
│ 0010_youtube_optimization.sql      │ 🕒️    │
├────────────────────────────────────┼────────┤
│ 0011_youtube_video_metadata.sql    │ 🕒️    │
└────────────────────────────────────┴────────┘
🌀 Executing on local database DB (b1c3f037-ad29-4440-a670-f2cfdfdb36a3) from ../tmp/miniflare-test-aKD2KR/v3/d1:
🌀 To execute on your remote database, add a --remote flag to your wrangler command.
🚣 3 commands executed successfully.
┌────────────────────────────────────┬────────┐
│ name                               │ status │
├────────────────────────────────────┼────────┤
│ 0001_create_users_and_sessions.sql │ ✅     │
├────────────────────────────────────┼────────┤
│ 0002_create_key_value_entries.sql  │ ✅     │
├────────────────────────────────────┼────────┤
│ 0003_dedupe_values.sql             │ ✅     │
├────────────────────────────────────┼────────┤
│ 0004_multipart_blobs.sql           │ ✅     │
├────────────────────────────────────┼────────┤
│ 0005_create_collections.sql        │ ✅     │
├────────────────────────────────────┼────────┤
│ 0006_add_metadata_and_origin.sql   │ ✅     │
├────────────────────────────────────┼────────┤
│ 0007_unique_collection_entries.sql │ ✅     │
├────────────────────────────────────┼────────┤
│ 0008_create_youtube_tables.sql     │ 🕒️    │
├────────────────────────────────────┼────────┤
│ 0009_youtube_sync.sql              │ 🕒️    │
├────────────────────────────────────┼────────┤
│ 0010_youtube_optimization.sql      │ 🕒️    │
├────────────────────────────────────┼────────┤
│ 0011_youtube_video_metadata.sql    │ 🕒️    │
└────────────────────────────────────┴────────┘
🌀 Executing on local database DB (b1c3f037-ad29-4440-a670-f2cfdfdb36a3) from ../tmp/miniflare-test-aKD2KR/v3/d1:
🌀 To execute on your remote database, add a --remote flag to your wrangler command.
🚣 3 commands executed successfully.
┌────────────────────────────────────┬────────┐
│ name                               │ status │
├────────────────────────────────────┼────────┤
│ 0001_create_users_and_sessions.sql │ ✅     │
├────────────────────────────────────┼────────┤
│ 0002_create_key_value_entries.sql  │ ✅     │
├────────────────────────────────────┼────────┤
│ 0003_dedupe_values.sql             │ ✅     │
├────────────────────────────────────┼────────┤
│ 0004_multipart_blobs.sql           │ ✅     │
├────────────────────────────────────┼────────┤
│ 0005_create_collections.sql        │ ✅     │
├────────────────────────────────────┼────────┤
│ 0006_add_metadata_and_origin.sql   │ ✅     │
├────────────────────────────────────┼────────┤
│ 0007_unique_collection_entries.sql │ ✅     │
├────────────────────────────────────┼────────┤
│ 0008_create_youtube_tables.sql     │ ✅     │
├────────────────────────────────────┼────────┤
│ 0009_youtube_sync.sql              │ 🕒️    │
├────────────────────────────────────┼────────┤
│ 0010_youtube_optimization.sql      │ 🕒️    │
├────────────────────────────────────┼────────┤
│ 0011_youtube_video_metadata.sql    │ 🕒️    │
└────────────────────────────────────┴────────┘
🌀 Executing on local database DB (b1c3f037-ad29-4440-a670-f2cfdfdb36a3) from ../tmp/miniflare-test-aKD2KR/v3/d1:
🌀 To execute on your remote database, add a --remote flag to your wrangler command.
🚣 4 commands executed successfully.
┌────────────────────────────────────┬────────┐
│ name                               │ status │
├────────────────────────────────────┼────────┤
│ 0001_create_users_and_sessions.sql │ ✅     │
├────────────────────────────────────┼────────┤
│ 0002_create_key_value_entries.sql  │ ✅     │
├────────────────────────────────────┼────────┤
│ 0003_dedupe_values.sql             │ ✅     │
├────────────────────────────────────┼────────┤
│ 0004_multipart_blobs.sql           │ ✅     │
├────────────────────────────────────┼────────┤
│ 0005_create_collections.sql        │ ✅     │
├────────────────────────────────────┼────────┤
│ 0006_add_metadata_and_origin.sql   │ ✅     │
├────────────────────────────────────┼────────┤
│ 0007_unique_collection_entries.sql │ ✅     │
├────────────────────────────────────┼────────┤
│ 0008_create_youtube_tables.sql     │ ✅     │
├────────────────────────────────────┼────────┤
│ 0009_youtube_sync.sql              │ ✅     │
├────────────────────────────────────┼────────┤
│ 0010_youtube_optimization.sql      │ 🕒️    │
├────────────────────────────────────┼────────┤
│ 0011_youtube_video_metadata.sql    │ 🕒️    │
└────────────────────────────────────┴────────┘
🌀 Executing on local database DB (b1c3f037-ad29-4440-a670-f2cfdfdb36a3) from ../tmp/miniflare-test-aKD2KR/v3/d1:
🌀 To execute on your remote database, add a --remote flag to your wrangler command.
🚣 3 commands executed successfully.
┌────────────────────────────────────┬────────┐
│ name                               │ status │
├────────────────────────────────────┼────────┤
│ 0001_create_users_and_sessions.sql │ ✅     │
├────────────────────────────────────┼────────┤
│ 0002_create_key_value_entries.sql  │ ✅     │
├────────────────────────────────────┼────────┤
│ 0003_dedupe_values.sql             │ ✅     │
├────────────────────────────────────┼────────┤
│ 0004_multipart_blobs.sql           │ ✅     │
├────────────────────────────────────┼────────┤
│ 0005_create_collections.sql        │ ✅     │
├────────────────────────────────────┼────────┤
│ 0006_add_metadata_and_origin.sql   │ ✅     │
├────────────────────────────────────┼────────┤
│ 0007_unique_collection_entries.sql │ ✅     │
├────────────────────────────────────┼────────┤
│ 0008_create_youtube_tables.sql     │ ✅     │
├────────────────────────────────────┼────────┤
│ 0009_youtube_sync.sql              │ ✅     │
├────────────────────────────────────┼────────┤
│ 0010_youtube_optimization.sql      │ ✅     │
├────────────────────────────────────┼────────┤
│ 0011_youtube_video_metadata.sql    │ 🕒️    │
└────────────────────────────────────┴────────┘
🌀 Executing on local database DB (b1c3f037-ad29-4440-a670-f2cfdfdb36a3) from ../tmp/miniflare-test-aKD2KR/v3/d1:
🌀 To execute on your remote database, add a --remote flag to your wrangler command.
🚣 22 commands executed successfully.
┌────────────────────────────────────┬────────┐
│ name                               │ status │
├────────────────────────────────────┼────────┤
│ 0001_create_users_and_sessions.sql │ ✅     │
├────────────────────────────────────┼────────┤
│ 0002_create_key_value_entries.sql  │ ✅     │
├────────────────────────────────────┼────────┤
│ 0003_dedupe_values.sql             │ ✅     │
├────────────────────────────────────┼────────┤
│ 0004_multipart_blobs.sql           │ ✅     │
├────────────────────────────────────┼────────┤
│ 0005_create_collections.sql        │ ✅     │
├────────────────────────────────────┼────────┤
│ 0006_add_metadata_and_origin.sql   │ ✅     │
├────────────────────────────────────┼────────┤
│ 0007_unique_collection_entries.sql │ ✅     │
├────────────────────────────────────┼────────┤
│ 0008_create_youtube_tables.sql     │ ✅     │
├────────────────────────────────────┼────────┤
│ 0009_youtube_sync.sql              │ ✅     │
├────────────────────────────────────┼────────┤
│ 0010_youtube_optimization.sql      │ ✅     │
├────────────────────────────────────┼────────┤
│ 0011_youtube_video_metadata.sql    │ ✅     │
└────────────────────────────────────┴────────┘
 ✓ tests/integration/migrations.test.ts (8 tests) 6711ms

 Test Files  17 passed (17)
      Tests  102 passed (102)
   Start at  11:25:11
   Duration  223.35s (transform 350ms, setup 0ms, collect 9.05s, tests 209.08s, environment 6ms, prepare 1.76s)
